Archive member included to satisfy reference by file (symbol)

C:/nolibgs_hello_worlds/psyq/lib\libapi.a(c57.o)
                              game.o (InitHeap)
C:/nolibgs_hello_worlds/psyq/lib\libc.a(c47.o)
                              game.o (rand)
C:/nolibgs_hello_worlds/psyq/lib\libc.a(c48.o)
                              game.o (srand)
C:/nolibgs_hello_worlds/psyq/lib\libc.a(c51.o)
                              game.o (malloc)
C:/nolibgs_hello_worlds/psyq/lib\libc.a(c52.o)
                              game.o (free)
C:/nolibgs_hello_worlds/psyq/lib\libetc.a(intr.o)
                              game.o (ResetCallback)
C:/nolibgs_hello_worlds/psyq/lib\libetc.a(intr_dma.o)
                              C:/nolibgs_hello_worlds/psyq/lib\libetc.a(intr.o) (startIntrDMA)
C:/nolibgs_hello_worlds/psyq/lib\libetc.a(intr_vb.o)
                              C:/nolibgs_hello_worlds/psyq/lib\libetc.a(intr.o) (startIntrVSync)
C:/nolibgs_hello_worlds/psyq/lib\libetc.a(pad.o)
                              game.o (PadRead)
C:/nolibgs_hello_worlds/psyq/lib\libetc.a(vsync.o)
                              game.o (VSync)
C:/nolibgs_hello_worlds/psyq/lib\libgpu.a(e03.o)
                              game.o (SetDefDrawEnv)
C:/nolibgs_hello_worlds/psyq/lib\libgpu.a(e04.o)
                              game.o (SetDefDispEnv)
C:/nolibgs_hello_worlds/psyq/lib\libgpu.a(font.o)
                              game.o (FntFlush)
C:/nolibgs_hello_worlds/psyq/lib\libgpu.a(p06.o)
                              C:/nolibgs_hello_worlds/psyq/lib\libgpu.a(font.o) (AddPrim)
C:/nolibgs_hello_worlds/psyq/lib\libgpu.a(p09.o)
                              C:/nolibgs_hello_worlds/psyq/lib\libgpu.a(font.o) (TermPrim)
C:/nolibgs_hello_worlds/psyq/lib\libgpu.a(p10.o)
                              C:/nolibgs_hello_worlds/psyq/lib\libgpu.a(font.o) (SetSemiTrans)
C:/nolibgs_hello_worlds/psyq/lib\libgpu.a(p20.o)
                              C:/nolibgs_hello_worlds/psyq/lib\libgpu.a(font.o) (SetSprt8)
C:/nolibgs_hello_worlds/psyq/lib\libgpu.a(p26.o)
                              C:/nolibgs_hello_worlds/psyq/lib\libgpu.a(font.o) (SetTile)
C:/nolibgs_hello_worlds/psyq/lib\libgpu.a(p41.o)
                              C:/nolibgs_hello_worlds/psyq/lib\libgpu.a(font.o) (SetDrawMode)
C:/nolibgs_hello_worlds/psyq/lib\libgpu.a(sys.o)
                              game.o (ClearImage2)
C:/nolibgs_hello_worlds/psyq/lib\libgpu.a(t00.o)
                              game.o (ReadTIM)
C:/nolibgs_hello_worlds/psyq/lib\libgpu.a(e00.o)
                              C:/nolibgs_hello_worlds/psyq/lib\libgpu.a(font.o) (LoadTPage)
C:/nolibgs_hello_worlds/psyq/lib\libgpu.a(e02.o)
                              C:/nolibgs_hello_worlds/psyq/lib\libgpu.a(font.o) (LoadClut2)
C:/nolibgs_hello_worlds/psyq/lib\libgpu.a(p00.o)
                              C:/nolibgs_hello_worlds/psyq/lib\libgpu.a(e00.o) (GetTPage)
C:/nolibgs_hello_worlds/psyq/lib\libgpu.a(p01.o)
                              C:/nolibgs_hello_worlds/psyq/lib\libgpu.a(e02.o) (GetClut)
C:/nolibgs_hello_worlds/psyq/lib\libgte.a(cmb_00.o)
                              game.o (RotTransPers4)
C:/nolibgs_hello_worlds/psyq/lib\libgte.a(fgo_01.o)
                              game.o (RotMatrix)
C:/nolibgs_hello_worlds/psyq/lib\libgte.a(msc00.o)
                              game.o (InitGeom)
C:/nolibgs_hello_worlds/psyq/lib\libgte.a(mtx_07.o)
                              game.o (TransMatrix)
C:/nolibgs_hello_worlds/psyq/lib\libgte.a(mtx_08.o)
                              game.o (ScaleMatrix)
C:/nolibgs_hello_worlds/psyq/lib\libgte.a(mtx_09.o)
                              game.o (SetRotMatrix)
C:/nolibgs_hello_worlds/psyq/lib\libgte.a(mtx_12.o)
                              game.o (SetTransMatrix)
C:/nolibgs_hello_worlds/psyq/lib\libgte.a(patchgte.o)
                              C:/nolibgs_hello_worlds/psyq/lib\libgte.a(msc00.o) (_patch_gte)
C:/nolibgs_hello_worlds/psyq/lib\libgte.a(reg12.o)
                              game.o (SetGeomOffset)
C:/nolibgs_hello_worlds/psyq/lib\libgte.a(reg13.o)
                              game.o (SetGeomScreen)
C:/nolibgs_hello_worlds/psyq/lib\libgte.a(cstbl.o)
                              C:/nolibgs_hello_worlds/psyq/lib\libgte.a(fgo_01.o) (rcossin_tbl)
C:/nolibgs_hello_worlds/psyq/lib\libspu.a(s_i.o)
                              game.o (SpuInit)
C:/nolibgs_hello_worlds/psyq/lib\libspu.a(s_ini.o)
                              C:/nolibgs_hello_worlds/psyq/lib\libspu.a(s_i.o) (_SpuInit)
C:/nolibgs_hello_worlds/psyq/lib\libspu.a(s_itc.o)
                              game.o (SpuIsTransferCompleted)
C:/nolibgs_hello_worlds/psyq/lib\libspu.a(s_m.o)
                              C:/nolibgs_hello_worlds/psyq/lib\libspu.a(s_ini.o) (_spu_memList)
C:/nolibgs_hello_worlds/psyq/lib\libspu.a(s_m_init.o)
                              game.o (SpuInitMalloc)
C:/nolibgs_hello_worlds/psyq/lib\libspu.a(s_m_m.o)
                              game.o (SpuMalloc)
[...]
Memory Configuration

Name             Origin             Length             Attributes
loader           0x000000008000f800 0x0000000000000800
ram              0x0000000080010000 0x00000000001f0000 xrw
dcache           0x000000001f800000 0x0000000000000400
*default*        0x0000000000000000 0xffffffffffffffff

Linker script and memory map

LOAD game.o
LOAD tim/officeLEFT.o
LOAD tim/officeLEFTlight.o
LOAD tim/officeLEFTnolight.o
LOAD tim/officeLEFTlightbonnie.o
LOAD tim/officeMIDDLE.o
LOAD tim/officeMIDDLEnolight.o
LOAD tim/officeRIGHT.o
LOAD tim/officeRIGHTlight.o
LOAD tim/officeRIGHTlightchica.o
LOAD tim/officeRIGHTnolight.o
LOAD tim/CAMERAMONITOR.o
LOAD tim/freddysneak.o
LOAD tim/FAM.o
LOAD tim/load.o
LOAD tim/SAM.o
LOAD tim/AM.o
LOAD tim/fnt.o
LOAD tim/GJFIV.o
LOAD tim/GJSEV.o
LOAD tim/GJSIX.o
LOAD tim/doors.o
LOAD tim/jumpC.o
LOAD tim/jumpC2.o
LOAD tim/jumpC3.o
LOAD tim/jumpB.o
LOAD tim/jumpB2.o
LOAD tim/jumpB3.o
LOAD tim/jumpF.o
LOAD tim/jumpF2.o
LOAD tim/jumpF3.o
LOAD tim/jumpF20.o
LOAD tim/jumpF21.o
LOAD tim/jumpF22.o
LOAD tim/jumpF24.o
LOAD tim/jumpF25.o
LOAD tim/jumpFO.o
LOAD tim/jumpFO2.o
LOAD tim/jumpFO3.o
LOAD tim/static1.o
LOAD tim/itsme.o
LOAD tim/rect.o
LOAD vag/Door.o
LOAD vag/light.o
LOAD vag/Monitor.o
LOAD vag/officesound.o
LOAD vag/click.o
LOAD vag/noisedoor.o
LOAD vag/screamer.o
LOAD vag/honk.o
LOAD vag/Footstep.o
LOAD vag/knock.o
LOAD vag/footstepfoxy.o
LOAD vag/lightout.o
LOAD vag/jamlight.o
LOAD vag/footstep2.o
LOAD C:/nolibgs_hello_worlds/thirdparty/nugget/common/crt0/crt0.o
LOAD C:/nolibgs_hello_worlds/thirdparty/nugget/common/syscalls/printf.o
START GROUP
LOAD C:/nolibgs_hello_worlds/psyq/lib\libapi.a
LOAD C:/nolibgs_hello_worlds/psyq/lib\libc.a
LOAD C:/nolibgs_hello_worlds/psyq/lib\libc2.a
LOAD C:/nolibgs_hello_worlds/psyq/lib\libcard.a
LOAD C:/nolibgs_hello_worlds/psyq/lib\libcomb.a
LOAD C:/nolibgs_hello_worlds/psyq/lib\libds.a
LOAD C:/nolibgs_hello_worlds/psyq/lib\libetc.a
LOAD C:/nolibgs_hello_worlds/psyq/lib\libgpu.a
LOAD C:/nolibgs_hello_worlds/psyq/lib\libgs.a
LOAD C:/nolibgs_hello_worlds/psyq/lib\libgte.a
LOAD C:/nolibgs_hello_worlds/psyq/lib\libgun.a
LOAD C:/nolibgs_hello_worlds/psyq/lib\libhmd.a
LOAD C:/nolibgs_hello_worlds/psyq/lib\libmath.a
LOAD C:/nolibgs_hello_worlds/psyq/lib\libmcrd.a
LOAD C:/nolibgs_hello_worlds/psyq/lib\libmcx.a
LOAD C:/nolibgs_hello_worlds/psyq/lib\libpad.a
LOAD C:/nolibgs_hello_worlds/psyq/lib\libpress.a
LOAD C:/nolibgs_hello_worlds/psyq/lib\libsio.a
LOAD C:/nolibgs_hello_worlds/psyq/lib\libsnd.a
LOAD C:/nolibgs_hello_worlds/psyq/lib\libspu.a
LOAD C:/nolibgs_hello_worlds/psyq/lib\libtap.a
LOAD C:/nolibgs_hello_worlds/psyq/lib\libcd.a
END GROUP
                0x00000000801fd790                __heap_base = __bss_end
                0x0000000080010000                TLOAD_ADDR = DEFINED (TLOAD_ADDR)?TLOAD_ADDR:0x80010000
                0x0000000080200000                __ram_top = (ORIGIN (ram) + LENGTH (ram))
                0x00000000801fff00                __sp = (__ram_top - 0x100)
                0x000000001f800000                __dcache = ORIGIN (dcache)
                0x000000001f800400                __dcache_top = (ORIGIN (dcache) + LENGTH (dcache))
                0x0000000000058f90                __bss_len = (__bss_end - __bss_start)
                0x0000000000018150                __ftext_len = (__ftext_end - __ftext_start)
                0x000000000017c6b0                __fdata_len = (__fdata_end - __fdata_start)
                0x0000000080200000                __stack_start = (ORIGIN (ram) + LENGTH (ram))

.PSX_EXE_Header
                0x000000008000f800      0x800
                0x000000008000f800        0x1 BYTE 0x50
                0x000000008000f801        0x1 BYTE 0x53
                0x000000008000f802        0x1 BYTE 0x2d
                0x000000008000f803        0x1 BYTE 0x58
                0x000000008000f804        0x1 BYTE 0x20
                0x000000008000f805        0x1 BYTE 0x45
                0x000000008000f806        0x1 BYTE 0x58
                0x000000008000f807        0x1 BYTE 0x45
                0x000000008000f808        0x4 LONG 0x0
                0x000000008000f80c        0x4 LONG 0x0
                0x000000008000f810        0x4 LONG 0x80010000 ABSOLUTE (_start)
                0x000000008000f814        0x4 LONG 0x0
                0x000000008000f818        0x4 LONG 0x80010000 TLOAD_ADDR
                0x000000008000f81c        0x4 LONG 0x194800 (__ftext_len + __fdata_len)
                0x000000008000f820        0x4 LONG 0x0
                0x000000008000f824        0x4 LONG 0x0
                0x000000008000f828        0x4 LONG 0x0
                0x000000008000f82c        0x4 LONG 0x0
                0x000000008000f830        0x4 LONG 0x801fff00 DEFINED (_sp)?ABSOLUTE (_sp):0x801fff00
                0x000000008000f834        0x4 LONG 0x0
                0x0000000080010000                . = (. + 0x7c8)
 *fill*         0x000000008000f838      0x7c8 
                0x0000000080010000                __ftext_start = ABSOLUTE (.)

.text           0x0000000080010000    0x18150
 *(.start)
 .start         0x0000000080010000       0x64 C:/nolibgs_hello_worlds/thirdparty/nugget/common/crt0/crt0.o
                0x0000000080010000                _start
 *(.init)
 *(SORT_NONE(.fini))
 *(.text.unlikely .text.*_unlikely .text.unlikely.*)
 *(.text.exit .text.exit.*)
 *(.text.startup .text.startup.*)
 .text.startup.main
                0x0000000080010064     0x5440 game.o
                0x0000000080010064                main
 *(.text.hot .text.hot.*)
 *(.text .stub .text.* .gnu.linkonce.t.*)
 .text.Ran      0x00000000800154a4       0x50 game.o
                0x00000000800154a4                Ran
 .text.clearVRAMMenu
                0x00000000800154f4       0x48 game.o
                0x00000000800154f4                clearVRAMMenu
 .text.clearVRAM
                0x000000008001553c       0x68 game.o
                0x000000008001553c                clearVRAM
 .text.makepoly
                0x00000000800155a4     0x23b4 game.o
                0x00000000800155a4                makepoly
 .text.cameraloc
                0x0000000080017958     0x1328 game.o
                0x0000000080017958                cameraloc
 .text.LoadTexture
                0x0000000080018c80       0x7c game.o
                0x0000000080018c80                LoadTexture
 .text.init     0x0000000080018cfc      0x140 game.o
                0x0000000080018cfc                init
 .text.display  0x0000000080018e3c       0xb0 game.o
                0x0000000080018e3c                display
 .text.initSnd  0x0000000080018eec       0x64 game.o
                0x0000000080018eec                initSnd
 .text.spuSetup
                0x0000000080018f50       0x50 game.o
                0x0000000080018f50                spuSetup
 .text.XAsetup  0x0000000080018fa0       0x3c game.o
                0x0000000080018fa0                XAsetup
 .text.sendVAGtoSPU
                0x0000000080018fdc       0x50 game.o
                0x0000000080018fdc                sendVAGtoSPU
 .text.setVoiceAttr
                0x000000008001902c      0x13c game.o
                0x000000008001902c                setVoiceAttr
 .text.setSPUtransfer
                0x0000000080019168      0x100 game.o
                0x0000000080019168                setSPUtransfer
 .text.chargeNtimeFunc
                0x0000000080019268      0x178 game.o
                0x0000000080019268                chargeNtimeFunc
 .text.resetgame
                0x00000000800193e0      0x2fc game.o
                0x00000000800193e0                resetgame
 .text.print    0x00000000800196dc      0x31c game.o
                0x00000000800196dc                print
 .text.printNightInfo
                0x00000000800199f8      0x194 game.o
                0x00000000800199f8                printNightInfo
 .text.menuselectionfunc
                0x0000000080019b8c     0x13e4 game.o
                0x0000000080019b8c                menuselectionfunc
 .text.menuPrint
                0x000000008001af70      0x9bc game.o
                0x000000008001af70                menuPrint
 .text.gameoverprint
                0x000000008001b92c       0x50 game.o
                0x000000008001b92c                gameoverprint
 .text.LightFunc
                0x000000008001b97c      0x20c game.o
                0x000000008001b97c                LightFunc
 .text.animatronicFunc
                0x000000008001bb88      0xb20 game.o
                0x000000008001bb88                animatronicFunc
 .text.doorFuncX
                0x000000008001c6a8      0x104 game.o
                0x000000008001c6a8                doorFuncX
 .text.CameraFunc
                0x000000008001c7ac      0x144 game.o
                0x000000008001c7ac                CameraFunc
 .text.controllerinput
                0x000000008001c8f0      0x2dc game.o
                0x000000008001c8f0                controllerinput
 .text.screamer
                0x000000008001cbcc      0x47c game.o
                0x000000008001cbcc                screamer
 .text.lightsout
                0x000000008001d048       0xb0 game.o
                0x000000008001d048                lightsout
 .text.gamevictory
                0x000000008001d0f8      0x178 game.o
                0x000000008001d0f8                gamevictory
 .text          0x000000008001d270       0x10 C:/nolibgs_hello_worlds/psyq/lib\libapi.a(c57.o)
                0x000000008001d270                InitHeap
 .text          0x000000008001d280       0x10 C:/nolibgs_hello_worlds/psyq/lib\libc.a(c47.o)
                0x000000008001d280                rand
 .text          0x000000008001d290       0x10 C:/nolibgs_hello_worlds/psyq/lib\libc.a(c48.o)
                0x000000008001d290                srand
 .text          0x000000008001d2a0       0x10 C:/nolibgs_hello_worlds/psyq/lib\libc.a(c51.o)
                0x000000008001d2a0                malloc
 .text          0x000000008001d2b0       0x10 C:/nolibgs_hello_worlds/psyq/lib\libc.a(c52.o)
                0x000000008001d2b0                free
 .text          0x000000008001d2c0      0x6c0 C:/nolibgs_hello_worlds/psyq/lib\libetc.a(intr.o)
                0x000000008001d2c0                ResetCallback
                0x000000008001d2f0                InterruptCallback
                0x000000008001d320                DMACallback
                0x000000008001d350                VSyncCallback
                0x000000008001d384                VSyncCallbacks
                0x000000008001d3b4                StopCallback
                0x000000008001d3e4                RestartCallback
                0x000000008001d414                CheckCallback
                0x000000008001d424                GetIntrMask
                0x000000008001d43c                SetIntrMask
 .text          0x000000008001d980      0x2a0 C:/nolibgs_hello_worlds/psyq/lib\libetc.a(intr_dma.o)
                0x000000008001d980                startIntrDMA
 .text          0x000000008001dc20      0x120 C:/nolibgs_hello_worlds/psyq/lib\libetc.a(intr_vb.o)
                0x000000008001dc20                startIntrVSync
 .text          0x000000008001dd40       0x80 C:/nolibgs_hello_worlds/psyq/lib\libetc.a(pad.o)
                0x000000008001dd40                PadInit
                0x000000008001dd8c                PadRead
 .text          0x000000008001ddc0      0x210 C:/nolibgs_hello_worlds/psyq/lib\libetc.a(vsync.o)
                0x000000008001ddc0                VSync
 .text          0x000000008001dfd0       0xc0 C:/nolibgs_hello_worlds/psyq/lib\libgpu.a(e03.o)
                0x000000008001dfd0                SetDefDrawEnv
 .text          0x000000008001e090       0x40 C:/nolibgs_hello_worlds/psyq/lib\libgpu.a(e04.o)
                0x000000008001e090                SetDefDispEnv
 .text          0x000000008001e0d0      0xa80 C:/nolibgs_hello_worlds/psyq/lib\libgpu.a(font.o)
                0x000000008001e0d0                SetDumpFnt
                0x000000008001e110                FntLoad
                0x000000008001e1b0                FntOpen
                0x000000008001e46c                FntFlush
                0x000000008001e788                FntPrint
 .text          0x000000008001eb50       0x40 C:/nolibgs_hello_worlds/psyq/lib\libgpu.a(p06.o)
                0x000000008001eb50                AddPrim
 .text          0x000000008001eb90       0x20 C:/nolibgs_hello_worlds/psyq/lib\libgpu.a(p09.o)
                0x000000008001eb90                TermPrim
 .text          0x000000008001ebb0       0x30 C:/nolibgs_hello_worlds/psyq/lib\libgpu.a(p10.o)
                0x000000008001ebb0                SetSemiTrans
 .text          0x000000008001ebe0       0x20 C:/nolibgs_hello_worlds/psyq/lib\libgpu.a(p20.o)
                0x000000008001ebe0                SetSprt8
 .text          0x000000008001ec00       0x20 C:/nolibgs_hello_worlds/psyq/lib\libgpu.a(p26.o)
                0x000000008001ec00                SetTile
 .text          0x000000008001ec20       0xa0 C:/nolibgs_hello_worlds/psyq/lib\libgpu.a(p41.o)
                0x000000008001ec20                SetDrawMode
 .text          0x000000008001ecc0     0x2f00 C:/nolibgs_hello_worlds/psyq/lib\libgpu.a(sys.o)
                0x000000008001ecc0                ResetGraph
                0x000000008001ee34                SetGraphDebug
                0x000000008001ee90                SetGraphQueue
                0x000000008001ef34                GetGraphDebug
                0x000000008001ef44                DrawSyncCallback
                0x000000008001efa4                SetDispMask
                0x000000008001f03c                DrawSync
                0x000000008001f1c0                ClearImage
                0x000000008001f250                ClearImage2
                0x000000008001f2e8                LoadImage
                0x000000008001f348                StoreImage
                0x000000008001f3a8                MoveImage
                0x000000008001f460                ClearOTag
                0x000000008001f528                ClearOTagR
                0x000000008001f5d4                DrawPrim
                0x000000008001f630                DrawOTag
                0x000000008001f6a0                PutDrawEnv
                0x000000008001f760                DrawOTagEnv
                0x000000008001f838                GetDrawEnv
                0x000000008001f86c                PutDispEnv
                0x000000008001fd64                GetDispEnv
                0x000000008001fd98                GetODE
                0x000000008001fdc8                SetDrawArea
                0x000000008001fe48                SetDrawOffset
                0x000000008001fe88                SetDrawEnv
                0x0000000080021758                LoadImage2
                0x0000000080021844                StoreImage2
                0x0000000080021930                MoveImage2
                0x0000000080021a74                DrawOTag2
                0x0000000080021b70                _GPU_ResetCallback
 .text          0x0000000080021bc0      0x190 C:/nolibgs_hello_worlds/psyq/lib\libgpu.a(t00.o)
                0x0000000080021bc0                OpenTIM
                0x0000000080021bd0                ReadTIM
 .text          0x0000000080021d50       0xf0 C:/nolibgs_hello_worlds/psyq/lib\libgpu.a(e00.o)
                0x0000000080021d50                LoadTPage
 .text          0x0000000080021e40       0x70 C:/nolibgs_hello_worlds/psyq/lib\libgpu.a(e02.o)
                0x0000000080021e40                LoadClut2
 .text          0x0000000080021eb0       0x40 C:/nolibgs_hello_worlds/psyq/lib\libgpu.a(p00.o)
                0x0000000080021eb0                GetTPage
 .text          0x0000000080021ef0       0x20 C:/nolibgs_hello_worlds/psyq/lib\libgpu.a(p01.o)
                0x0000000080021ef0                GetClut
 .text          0x0000000080021f10       0x80 C:/nolibgs_hello_worlds/psyq/lib\libgte.a(cmb_00.o)
                0x0000000080021f10                RotTransPers4
 .text          0x0000000080021f90      0x290 C:/nolibgs_hello_worlds/psyq/lib\libgte.a(fgo_01.o)
                0x0000000080021f90                RotMatrix
 .text          0x0000000080022220       0x90 C:/nolibgs_hello_worlds/psyq/lib\libgte.a(msc00.o)
                0x0000000080022228                InitGeom
 .text          0x00000000800222b0       0x30 C:/nolibgs_hello_worlds/psyq/lib\libgte.a(mtx_07.o)
                0x00000000800222b0                TransMatrix
 .text          0x00000000800222e0      0x140 C:/nolibgs_hello_worlds/psyq/lib\libgte.a(mtx_08.o)
                0x00000000800222e0                ScaleMatrix
 .text          0x0000000080022420       0x30 C:/nolibgs_hello_worlds/psyq/lib\libgte.a(mtx_09.o)
                0x0000000080022420                SetRotMatrix
 .text          0x0000000080022450       0x20 C:/nolibgs_hello_worlds/psyq/lib\libgte.a(mtx_12.o)
                0x0000000080022450                SetTransMatrix
 .text          0x0000000080022470       0xe0 C:/nolibgs_hello_worlds/psyq/lib\libgte.a(patchgte.o)
                0x0000000080022470                _patch_gte
 .text          0x0000000080022550       0x20 C:/nolibgs_hello_worlds/psyq/lib\libgte.a(reg12.o)
                0x0000000080022550                SetGeomOffset
 .text          0x0000000080022570       0x10 C:/nolibgs_hello_worlds/psyq/lib\libgte.a(reg13.o)
                0x0000000080022570                SetGeomScreen
 .text          0x0000000080022580       0x20 C:/nolibgs_hello_worlds/psyq/lib\libspu.a(s_i.o)
                0x0000000080022580                SpuInit
 .text          0x00000000800225a0      0x160 C:/nolibgs_hello_worlds/psyq/lib\libspu.a(s_ini.o)
                0x00000000800225a0                _SpuInit
                0x0000000080022688                SpuStart
 .text          0x0000000080022700       0xb0 C:/nolibgs_hello_worlds/psyq/lib\libspu.a(s_itc.o)
                0x0000000080022700                SpuIsTransferCompleted
 .text          0x00000000800227b0       0x60 C:/nolibgs_hello_worlds/psyq/lib\libspu.a(s_m_init.o)
                0x00000000800227b0                SpuInitMalloc
 .text          0x0000000080022810      0x2d0 C:/nolibgs_hello_worlds/psyq/lib\libspu.a(s_m_m.o)
                0x0000000080022810                SpuMalloc
 .text          0x0000000080022ae0      0x380 C:/nolibgs_hello_worlds/psyq/lib\libspu.a(s_sca.o)
                0x0000000080022ae0                SpuSetCommonAttr
 .text          0x0000000080022e60      0x140 C:/nolibgs_hello_worlds/psyq/lib\libspu.a(s_si.o)
                0x0000000080022e60                SpuSetIRQ
 .text          0x0000000080022fa0      0x1c0 C:/nolibgs_hello_worlds/psyq/lib\libspu.a(s_sk.o)
                0x0000000080022fa0                SpuSetKey
 .text          0x0000000080023160       0x30 C:/nolibgs_hello_worlds/psyq/lib\libspu.a(s_stm.o)
                0x0000000080023160                SpuSetTransferMode
 .text          0x0000000080023190       0x60 C:/nolibgs_hello_worlds/psyq/lib\libspu.a(s_stsa.o)
                0x0000000080023190                SpuSetTransferStartAddr
 .text          0x00000000800231f0      0x600 C:/nolibgs_hello_worlds/psyq/lib\libspu.a(s_sva.o)
                0x00000000800231f0                SpuSetVoiceAttr
 .text          0x00000000800237f0       0x80 C:/nolibgs_hello_worlds/psyq/lib\libspu.a(s_svv.o)
                0x00000000800237f0                SpuSetVoiceVolume
 .text          0x0000000080023870       0x60 C:/nolibgs_hello_worlds/psyq/lib\libspu.a(s_w.o)
                0x0000000080023870                SpuWrite
 .text          0x00000000800238d0      0xb40 C:/nolibgs_hello_worlds/psyq/lib\libspu.a(spu.o)
                0x00000000800238d0                _spu_init
                0x0000000080023d10                _spu_FiDMA
                0x0000000080023dcc                _spu_Fr_
                0x0000000080023e74                _spu_t
                0x00000000800240f4                _spu_Fw
                0x0000000080024178                _spu_Fr
                0x00000000800241dc                _spu_FsetRXX
                0x0000000080024220                _spu_FsetRXXa
                0x00000000800242c4                _spu_FgetRXXa
                0x0000000080024300                _spu_FsetPCR
                0x00000000800243a8                _spu_Fw1ts
 .text          0x0000000080024410       0x30 C:/nolibgs_hello_worlds/psyq/lib\libspu.a(s_dcb.o)
                0x0000000080024410                _SpuDataCallback
 .text          0x0000000080024440      0x300 C:/nolibgs_hello_worlds/psyq/lib\libspu.a(s_m_int.o)
                0x0000000080024440                _spu_gcSPU
 .text          0x0000000080024740      0x200 C:/nolibgs_hello_worlds/psyq/lib\libspu.a(s_n2p.o)
                0x0000000080024740                _spu_note2pitch
                0x0000000080024810                _spu_pitch2note
 .text          0x0000000080024940      0x9a0 C:/nolibgs_hello_worlds/psyq/lib\libcd.a(cdr_1.o)
                0x0000000080024ea0                CdReadBreak
                0x0000000080025040                CdRead
                0x00000000800251dc                CdReadSync
 .text          0x00000000800252e0      0x150 C:/nolibgs_hello_worlds/psyq/lib\libcd.a(event.o)
                0x00000000800252e0                CdInit
 .text          0x0000000080025430      0x970 C:/nolibgs_hello_worlds/psyq/lib\libcd.a(iso9660.o)
                0x0000000080025430                CdSearchFile
 .text          0x0000000080025da0      0x110 C:/nolibgs_hello_worlds/psyq/lib\libcd.a(s_002.o)
                0x0000000080025da0                CdIntToPos
 .text          0x0000000080025eb0       0x10 C:/nolibgs_hello_worlds/psyq/lib\libcd.a(s_003.o)
                0x0000000080025eb0                CdStatus
 .text          0x0000000080025ec0       0x10 C:/nolibgs_hello_worlds/psyq/lib\libcd.a(s_004.o)
                0x0000000080025ec0                CdMode
 .text          0x0000000080025ed0       0x10 C:/nolibgs_hello_worlds/psyq/lib\libcd.a(s_006.o)
                0x0000000080025ed0                CdLastPos
 .text          0x0000000080025ee0       0x20 C:/nolibgs_hello_worlds/psyq/lib\libcd.a(s_008.o)
                0x0000000080025ee0                CdFlush
 .text          0x0000000080025f00       0x20 C:/nolibgs_hello_worlds/psyq/lib\libcd.a(s_013.o)
                0x0000000080025f00                CdReady
 .text          0x0000000080025f20       0x20 C:/nolibgs_hello_worlds/psyq/lib\libcd.a(s_014.o)
                0x0000000080025f20                CdSyncCallback
 .text          0x0000000080025f40       0x20 C:/nolibgs_hello_worlds/psyq/lib\libcd.a(s_015.o)
                0x0000000080025f40                CdReadyCallback
 .text          0x0000000080025f60      0x3c0 C:/nolibgs_hello_worlds/psyq/lib\libcd.a(s_016.o)
                0x0000000080025f60                CdControl
                0x000000008002609c                CdControlF
                0x00000000800261d0                CdControlB
 .text          0x0000000080026320       0x20 C:/nolibgs_hello_worlds/psyq/lib\libcd.a(s_021.o)
                0x0000000080026320                CdGetSector
 .text          0x0000000080026340       0x20 C:/nolibgs_hello_worlds/psyq/lib\libcd.a(s_022.o)
                0x0000000080026340                CdGetSector2
 .text          0x0000000080026360       0x30 C:/nolibgs_hello_worlds/psyq/lib\libcd.a(s_023.o)
                0x0000000080026360                CdDataCallback
 .text          0x0000000080026390       0x20 C:/nolibgs_hello_worlds/psyq/lib\libcd.a(s_024.o)
                0x0000000080026390                CdDataSync
 .text          0x00000000800263b0       0x80 C:/nolibgs_hello_worlds/psyq/lib\libcd.a(sys.o)
                0x00000000800263b0                CdPosToInt
 .text          0x0000000080026430     0x1580 C:/nolibgs_hello_worlds/psyq/lib\libcd.a(bios_1.o)
                0x0000000080026994                CD_sync
                0x0000000080026c14                CD_ready
                0x0000000080026edc                CD_cw
                0x00000000800272e8                CD_vol
                0x0000000080027370                CD_flush
                0x0000000080027444                CD_initvol
                0x0000000080027534                CD_initintr
                0x0000000080027580                CD_init
                0x0000000080027760                CD_datasync
                0x00000000800278c8                CD_set_test_parmnum
 .text          0x00000000800279b0      0x100 C:/nolibgs_hello_worlds/psyq/lib\libcd.a(bios_2.o)
                0x00000000800279b0                CD_getsector
 .text          0x0000000080027ab0       0xf0 C:/nolibgs_hello_worlds/psyq/lib\libcd.a(bios_3.o)
                0x0000000080027ab0                CD_getsector2
 .text          0x0000000080027ba0       0x10 C:/nolibgs_hello_worlds/psyq/lib\libapi.a(a07.o)
                0x0000000080027ba0                DeliverEvent
 .text          0x0000000080027bb0       0x10 C:/nolibgs_hello_worlds/psyq/lib\libapi.a(a08.o)
                0x0000000080027bb0                OpenEvent
 .text          0x0000000080027bc0       0x10 C:/nolibgs_hello_worlds/psyq/lib\libapi.a(a11.o)
                0x0000000080027bc0                TestEvent
 .text          0x0000000080027bd0       0x10 C:/nolibgs_hello_worlds/psyq/lib\libapi.a(a12.o)
                0x0000000080027bd0                EnableEvent
 .text          0x0000000080027be0       0x10 C:/nolibgs_hello_worlds/psyq/lib\libapi.a(a22.o)
                0x0000000080027be0                PAD_dr
 .text          0x0000000080027bf0       0x10 C:/nolibgs_hello_worlds/psyq/lib\libapi.a(a23.o)
                0x0000000080027bf0                ReturnFromException
 .text          0x0000000080027c00       0x10 C:/nolibgs_hello_worlds/psyq/lib\libapi.a(a24.o)
                0x0000000080027c00                ResetEntryInt
 .text          0x0000000080027c10       0x10 C:/nolibgs_hello_worlds/psyq/lib\libapi.a(a25.o)
                0x0000000080027c10                HookEntryInt
 .text          0x0000000080027c20       0x10 C:/nolibgs_hello_worlds/psyq/lib\libapi.a(a36.o)
                0x0000000080027c20                EnterCriticalSection
 .text          0x0000000080027c30       0x10 C:/nolibgs_hello_worlds/psyq/lib\libapi.a(a37.o)
                0x0000000080027c30                ExitCriticalSection
 .text          0x0000000080027c40       0x10 C:/nolibgs_hello_worlds/psyq/lib\libapi.a(a91.o)
                0x0000000080027c40                ChangeClearPAD
 .text          0x0000000080027c50       0x20 C:/nolibgs_hello_worlds/psyq/lib\libapi.a(c114.o)
                0x0000000080027c58                _96_remove
 .text          0x0000000080027c70       0x10 C:/nolibgs_hello_worlds/psyq/lib\libapi.a(c68.o)
                0x0000000080027c70                FlushCache
 .text          0x0000000080027c80       0x10 C:/nolibgs_hello_worlds/psyq/lib\libapi.a(c73.o)
                0x0000000080027c80                GPU_cw
 .text          0x0000000080027c90       0x10 C:/nolibgs_hello_worlds/psyq/lib\libapi.a(l10.o)
                0x0000000080027c90                ChangeClearRCnt
 .text          0x0000000080027ca0      0x290 C:/nolibgs_hello_worlds/psyq/lib\libapi.a(pad.o)
                0x0000000080027ca0                SetInitPadFlag
                0x0000000080027cac                ReadInitPadFlag
                0x0000000080027cbc                PAD_init
                0x0000000080027d4c                InitPAD
                0x0000000080027ddc                StartPAD
 .text          0x0000000080027f30       0xa0 C:/nolibgs_hello_worlds/psyq/lib\libapi.a(patch.o)
                0x0000000080027f30                EnablePAD
                0x0000000080027f44                DisablePAD
                0x0000000080027f58                _patch_pad
 .text          0x0000000080027fd0       0x10 C:/nolibgs_hello_worlds/psyq/lib\libapi.a(a18.o)
                0x0000000080027fd0                InitPAD2
 .text          0x0000000080027fe0       0x10 C:/nolibgs_hello_worlds/psyq/lib\libapi.a(a19.o)
                0x0000000080027fe0                StartPAD2
 .text          0x0000000080027ff0       0x10 C:/nolibgs_hello_worlds/psyq/lib\libapi.a(a21.o)
                0x0000000080027ff0                PAD_init2
 .text          0x0000000080028000       0x70 C:/nolibgs_hello_worlds/psyq/lib\libapi.a(chclrpad.o)
                0x0000000080028000                _remove_ChgclrPAD
 .text          0x0000000080028070       0x10 C:/nolibgs_hello_worlds/psyq/lib\libapi.a(l02.o)
                0x0000000080028070                SysEnqIntRP
 .text          0x0000000080028080       0x10 C:/nolibgs_hello_worlds/psyq/lib\libapi.a(l03.o)
                0x0000000080028080                SysDeqIntRP
 .text          0x0000000080028090       0x20 C:/nolibgs_hello_worlds/psyq/lib\libc.a(a63.o)
                0x0000000080028098                puts
 .text          0x00000000800280b0       0x10 C:/nolibgs_hello_worlds/psyq/lib\libc.a(c19.o)
                0x00000000800280b0                setjmp
 .text          0x00000000800280c0       0x10 C:/nolibgs_hello_worlds/psyq/lib\libc.a(c23.o)
                0x00000000800280c0                strcmp
 .text          0x00000000800280d0       0x10 C:/nolibgs_hello_worlds/psyq/lib\libc.a(c24.o)
                0x00000000800280d0                strncmp
 .text          0x00000000800280e0       0x10 C:/nolibgs_hello_worlds/psyq/lib\libc.a(c27.o)
                0x00000000800280e0                strlen
 .text          0x00000000800280f0       0x10 C:/nolibgs_hello_worlds/psyq/lib\libc.a(c42.o)
                0x00000000800280f0                memcpy
 .text          0x0000000080028100       0x10 C:/nolibgs_hello_worlds/psyq/lib\libc.a(c43.o)
                0x0000000080028100                memset
 .text          0x0000000080028110       0x10 C:/nolibgs_hello_worlds/psyq/lib\libc.a(c63.o)
                0x0000000080028110                printf
 .text          0x0000000080028120       0x30 C:/nolibgs_hello_worlds/psyq/lib\libetc.a(vmode.o)
                0x0000000080028120                SetVideoMode
                0x0000000080028134                GetVideoMode
                0x0000000080028150                . = ALIGN (0x10)
 *(.init)
                0x0000000080028150                . = ALIGN (0x10)
 *(.fini)
                0x0000000080028150                . = ALIGN (0x10)
                0x0000000080028150                __text_end = .
                0x0000000080028150                __ftext_end = ABSOLUTE (.)
                0x0000000080028150                __fdata_start = ABSOLUTE (.)

.rodata         0x0000000080028150   0x174f50
 *(.rodata .rodata.* .rdata .rdata.* .gnu.linkonce.r.*)
 .rodata.str1.4
                0x0000000080028150     0x1204 game.o
                                       0x1208 (size before relaxing)
 .rodata        0x0000000080029354     0xdab0 tim/officeLEFT.o
                0x0000000080029354                _binary_tim_officeLEFT_tim_start
                0x0000000080036e04                _binary_tim_officeLEFT_tim_end
 .rodata        0x0000000080036e04     0xdc89 tim/officeLEFTlight.o
                0x0000000080036e04                _binary_tim_officeLEFTlight_tim_start
                0x0000000080044a8d                _binary_tim_officeLEFTlight_tim_end
 *fill*         0x0000000080044a8d        0x3 
 .rodata        0x0000000080044a90     0xdc89 tim/officeLEFTnolight.o
                0x0000000080044a90                _binary_tim_officeLEFTnolight_tim_start
                0x0000000080052719                _binary_tim_officeLEFTnolight_tim_end
 *fill*         0x0000000080052719        0x3 
 .rodata        0x000000008005271c     0xdc89 tim/officeLEFTlightbonnie.o
                0x000000008005271c                _binary_tim_officeLEFTlightbonnie_tim_start
                0x00000000800603a5                _binary_tim_officeLEFTlightbonnie_tim_end
 *fill*         0x00000000800603a5        0x3 
 .rodata        0x00000000800603a8     0xdca8 tim/officeMIDDLE.o
                0x00000000800603a8                _binary_tim_officeMIDDLE_tim_start
                0x000000008006e050                _binary_tim_officeMIDDLE_tim_end
 .rodata        0x000000008006e050     0xdca8 tim/officeMIDDLEnolight.o
                0x000000008006e050                _binary_tim_officeMIDDLEnolight_tim_start
                0x000000008007bcf8                _binary_tim_officeMIDDLEnolight_tim_end
 .rodata        0x000000008007bcf8     0xdab0 tim/officeRIGHT.o
                0x000000008007bcf8                _binary_tim_officeRIGHT_tim_start
                0x00000000800897a8                _binary_tim_officeRIGHT_tim_end
 .rodata        0x00000000800897a8     0xdab0 tim/officeRIGHTlight.o
                0x00000000800897a8                _binary_tim_officeRIGHTlight_tim_start
                0x0000000080097258                _binary_tim_officeRIGHTlight_tim_end
 .rodata        0x0000000080097258     0xdab0 tim/officeRIGHTlightchica.o
                0x0000000080097258                _binary_tim_officeRIGHTlightchica_tim_start
                0x00000000800a4d08                _binary_tim_officeRIGHTlightchica_tim_end
 .rodata        0x00000000800a4d08     0xdab0 tim/officeRIGHTnolight.o
                0x00000000800a4d08                _binary_tim_officeRIGHTnolight_tim_start
                0x00000000800b27b8                _binary_tim_officeRIGHTnolight_tim_end
 .rodata        0x00000000800b27b8      0x7b0 tim/freddysneak.o
                0x00000000800b27b8                _binary_tim_freddysneak_tim_start
                0x00000000800b2f68                _binary_tim_freddysneak_tim_end
 .rodata        0x00000000800b2f68      0x38e tim/FAM.o
                0x00000000800b2f68                _binary_tim_FAM_tim_start
                0x00000000800b32f6                _binary_tim_FAM_tim_end
 *fill*         0x00000000800b32f6        0x2 
 .rodata        0x00000000800b32f8      0xc98 tim/load.o
                0x00000000800b32f8                _binary_tim_load_tim_start
                0x00000000800b3f90                _binary_tim_load_tim_end
 .rodata        0x00000000800b3f90      0x38e tim/SAM.o
                0x00000000800b3f90                _binary_tim_SAM_tim_start
                0x00000000800b431e                _binary_tim_SAM_tim_end
 *fill*         0x00000000800b431e        0x2 
 .rodata        0x00000000800b4320      0x73a tim/AM.o
                0x00000000800b4320                _binary_tim_AM_tim_start
                0x00000000800b4a5a                _binary_tim_AM_tim_end
 *fill*         0x00000000800b4a5a        0x2 
 .rodata        0x00000000800b4a5c     0xecbc tim/GJFIV.o
                0x00000000800b4a5c                _binary_tim_GJFIV_tim_start
                0x00000000800c3718                _binary_tim_GJFIV_tim_end
 .rodata        0x00000000800c3718     0xecd8 tim/GJSEV.o
                0x00000000800c3718                _binary_tim_GJSEV_tim_start
                0x00000000800d23f0                _binary_tim_GJSEV_tim_end
 .rodata        0x00000000800d23f0     0xecd8 tim/GJSIX.o
                0x00000000800d23f0                _binary_tim_GJSIX_tim_start
                0x00000000800e10c8                _binary_tim_GJSIX_tim_end
 .rodata        0x00000000800e10c8     0x5052 tim/doors.o
                0x00000000800e10c8                _binary_tim_doors_tim_start
                0x00000000800e611a                _binary_tim_doors_tim_end
 *fill*         0x00000000800e611a        0x2 
 .rodata        0x00000000800e611c     0x697c tim/jumpC.o
                0x00000000800e611c                _binary_tim_jumpC_tim_start
                0x00000000800eca98                _binary_tim_jumpC_tim_end
 .rodata        0x00000000800eca98     0x697c tim/jumpC2.o
                0x00000000800eca98                _binary_tim_jumpC2_tim_start
                0x00000000800f3414                _binary_tim_jumpC2_tim_end
 .rodata        0x00000000800f3414     0x697c tim/jumpC3.o
                0x00000000800f3414                _binary_tim_jumpC3_tim_start
                0x00000000800f9d90                _binary_tim_jumpC3_tim_end
 .rodata        0x00000000800f9d90     0x697c tim/jumpB.o
                0x00000000800f9d90                _binary_tim_jumpB_tim_start
                0x000000008010070c                _binary_tim_jumpB_tim_end
 .rodata        0x000000008010070c     0x697c tim/jumpB2.o
                0x000000008010070c                _binary_tim_jumpB2_tim_start
                0x0000000080107088                _binary_tim_jumpB2_tim_end
 .rodata        0x0000000080107088     0x697c tim/jumpB3.o
                0x0000000080107088                _binary_tim_jumpB3_tim_start
                0x000000008010da04                _binary_tim_jumpB3_tim_end
 .rodata        0x000000008010da04     0x697c tim/jumpF.o
                0x000000008010da04                _binary_tim_jumpF_tim_start
                0x0000000080114380                _binary_tim_jumpF_tim_end
 .rodata        0x0000000080114380     0x697c tim/jumpF2.o
                0x0000000080114380                _binary_tim_jumpF2_tim_start
                0x000000008011acfc                _binary_tim_jumpF2_tim_end
 .rodata        0x000000008011acfc     0x697c tim/jumpF3.o
                0x000000008011acfc                _binary_tim_jumpF3_tim_start
                0x0000000080121678                _binary_tim_jumpF3_tim_end
 .rodata        0x0000000080121678     0x697c tim/jumpF20.o
                0x0000000080121678                _binary_tim_jumpF20_tim_start
                0x0000000080127ff4                _binary_tim_jumpF20_tim_end
 .rodata        0x0000000080127ff4     0x697c tim/jumpF21.o
                0x0000000080127ff4                _binary_tim_jumpF21_tim_start
                0x000000008012e970                _binary_tim_jumpF21_tim_end
 .rodata        0x000000008012e970     0x697c tim/jumpF22.o
                0x000000008012e970                _binary_tim_jumpF22_tim_start
                0x00000000801352ec                _binary_tim_jumpF22_tim_end
 .rodata        0x00000000801352ec     0x697c tim/jumpF24.o
                0x00000000801352ec                _binary_tim_jumpF24_tim_start
                0x000000008013bc68                _binary_tim_jumpF24_tim_end
 .rodata        0x000000008013bc68     0x697c tim/jumpF25.o
                0x000000008013bc68                _binary_tim_jumpF25_tim_start
                0x00000000801425e4                _binary_tim_jumpF25_tim_end
 .rodata        0x00000000801425e4     0x697c tim/jumpFO.o
                0x00000000801425e4                _binary_tim_jumpFO_tim_start
                0x0000000080148f60                _binary_tim_jumpFO_tim_end
 .rodata        0x0000000080148f60     0x697c tim/jumpFO2.o
                0x0000000080148f60                _binary_tim_jumpFO2_tim_start
                0x000000008014f8dc                _binary_tim_jumpFO2_tim_end
 .rodata        0x000000008014f8dc     0x697c tim/jumpFO3.o
                0x000000008014f8dc                _binary_tim_jumpFO3_tim_start
                0x0000000080156258                _binary_tim_jumpFO3_tim_end
 .rodata        0x0000000080156258     0x346c tim/static1.o
                0x0000000080156258                _binary_tim_static1_tim_start
                0x00000000801596c4                _binary_tim_static1_tim_end
 .rodata        0x00000000801596c4      0x38e tim/rect.o
                0x00000000801596c4                _binary_tim_rect_tim_start
                0x0000000080159a52                _binary_tim_rect_tim_end
 *fill*         0x0000000080159a52        0x2 
 .rodata        0x0000000080159a54     0x5cf0 vag/Door.o
                0x0000000080159a54                _binary_vag_Door_vag_start
                0x000000008015f744                _binary_vag_Door_vag_end
 .rodata        0x000000008015f744      0x9a0 vag/light.o
                0x000000008015f744                _binary_vag_light_vag_start
                0x00000000801600e4                _binary_vag_light_vag_end
 .rodata        0x00000000801600e4     0x1d60 vag/Monitor.o
                0x00000000801600e4                _binary_vag_Monitor_vag_start
                0x0000000080161e44                _binary_vag_Monitor_vag_end
 .rodata        0x0000000080161e44     0xeb60 vag/officesound.o
                0x0000000080161e44                _binary_vag_officesound_vag_start
                0x00000000801709a4                _binary_vag_officesound_vag_end
 .rodata        0x00000000801709a4     0x1db0 vag/click.o
                0x00000000801709a4                _binary_vag_click_vag_start
                0x0000000080172754                _binary_vag_click_vag_end
 .rodata        0x0000000080172754     0x8f00 vag/noisedoor.o
                0x0000000080172754                _binary_vag_noisedoor_vag_start
                0x000000008017b654                _binary_vag_noisedoor_vag_end
 .rodata        0x000000008017b654     0x37c0 vag/screamer.o
                0x000000008017b654                _binary_vag_screamer_vag_start
                0x000000008017ee14                _binary_vag_screamer_vag_end
 .rodata        0x000000008017ee14     0x2410 vag/honk.o
                0x000000008017ee14                _binary_vag_honk_vag_start
                0x0000000080181224                _binary_vag_honk_vag_end
 .rodata        0x0000000080181224     0x2080 vag/Footstep.o
                0x0000000080181224                _binary_vag_Footstep_vag_start
                0x00000000801832a4                _binary_vag_Footstep_vag_end
 .rodata        0x00000000801832a4     0x3dd0 vag/knock.o
                0x00000000801832a4                _binary_vag_knock_vag_start
                0x0000000080187074                _binary_vag_knock_vag_end
 .rodata        0x0000000080187074     0xceb0 vag/footstepfoxy.o
                0x0000000080187074                _binary_vag_footstepfoxy_vag_start
                0x0000000080193f24                _binary_vag_footstepfoxy_vag_end
 .rodata        0x0000000080193f24     0x1db0 vag/lightout.o
                0x0000000080193f24                _binary_vag_lightout_vag_start
                0x0000000080195cd4                _binary_vag_lightout_vag_end
 .rodata        0x0000000080195cd4      0x7b0 vag/jamlight.o
                0x0000000080195cd4                _binary_vag_jamlight_vag_start
                0x0000000080196484                _binary_vag_jamlight_vag_end
 .rodata        0x0000000080196484     0x62a0 vag/footstep2.o
                0x0000000080196484                _binary_vag_footstep2_vag_start
                0x000000008019c724                _binary_vag_footstep2_vag_end
 .rodata        0x000000008019c724       0x10 C:/nolibgs_hello_worlds/thirdparty/nugget/common/crt0/crt0.o
 *fill*         0x000000008019c734        0x4 
 .rdata         0x000000008019c738       0x70 C:/nolibgs_hello_worlds/psyq/lib\libetc.a(intr.o)
 .rdata         0x000000008019c7a8       0x30 C:/nolibgs_hello_worlds/psyq/lib\libetc.a(intr_dma.o)
 .rdata         0x000000008019c7d8       0x10 C:/nolibgs_hello_worlds/psyq/lib\libetc.a(vsync.o)
 .rdata         0x000000008019c7e8       0xa0 C:/nolibgs_hello_worlds/psyq/lib\libgpu.a(font.o)
 .rdata         0x000000008019c888      0x220 C:/nolibgs_hello_worlds/psyq/lib\libgpu.a(sys.o)
 .rdata         0x000000008019caa8       0x30 C:/nolibgs_hello_worlds/psyq/lib\libgpu.a(t00.o)
 .rdata         0x000000008019cad8       0x40 C:/nolibgs_hello_worlds/psyq/lib\libspu.a(s_sca.o)
 .rdata         0x000000008019cb18       0x30 C:/nolibgs_hello_worlds/psyq/lib\libspu.a(s_si.o)
 .rdata         0x000000008019cb48       0x40 C:/nolibgs_hello_worlds/psyq/lib\libspu.a(s_sva.o)
 .rdata         0x000000008019cb88       0x50 C:/nolibgs_hello_worlds/psyq/lib\libspu.a(spu.o)
 .rdata         0x000000008019cbd8       0x50 C:/nolibgs_hello_worlds/psyq/lib\libcd.a(cdr_1.o)
 .rdata         0x000000008019cc28       0x20 C:/nolibgs_hello_worlds/psyq/lib\libcd.a(event.o)
 .rdata         0x000000008019cc48      0x1f0 C:/nolibgs_hello_worlds/psyq/lib\libcd.a(iso9660.o)
 .rdata         0x000000008019ce38      0x260 C:/nolibgs_hello_worlds/psyq/lib\libcd.a(bios_1.o)
                0x000000008019d0a0                . = ALIGN (0x10)
 *fill*         0x000000008019d098        0x8 
                0x000000008019d0a0                __preinit_array_start = .
 *(.preinit_array)
                0x000000008019d0a0                __preinit_array_end = .
                0x000000008019d0a0                . = ALIGN (0x10)
                0x000000008019d0a0                __init_array_start = .
 *(SORT_BY_NAME(.init_array.*))
 *(.init_array)
                0x000000008019d0a0                . = ALIGN (0x10)
 *crtbegin.o(.ctors)
 *(EXCLUDE_FILE(*crtend.o) .ctors)
 *(SORT_BY_NAME(.ctors.*))
 *crtend.o(.ctors)
                0x000000008019d0a0                __init_array_end = .
                0x000000008019d0a0                . = ALIGN (0x10)
                0x000000008019d0a0                __fini_array_start = .
 *(.fini_array)
 *(SORT_BY_NAME(.fini_array.*))
 *crtbegin.o(.dtors)
 *(EXCLUDE_FILE(*crtend.o) .dtors)
 *(SORT_BY_NAME(.dtors.*))
 *crtend.o(.dtors)
                0x000000008019d0a0                __fini_array_end = .
                0x000000008019d0a0                __build_id = .
 *(.note.gnu.build-id)
                0x000000008019d0a0                __build_id_end = .

.rel.dyn        0x000000008019d0a0        0x0
 .rel.dyn       0x000000008019d0a0        0x0 game.o

.rodata1
 *(.rodata1)
                0x000000008019d0a0                __data_start = .

.data           0x000000008019d0a0     0x7760
 *(.a0table)
 *(.data .data.* .gnu.linkonce.d.*)
 .data          0x000000008019d0a0      0x978 game.o
                0x000000008019d0a0                vagsoundBank
                0x000000008019d148                MovVectorrect2
                0x000000008019d158                VertPosrect
                0x000000008019d178                ScaleVectorrect
                0x000000008019d188                MovVectorrect
                0x000000008019d198                VertPosofficegolden
                0x000000008019d1b8                ScaleVectorofficegolden
                0x000000008019d1c8                MovVectorofficegolden
                0x000000008019d1d8                VertPosgolden
                0x000000008019d1f8                ScaleVectorgolden
                0x000000008019d208                MovVectorgolden
                0x000000008019d218                VertPospolycamgreyogreen
                0x000000008019d238                ScaleVectorpolycamgreyogreen
                0x000000008019d248                MovVectorpolycamgreyogreen7
                0x000000008019d258                MovVectorpolycamgreyogreen6
                0x000000008019d268                MovVectorpolycamgreyogreen4B
                0x000000008019d278                MovVectorpolycamgreyogreen4A
                0x000000008019d288                MovVectorpolycamgreyogreen2B
                0x000000008019d298                MovVectorpolycamgreyogreen2A
                0x000000008019d2a8                MovVectorpolycamgreyogreen3
                0x000000008019d2b8                MovVectorpolycamgreyogreen5
                0x000000008019d2c8                MovVectorpolycamgreyogreen1C
                0x000000008019d2d8                MovVectorpolycamgreyogreen1B
                0x000000008019d2e8                MovVectorpolycamgreyogreen1A
                0x000000008019d2f8                ScaleVectorpolycamWoutline
                0x000000008019d308                VertPosam
                0x000000008019d328                ScaleVectoram
                0x000000008019d338                MovVectoram
                0x000000008019d348                VertPosfiveam
                0x000000008019d368                ScaleVectorfiveam
                0x000000008019d378                MovVectorfiveam
                0x000000008019d388                VertPosgoodjob
                0x000000008019d3a8                ScaleVectorgoodjob
                0x000000008019d3b8                MovVectorgoodjob
                0x000000008019d3c8                VertPosgameover
                0x000000008019d3e8                ScaleVectorgameover
                0x000000008019d3f8                MovVectorgameover
                0x000000008019d408                VertPoslayout
                0x000000008019d428                ScaleVectorlayout
                0x000000008019d438                MovVectorlayout
                0x000000008019d448                VertPossparky
                0x000000008019d468                ScaleVectorsparky
                0x000000008019d478                MovVectorsparky
                0x000000008019d488                VertPosgoldenf
                0x000000008019d4a8                VertPosfoxy
                0x000000008019d4c8                VertPoschica
                0x000000008019d4e8                VertPosbonnie
                0x000000008019d508                VertPosfreddy
                0x000000008019d528                ScaleVectorgoldenf
                0x000000008019d538                MovVectorgoldenf
                0x000000008019d548                ScaleVectorfoxy
                0x000000008019d558                MovVectorfoxy
                0x000000008019d568                ScaleVectorchica
                0x000000008019d578                MovVectorchica
                0x000000008019d588                ScaleVectorbonnie
                0x000000008019d598                MovVectorbonnie
                0x000000008019d5a8                ScaleVectorfreddy
                0x000000008019d5b8                MovVectorfreddy
                0x000000008019d5c8                VertPosfreddylightsout
                0x000000008019d5e8                ScaleVectorfreddylightsout
                0x000000008019d5f8                MovVectorfreddylightsout
                0x000000008019d608                VertPosrightdoor
                0x000000008019d628                ScaleVectorrightdoor
                0x000000008019d638                MovVectorrightdoor
                0x000000008019d648                VertPosleftdoor
                0x000000008019d668                ScaleVectorleftdoor
                0x000000008019d678                MovVectorleftdoor
                0x000000008019d688                VertPos4
                0x000000008019d6a8                VertPosofficeleft
                0x000000008019d6c8                VertPosofficeright
                0x000000008019d6e8                VertPosofficemiddle
                0x000000008019d708                ScaleVector4
                0x000000008019d718                MovVector4
                0x000000008019d728                ScaleVectorofficeleft
                0x000000008019d738                MovVectorofficeleft
                0x000000008019d748                ScaleVectorofficeright
                0x000000008019d758                MovVectorofficeright
                0x000000008019d768                ScaleVectorofficemiddle
                0x000000008019d778                MovVectorofficemiddle
                0x000000008019d788                VertPoshelpwanted
                0x000000008019d7a8                ScaleVectorhelpwanted
                0x000000008019d7b8                MovVectorhelpwanted
                0x000000008019d7c8                VertPosfoicon
                0x000000008019d7e8                ScaleVectorfoicon
                0x000000008019d7f8                MovVectorfoicon
                0x000000008019d808                VertPoscicon
                0x000000008019d828                ScaleVectorcicon
                0x000000008019d838                MovVectorcicon
                0x000000008019d848                VertPosbicon
                0x000000008019d868                ScaleVectorbicon
                0x000000008019d878                MovVectorbicon
                0x000000008019d888                VertPosficon
                0x000000008019d8a8                ScaleVectorficon
                0x000000008019d8b8                MovVectorficon
                0x000000008019d8c8                VertPosicon
                0x000000008019d8e8                ScaleVectoricon
                0x000000008019d8f8                MovVectoricon
                0x000000008019d908                VertPosf
                0x000000008019d928                ScaleVectorf
                0x000000008019d938                MovVectorf
                0x000000008019d948                VertPosstatic
                0x000000008019d968                ScaleVectorstatic
                0x000000008019d978                MovVectorstatic
                0x000000008019d988                VertPosjump
                0x000000008019d9a8                ScaleVectorjump
                0x000000008019d9b8                MovVectorjump
                0x000000008019d9c8                VertPositsme
                0x000000008019d9e8                ScaleVectoritsme
                0x000000008019d9f8                MovVectoritsme
                0x000000008019da08                curcamname
 .data          0x000000008019da18     0x1100 C:/nolibgs_hello_worlds/psyq/lib\libetc.a(intr.o)
 .data          0x000000008019eb18       0x30 C:/nolibgs_hello_worlds/psyq/lib\libetc.a(intr_dma.o)
 .data          0x000000008019eb48       0x30 C:/nolibgs_hello_worlds/psyq/lib\libetc.a(intr_vb.o)
                0x000000008019eb68                Vcount
 .data          0x000000008019eb78       0x20 C:/nolibgs_hello_worlds/psyq/lib\libetc.a(vsync.o)
                0x000000008019eb88                Hcount
 .data          0x000000008019eb98      0xb90 C:/nolibgs_hello_worlds/psyq/lib\libgpu.a(font.o)
                0x000000008019eb98                Font
 .data          0x000000008019f728      0x1a0 C:/nolibgs_hello_worlds/psyq/lib\libgpu.a(sys.o)
                0x000000008019f774                GPU_printf
                0x000000008019f778                GEnv
                0x000000008019f8a0                _qin
                0x000000008019f8a4                _qout
 .data          0x000000008019f8c8       0x10 C:/nolibgs_hello_worlds/psyq/lib\libgte.a(msc00.o)
 .data          0x000000008019f8d8     0x4000 C:/nolibgs_hello_worlds/psyq/lib\libgte.a(cstbl.o)
                0x000000008019f8d8                rcossin_tbl
 .data          0x00000000801a38d8       0x80 C:/nolibgs_hello_worlds/psyq/lib\libspu.a(s_ini.o)
                0x00000000801a38e0                _spu_EVdma
                0x00000000801a38e4                _spu_keystat
                0x00000000801a38e8                _spu_trans_mode
                0x00000000801a38ec                _spu_rev_flag
                0x00000000801a38f0                _spu_rev_reserve_wa
                0x00000000801a38f4                _spu_rev_offsetaddr
                0x00000000801a38f8                _spu_rev_attr
                0x00000000801a390c                _spu_RQvoice
                0x00000000801a3910                _spu_RQmask
                0x00000000801a3914                _spu_voice_centerNote
                0x00000000801a3944                _spu_env
                0x00000000801a3948                _spu_isCalled
 .data          0x00000000801a3958       0x10 C:/nolibgs_hello_worlds/psyq/lib\libspu.a(s_m.o)
                0x00000000801a3958                _spu_AllocBlockNum
                0x00000000801a395c                _spu_AllocLastNum
                0x00000000801a3960                _spu_memList
 .data          0x00000000801a3968       0x30 C:/nolibgs_hello_worlds/psyq/lib\libspu.a(s_rmp0.o)
                0x00000000801a3968                _spu_rev_startaddr
 .data          0x00000000801a3998       0x60 C:/nolibgs_hello_worlds/psyq/lib\libspu.a(spu.o)
                0x00000000801a3998                _spu_RXX
                0x00000000801a39b0                _spu_tsa
                0x00000000801a39b4                _spu_transMode
                0x00000000801a39b8                _spu_addrMode
                0x00000000801a39bc                _spu_mem_mode
                0x00000000801a39c0                _spu_mem_mode_plus
                0x00000000801a39c4                _spu_mem_mode_unit
                0x00000000801a39c8                _spu_mem_mode_unitM
                0x00000000801a39cc                _spu_inTransfer
                0x00000000801a39d0                _spu_transferCallback
                0x00000000801a39d4                _spu_IRQCallback
 .data          0x00000000801a39f8      0x120 C:/nolibgs_hello_worlds/psyq/lib\libspu.a(s_n2p.o)
 .data          0x00000000801a3b18       0x40 C:/nolibgs_hello_worlds/psyq/lib\libcd.a(cdr_1.o)
 .data          0x00000000801a3b58       0x10 C:/nolibgs_hello_worlds/psyq/lib\libcd.a(event.o)
                0x00000000801a3b58                CD_cbread
                0x00000000801a3b5c                CD_read_dma_mode
 .data          0x00000000801a3b68       0x10 C:/nolibgs_hello_worlds/psyq/lib\libcd.a(iso9660.o)
 .data          0x00000000801a3b78       0x80 C:/nolibgs_hello_worlds/psyq/lib\libcd.a(s_016.o)
 .data          0x00000000801a3bf8      0x310 C:/nolibgs_hello_worlds/psyq/lib\libcd.a(bios_1.o)
                0x00000000801a3c00                CD_cbsync
                0x00000000801a3c04                CD_cbready
                0x00000000801a3c08                CD_debug
                0x00000000801a3c0c                CD_status
                0x00000000801a3c10                CD_status1
                0x00000000801a3c14                CD_nopen
                0x00000000801a3c18                CD_pos
                0x00000000801a3c1c                CD_mode
                0x00000000801a3c1d                CD_com
                0x00000000801a3c20                DS_active
                0x00000000801a3c24                CD_comstr
                0x00000000801a3ca4                CD_intstr
 .data          0x00000000801a3f08       0x20 C:/nolibgs_hello_worlds/psyq/lib\libcd.a(bios_2.o)
 .data          0x00000000801a3f28       0x20 C:/nolibgs_hello_worlds/psyq/lib\libcd.a(bios_3.o)
 .data          0x00000000801a3f48       0x10 C:/nolibgs_hello_worlds/psyq/lib\libapi.a(pad.o)
 .data          0x00000000801a3f58       0x10 C:/nolibgs_hello_worlds/psyq/lib\libetc.a(vmode.o)
 *(.data1)
 *(.sdata .sdata.* .gnu.linkonce.s.*)
 .sdata         0x00000000801a3f68      0x2d8 game.o
                0x00000000801a3f68                soundBank
                0x00000000801a4138                debug
                0x00000000801a413c                night
                0x00000000801a4140                customcharge
                0x00000000801a4144                charge
                0x00000000801a4148                usage
                0x00000000801a414c                ChargeCounter
                0x00000000801a4150                AM
                0x00000000801a4154                customAM
                0x00000000801a4158                nextpri
                0x00000000801a415c                fadeoffice
                0x00000000801a4160                staticframes
                0x00000000801a4164                rgbblue
                0x00000000801a4168                rgbgreen
                0x00000000801a416c                rgbred
                0x00000000801a4170                spriteframes
                0x00000000801a4174                screamerframes
                0x00000000801a4178                lastsecondsframes
                0x00000000801a417c                framedeadpossi
                0x00000000801a4180                blackoutscreamerappearancechance
                0x00000000801a4184                blackoutappearancechance
                0x00000000801a4188                glowvar
                0x00000000801a418c                musicboxappearancechance
                0x00000000801a4190                enablephoneguystr
                0x00000000801a4194                enablephoneguy
                0x00000000801a4198                musicmascottune
                0x00000000801a419c                ambiancenum
                0x00000000801a41a0                ambiancechance
                0x00000000801a41a4                ambiancesound
                0x00000000801a41a8                tensecondframe
                0x00000000801a41ac                foxymusicframe
                0x00000000801a41b0                curcam
                0x00000000801a41b4                speedoffice
                0x00000000801a41b8                rightdoorgoodbye2
                0x00000000801a41bc                rightdoorgoodbye
                0x00000000801a41c0                leftdoorgoodbye2
                0x00000000801a41c4                leftdoorgoodbye
                0x00000000801a41c8                goldenfreddychancescrash
                0x00000000801a41cc                goldenfreddychances
                0x00000000801a41d0                foxydrainpower
                0x00000000801a41d4                foxylockeduration
                0x00000000801a41d8                foxywaiting
                0x00000000801a41dc                foxylocationframe
                0x00000000801a41e0                chicalocationframe
                0x00000000801a41e4                bonnielocationframe
                0x00000000801a41e8                freddycountdown
                0x00000000801a41ec                freddylocationframe
                0x00000000801a41f0                twoplayermodestr
                0x00000000801a41f4                defaultusage
                0x00000000801a41f8                fastnightsstr
                0x00000000801a41fc                radarstr
                0x00000000801a4200                unlimitedpowerstr
                0x00000000801a4204                convertion
                0x00000000801a4208                printnumber
                0x00000000801a420c                musicframes
                0x00000000801a4210                menuselectionmax
                0x00000000801a4214                menuselection
                0x00000000801a4218                presetselectorstr
                0x00000000801a4220                presetselector
                0x00000000801a4224                foxylocationframelock
                0x00000000801a4228                chicalocationframelock
                0x00000000801a422c                bonnielocationframelock
                0x00000000801a4230                freddylocationframelock
                0x00000000801a4234                freddyfacechangedchances
                0x00000000801a4238                frames
                0x00000000801a423c                fntColor
 *(.sdata2 .sdata2.* .gnu.linkonce.s2.*)
 *(.got.plt)
 *(.got)
                0x00000000801a4800                . = ALIGN (0x800)
 *fill*         0x00000000801a4240      0x5c0 
                0x00000000801a4800                __data_end = .
                0x00000000801a4800                __fdata_end = .
                0x00000000801a4800                __bss_start = .

.sbss           0x00000000801a4800    0x58f90
 *(.dynsbss)
 *(.sbss .sbss.* .gnu.linkonce.sb.*)
 .sbss          0x00000000801a4800      0x43c game.o
                0x00000000801a4800                loc
                0x00000000801a4804                filter
                0x00000000801a4808                FrameCounter
                0x00000000801a480c                polyrect2
                0x00000000801a4810                RotVectorrect
                0x00000000801a4818                polyrect
                0x00000000801a481c                RotVectorofficegolden
                0x00000000801a4824                polyofficegolden
                0x00000000801a4828                RotVectorgolden
                0x00000000801a4830                polygolden
                0x00000000801a4834                RotVectorpolycamgreyogreen
                0x00000000801a483c                polycamgreyogreen7
                0x00000000801a4840                polycamgreyogreen6
                0x00000000801a4844                polycamgreyogreen4B
                0x00000000801a4848                polycamgreyogreen4A
                0x00000000801a484c                polycamgreyogreen2B
                0x00000000801a4850                polycamgreyogreen2A
                0x00000000801a4854                polycamgreyogreen3
                0x00000000801a4858                polycamgreyogreen5
                0x00000000801a485c                polycamgreyogreen1C
                0x00000000801a4860                polycamgreyogreen1B
                0x00000000801a4864                polycamgreyogreen1A
                0x00000000801a4868                polycamWoutline
                0x00000000801a486c                RotVectoram
                0x00000000801a4874                polyam
                0x00000000801a4878                RotVectorfiveam
                0x00000000801a4880                polyfiveam
                0x00000000801a4884                RotVectorgoodjob
                0x00000000801a488c                polygoodjob
                0x00000000801a4890                RotVectorgameover
                0x00000000801a4898                polygameover
                0x00000000801a489c                RotVectorlayout
                0x00000000801a48a4                polylayout
                0x00000000801a48a8                RotVectorsparky
                0x00000000801a48b0                polysparky
                0x00000000801a48b4                RotVectorgoldenf
                0x00000000801a48bc                RotVectorfoxy
                0x00000000801a48c4                RotVectorchica
                0x00000000801a48cc                RotVectorbonnie
                0x00000000801a48d4                RotVectorfreddy
                0x00000000801a48dc                polygoldenf
                0x00000000801a48e0                polyfoxy
                0x00000000801a48e4                polychica
                0x00000000801a48e8                polybonnie
                0x00000000801a48ec                polyfreddy
                0x00000000801a48f0                RotVectorfreddylightsout
                0x00000000801a48f8                polyfreddylightsout
                0x00000000801a48fc                RotVectorrightdoor
                0x00000000801a4904                rightdoor
                0x00000000801a4908                RotVectorleftdoor
                0x00000000801a4910                leftdoor
                0x00000000801a4914                RotVector4
                0x00000000801a491c                RotVectorofficeleft
                0x00000000801a4924                RotVectorofficeright
                0x00000000801a492c                RotVectorofficemiddle
                0x00000000801a4934                poly4
                0x00000000801a4938                polyofficeleft
                0x00000000801a493c                polyofficeright
                0x00000000801a4940                polyofficemiddle
                0x00000000801a4944                RotVectorhelpwanted
                0x00000000801a494c                polyhelpwanted
                0x00000000801a4950                RotVectorfoicon
                0x00000000801a4958                polyfoicon
                0x00000000801a495c                RotVectorcicon
                0x00000000801a4964                polycicon
                0x00000000801a4968                RotVectorbicon
                0x00000000801a4970                polybicon
                0x00000000801a4974                RotVectorficon
                0x00000000801a497c                polyficon
                0x00000000801a4980                RotVectoricon
                0x00000000801a4988                polyicon
                0x00000000801a498c                RotVectorf
                0x00000000801a4994                polyf
                0x00000000801a4998                RotVectorstatic
                0x00000000801a49a0                polystatic
                0x00000000801a49a4                RotVectorjump
                0x00000000801a49ac                polyjump
                0x00000000801a49b0                RotVectoritsme
                0x00000000801a49b8                polyitsme
                0x00000000801a49bc                OTz
                0x00000000801a49c0                polyflag
                0x00000000801a49c4                polydepth
                0x00000000801a49c8                powermanagementtotal
                0x00000000801a49cc                powermanagementhour
                0x00000000801a49d0                timeoncam
                0x00000000801a49d4                blockedanimatronic
                0x00000000801a49d8                score
                0x00000000801a49dc                nightwon
                0x00000000801a49e0                rgbindicator
                0x00000000801a49e4                staticframessheet
                0x00000000801a49e8                customnextnightactivation
                0x00000000801a49ec                nextnightframes
                0x00000000801a49f0                fivetosixamframes
                0x00000000801a49f4                spritesheet
                0x00000000801a49f8                deadfrom
                0x00000000801a49fc                dead
                0x00000000801a4a00                screamersetsound
                0x00000000801a4a04                isalreadydeadlow
                0x00000000801a4a08                isalreadydead
                0x00000000801a4a0c                blackoutscreamerappearanceframe
                0x00000000801a4a10                blackoutinit
                0x00000000801a4a14                blackoutappearanceframe
                0x00000000801a4a18                blackoutactivated
                0x00000000801a4a1c                freddyglowing
                0x00000000801a4a20                musicboxinit
                0x00000000801a4a24                musicboxappearanceframe
                0x00000000801a4a28                musicboxactivated
                0x00000000801a4a2c                lightsoutinit
                0x00000000801a4a30                islightsout
                0x00000000801a4a34                phoneguytalking
                0x00000000801a4a38                limiterphoneguy
                0x00000000801a4a3c                mascottune
                0x00000000801a4a40                framenoisefootstepF
                0x00000000801a4a44                noisefootstepF
                0x00000000801a4a48                noisefootstepanimatronic
                0x00000000801a4a4c                framenoisefootstep
                0x00000000801a4a50                noisefootstep
                0x00000000801a4a54                foxymusic
                0x00000000801a4a58                blinkicon
                0x00000000801a4a5c                itsmeehallcooldown
                0x00000000801a4a60                itsmeehall
                0x00000000801a4a64                itsmeehallcornercooldown
                0x00000000801a4a68                itsmeehallcorner
                0x00000000801a4a6c                itsmepiratecovecooldown
                0x00000000801a4a70                itsmepiratecove
                0x00000000801a4a74                puppetmusic
                0x00000000801a4a78                limitercameraL
                0x00000000801a4a7c                limitercameraR
                0x00000000801a4a80                limitercameraU
                0x00000000801a4a84                limitercameraD
                0x00000000801a4a88                cooldowncamera
                0x00000000801a4a8c                camera
                0x00000000801a4a90                limiterbop
                0x00000000801a4a94                limiter3
                0x00000000801a4a98                limiter2
                0x00000000801a4a9c                camlimiter
                0x00000000801a4aa0                lightframe
                0x00000000801a4aa4                light2
                0x00000000801a4aa8                light1
                0x00000000801a4aac                cantdoorL
                0x00000000801a4ab0                cantlightL
                0x00000000801a4ab4                cantdoorR
                0x00000000801a4ab8                cantlightR
                0x00000000801a4abc                cantdoor
                0x00000000801a4ac0                cantlight
                0x00000000801a4ac4                jamlightframes
                0x00000000801a4ac8                jamlight
                0x00000000801a4acc                doorclosedR
                0x00000000801a4ad0                doorclosedL
                0x00000000801a4ad4                door
                0x00000000801a4ad8                sparkyframes
                0x00000000801a4adc                sparkylocation
                0x00000000801a4ae0                nolongerincam
                0x00000000801a4ae4                goldenfreddyactivated
                0x00000000801a4ae8                goldenfreddyframes
                0x00000000801a4aec                goldenfreddylocation
                0x00000000801a4af0                surusage
                0x00000000801a4af4                noisedoorchica
                0x00000000801a4af8                noisedoorbonnie
                0x00000000801a4afc                chicaDoorinit
                0x00000000801a4b00                bonnieDoorinit
                0x00000000801a4b04                chicaDoor
                0x00000000801a4b08                bonnieDoor
                0x00000000801a4b0c                foxyknockframe
                0x00000000801a4b10                foxysknock
                0x00000000801a4b14                ranfoxy
                0x00000000801a4b18                foxylocked
                0x00000000801a4b1c                foxydifficulty
                0x00000000801a4b20                foxyrunningframes
                0x00000000801a4b24                foxylocation
                0x00000000801a4b28                chicaonetimeskip
                0x00000000801a4b2c                chicadifficulty
                0x00000000801a4b30                chicalocation
                0x00000000801a4b34                bonnieonetimeskip
                0x00000000801a4b38                bonniedifficulty
                0x00000000801a4b3c                bonnieliljumpscarecooldown
                0x00000000801a4b40                bonnieliljumpscare
                0x00000000801a4b44                bonnielocation
                0x00000000801a4b48                freddyliljumpscarecooldown
                0x00000000801a4b4c                freddyliljumpscare
                0x00000000801a4b50                freddydifficulty
                0x00000000801a4b54                freddycountdownactivation
                0x00000000801a4b58                freddyanticipation
                0x00000000801a4b5c                freddylocation
                0x00000000801a4b60                limiterstart
                0x00000000801a4b64                limiterbuttondown
                0x00000000801a4b68                limiterpadup
                0x00000000801a4b6c                limiterpaddown
                0x00000000801a4b70                limiterpadleft
                0x00000000801a4b74                limiterpadright
                0x00000000801a4b78                Glitch
                0x00000000801a4b7c                impossiblenight
                0x00000000801a4b80                hellnight
                0x00000000801a4b84                weirdnight
                0x00000000801a4b88                goldenfreddiedframes
                0x00000000801a4b8c                goldenfreddied
                0x00000000801a4b90                loadingframe
                0x00000000801a4b94                twoplayermodelimiter
                0x00000000801a4b98                twoplayermode
                0x00000000801a4b9c                savemenu
                0x00000000801a4ba0                cheating
                0x00000000801a4ba4                fastnights
                0x00000000801a4ba8                limiterradar
                0x00000000801a4bac                limiterfastnights
                0x00000000801a4bb0                limiterunlimitedpower
                0x00000000801a4bb4                unlockssubmenu
                0x00000000801a4bb8                radar
                0x00000000801a4bbc                unlimitedpower
                0x00000000801a4bc0                seedtitle
                0x00000000801a4bc4                bonniestared
                0x00000000801a4bc8                infoscreen
                0x00000000801a4bcc                extramenu
                0x00000000801a4bd0                FrameCounterlimit
                0x00000000801a4bd4                FrameCounterlimiterdown
                0x00000000801a4bd8                FrameCounterlimiterup
                0x00000000801a4bdc                activatedmenudebug
                0x00000000801a4be0                freddylightframe
                0x00000000801a4be4                limitermenuR
                0x00000000801a4be8                limitermenuL
                0x00000000801a4bec                presetselectorlimiterleft
                0x00000000801a4bf0                presetselectorlimiterright
                0x00000000801a4bf4                helpwantedposter
                0x00000000801a4bf8                freddyfacechanged
                0x00000000801a4bfc                advancedmenu
                0x00000000801a4c00                chargemenu
                0x00000000801a4c04                AISetmenu
                0x00000000801a4c08                maincustomnightmenu
                0x00000000801a4c0c                menu
                0x00000000801a4c10                menuscreeninit
                0x00000000801a4c14                pad
                0x00000000801a4c18                initstuff
                0x00000000801a4c1c                RAN
                0x00000000801a4c20                db
                0x00000000801a4c24                fntColorBG
                0x00000000801a4c28                CDreadResult
                0x00000000801a4c2c                CDreadOK
                0x00000000801a4c30                CtrlResult
                0x00000000801a4c38                dataBuffer
 *(.scommon)
 *(.dynbss)
 *(.bss .bss.* .gnu.linkonce.b.*)
 .bss           0x00000000801a4c3c    0x50a3c game.o
                0x00000000801a4c3c                XAPos
                0x00000000801a4c54                spuSettings
                0x00000000801a4c7c                PolyMatrixrect2
                0x00000000801a4c9c                PolyMatrixrect
                0x00000000801a4cbc                PolyMatrixofficegolden
                0x00000000801a4cdc                PolyMatrixgolden
                0x00000000801a4cfc                PolyMatrixpolycamgreyogreen7
                0x00000000801a4d1c                PolyMatrixpolycamgreyogreen6
                0x00000000801a4d3c                PolyMatrixpolycamgreyogreen4B
                0x00000000801a4d5c                PolyMatrixpolycamgreyogreen4A
                0x00000000801a4d7c                PolyMatrixpolycamgreyogreen2B
                0x00000000801a4d9c                PolyMatrixpolycamgreyogreen2A
                0x00000000801a4dbc                PolyMatrixpolycamgreyogreen3
                0x00000000801a4ddc                PolyMatrixpolycamgreyogreen5
                0x00000000801a4dfc                PolyMatrixpolycamgreyogreen1C
                0x00000000801a4e1c                PolyMatrixpolycamgreyogreen1B
                0x00000000801a4e3c                PolyMatrixpolycamgreyogreen1A
                0x00000000801a4e5c                PolyMatrixam
                0x00000000801a4e7c                PolyMatrixfiveam
                0x00000000801a4e9c                PolyMatrixgoodjob
                0x00000000801a4ebc                PolyMatrixgameover
                0x00000000801a4edc                PolyMatrixlayout
                0x00000000801a4efc                PolyMatrixsparky
                0x00000000801a4f1c                PolyMatrixgoldenf
                0x00000000801a4f3c                PolyMatrixfoxy
                0x00000000801a4f5c                PolyMatrixchica
                0x00000000801a4f7c                PolyMatrixbonnie
                0x00000000801a4f9c                PolyMatrixfreddy
                0x00000000801a4fbc                PolyMatrixfreddylightsout
                0x00000000801a4fdc                PolyMatrixrightdoor
                0x00000000801a4ffc                PolyMatrixleftdoor
                0x00000000801a501c                PolyMatrix4
                0x00000000801a503c                PolyMatrixofficeleft
                0x00000000801a505c                PolyMatrixofficeright
                0x00000000801a507c                PolyMatrixofficemiddle
                0x00000000801a509c                PolyMatrixhelpwanted
                0x00000000801a50bc                PolyMatrixfoicon
                0x00000000801a50dc                PolyMatrixcicon
                0x00000000801a50fc                PolyMatrixbicon
                0x00000000801a511c                PolyMatrixficon
                0x00000000801a513c                PolyMatrixicon
                0x00000000801a515c                PolyMatrixf
                0x00000000801a517c                PolyMatrixstatic
                0x00000000801a519c                PolyMatrixjump
                0x00000000801a51bc                PolyMatrixitsme
                0x00000000801a51dc                rect
                0x00000000801a51f0                itsme
                0x00000000801a5204                statics
                0x00000000801a5218                jumpscare
                0x00000000801a522c                load
                0x00000000801a5240                bonniestare
                0x00000000801a5254                officegoldenfreddy
                0x00000000801a5268                goldenfreddy
                0x00000000801a527c                sixam
                0x00000000801a5290                fiveam
                0x00000000801a52a4                goodjob
                0x00000000801a52b8                gameover
                0x00000000801a52cc                layout
                0x00000000801a52e0                CAMERAMONITOR
                0x00000000801a52f4                doors
                0x00000000801a5308                officeLEFTlightbonnie
                0x00000000801a531c                officeLEFTnolight
                0x00000000801a5330                officeLEFTlight
                0x00000000801a5344                officeLEFT
                0x00000000801a5358                officeRIGHTlightchica
                0x00000000801a536c                officeRIGHTnolight
                0x00000000801a5380                officeRIGHTlight
                0x00000000801a5394                officeRIGHT
                0x00000000801a53a8                officeMIDDLEnolight
                0x00000000801a53bc                officeMIDDLE
                0x00000000801a53d0                freddysneak
                0x00000000801a53e4                helpwanted
                0x00000000801a53f8                freddy4
                0x00000000801a540c                freddy3
                0x00000000801a5420                freddy2
                0x00000000801a5434                freddy
                0x00000000801a5448                primbuff
                0x00000000801b5448                ot
                0x00000000801b5488                animatronicscamera
                0x00000000801b54a0                voiceAttributes
                0x00000000801b54e0                commonAttributes
                0x00000000801b5508                spu_malloc_rec
                0x00000000801b5580                draw
                0x00000000801b5638                disp
                0x00000000801b5660                filePos
 .bss           0x00000000801f5678       0x14 C:/nolibgs_hello_worlds/psyq/lib\libetc.a(pad.o)
                0x00000000801f5688                PadIdentifier
 *fill*         0x00000000801f568c        0x4 
 .bss           0x00000000801f5690     0x4410 C:/nolibgs_hello_worlds/psyq/lib\libgpu.a(font.o)
 .bss           0x00000000801f9aa0     0x1850 C:/nolibgs_hello_worlds/psyq/lib\libgpu.a(sys.o)
                0x00000000801f9af0                _que
 .bss           0x00000000801fb2f0       0x10 C:/nolibgs_hello_worlds/psyq/lib\libgpu.a(t00.o)
 .bss           0x00000000801fb300       0x10 C:/nolibgs_hello_worlds/psyq/lib\libgte.a(patchgte.o)
 .bss           0x00000000801fb310       0x14 C:/nolibgs_hello_worlds/psyq/lib\libspu.a(spu.o)
                0x00000000801fb310                _spu_RQ
 *fill*         0x00000000801fb324        0x4 
 .bss           0x00000000801fb328     0x2400 C:/nolibgs_hello_worlds/psyq/lib\libcd.a(iso9660.o)
 .bss           0x00000000801fd728       0x34 C:/nolibgs_hello_worlds/psyq/lib\libcd.a(bios_1.o)
                0x00000000801fd758                StMode
 *fill*         0x00000000801fd75c        0x4 
 .bss           0x00000000801fd760       0x10 C:/nolibgs_hello_worlds/psyq/lib\libapi.a(pad.o)
                0x00000000801fd760                _apiPadPatch
 .bss           0x00000000801fd770       0x10 C:/nolibgs_hello_worlds/psyq/lib\libapi.a(patch.o)
 .bss           0x00000000801fd780       0x10 C:/nolibgs_hello_worlds/psyq/lib\libapi.a(chclrpad.o)
 *(COMMON)
                0x00000000801fd790                . = ALIGN (0x4)
                0x00000000801fd790                __bss_end = .
                0x00000000801fd790                __heap_start = __heap_base
                0x000000008000f800                . = (ADDR (.text) - 0x800)
                0x000000008000f800                __end = .

/DISCARD/
 *(.MIPS.abiflags)

/DISCARD/
 *(.rel.iplt)
 *(.rela.iplt)
 *(.rel.plt)
 *(.rela.plt)
 *(.plt)
 *(.iplt)

/DISCARD/
 *(.note.GNU-stack)
 *(.gnu_debuglink)
 *(.gnu.lto_*)
OUTPUT(game.elf elf32-littlemips)

.reginfo        0x0000000000000000       0x18
 .reginfo       0x0000000000000000       0x18 game.o

.mdebug.abi32   0x0000000000000000        0x0
 .mdebug.abi32  0x0000000000000000        0x0 game.o

.comment        0x0000000000000000       0x12
 .comment       0x0000000000000000       0x12 game.o
                                         0x13 (size before relaxing)

.gnu.attributes
                0x0000000000000000       0x10
 .gnu.attributes
                0x0000000000000000       0x10 game.o
 .gnu.attributes
                0x0000000000000010       0x10 C:/nolibgs_hello_worlds/thirdparty/nugget/common/crt0/crt0.o

.pdr            0x0000000000000000        0x0
 .pdr           0x0000000000000000        0x0 C:/nolibgs_hello_worlds/thirdparty/nugget/common/crt0/crt0.o

.note           0x0000000000000000     0x307c
 .note          0x0000000000000000       0x74 C:/nolibgs_hello_worlds/psyq/lib\libapi.a(c57.o)
 .note          0x0000000000000074       0x74 C:/nolibgs_hello_worlds/psyq/lib\libc.a(c47.o)
 .note          0x00000000000000e8       0x74 C:/nolibgs_hello_worlds/psyq/lib\libc.a(c48.o)
 .note          0x000000000000015c       0x74 C:/nolibgs_hello_worlds/psyq/lib\libc.a(c51.o)
 .note          0x00000000000001d0       0x74 C:/nolibgs_hello_worlds/psyq/lib\libc.a(c52.o)
 .note          0x0000000000000244       0x74 C:/nolibgs_hello_worlds/psyq/lib\libetc.a(intr.o)
 .note          0x00000000000002b8       0x74 C:/nolibgs_hello_worlds/psyq/lib\libetc.a(intr_dma.o)
 .note          0x000000000000032c       0x74 C:/nolibgs_hello_worlds/psyq/lib\libetc.a(intr_vb.o)
 .note          0x00000000000003a0       0x74 C:/nolibgs_hello_worlds/psyq/lib\libetc.a(pad.o)
 .note          0x0000000000000414       0x74 C:/nolibgs_hello_worlds/psyq/lib\libetc.a(vsync.o)
 .note          0x0000000000000488       0x74 C:/nolibgs_hello_worlds/psyq/lib\libgpu.a(e03.o)
 .note          0x00000000000004fc       0x74 C:/nolibgs_hello_worlds/psyq/lib\libgpu.a(e04.o)
 .note          0x0000000000000570       0x74 C:/nolibgs_hello_worlds/psyq/lib\libgpu.a(font.o)
 .note          0x00000000000005e4       0x74 C:/nolibgs_hello_worlds/psyq/lib\libgpu.a(p06.o)
 .note          0x0000000000000658       0x74 C:/nolibgs_hello_worlds/psyq/lib\libgpu.a(p09.o)
 .note          0x00000000000006cc       0x74 C:/nolibgs_hello_worlds/psyq/lib\libgpu.a(p10.o)
 .note          0x0000000000000740       0x74 C:/nolibgs_hello_worlds/psyq/lib\libgpu.a(p20.o)
 .note          0x00000000000007b4       0x74 C:/nolibgs_hello_worlds/psyq/lib\libgpu.a(p26.o)
 .note          0x0000000000000828       0x74 C:/nolibgs_hello_worlds/psyq/lib\libgpu.a(p41.o)
 .note          0x000000000000089c       0x74 C:/nolibgs_hello_worlds/psyq/lib\libgpu.a(sys.o)
 .note          0x0000000000000910       0x74 C:/nolibgs_hello_worlds/psyq/lib\libgpu.a(t00.o)
 .note          0x0000000000000984       0x74 C:/nolibgs_hello_worlds/psyq/lib\libgpu.a(e00.o)
 .note          0x00000000000009f8       0x74 C:/nolibgs_hello_worlds/psyq/lib\libgpu.a(e02.o)
 .note          0x0000000000000a6c       0x74 C:/nolibgs_hello_worlds/psyq/lib\libgpu.a(p00.o)
 .note          0x0000000000000ae0       0x74 C:/nolibgs_hello_worlds/psyq/lib\libgpu.a(p01.o)
 .note          0x0000000000000b54       0x74 C:/nolibgs_hello_worlds/psyq/lib\libgte.a(cmb_00.o)
 .note          0x0000000000000bc8       0x74 C:/nolibgs_hello_worlds/psyq/lib\libgte.a(fgo_01.o)
 .note          0x0000000000000c3c       0x74 C:/nolibgs_hello_worlds/psyq/lib\libgte.a(msc00.o)
 .note          0x0000000000000cb0       0x74 C:/nolibgs_hello_worlds/psyq/lib\libgte.a(mtx_07.o)
 .note          0x0000000000000d24       0x74 C:/nolibgs_hello_worlds/psyq/lib\libgte.a(mtx_08.o)
 .note          0x0000000000000d98       0x74 C:/nolibgs_hello_worlds/psyq/lib\libgte.a(mtx_09.o)
 .note          0x0000000000000e0c       0x74 C:/nolibgs_hello_worlds/psyq/lib\libgte.a(mtx_12.o)
 .note          0x0000000000000e80       0x74 C:/nolibgs_hello_worlds/psyq/lib\libgte.a(patchgte.o)
 .note          0x0000000000000ef4       0x74 C:/nolibgs_hello_worlds/psyq/lib\libgte.a(reg12.o)
 .note          0x0000000000000f68       0x74 C:/nolibgs_hello_worlds/psyq/lib\libgte.a(reg13.o)
 .note          0x0000000000000fdc       0x74 C:/nolibgs_hello_worlds/psyq/lib\libgte.a(cstbl.o)
 .note          0x0000000000001050       0x74 C:/nolibgs_hello_worlds/psyq/lib\libspu.a(s_i.o)
 .note          0x00000000000010c4       0x74 C:/nolibgs_hello_worlds/psyq/lib\libspu.a(s_ini.o)
 .note          0x0000000000001138       0x74 C:/nolibgs_hello_worlds/psyq/lib\libspu.a(s_itc.o)
 .note          0x00000000000011ac       0x74 C:/nolibgs_hello_worlds/psyq/lib\libspu.a(s_m.o)
 .note          0x0000000000001220       0x74 C:/nolibgs_hello_worlds/psyq/lib\libspu.a(s_m_init.o)
 .note          0x0000000000001294       0x74 C:/nolibgs_hello_worlds/psyq/lib\libspu.a(s_m_m.o)
 .note          0x0000000000001308       0x74 C:/nolibgs_hello_worlds/psyq/lib\libspu.a(s_rmp0.o)
 .note          0x000000000000137c       0x74 C:/nolibgs_hello_worlds/psyq/lib\libspu.a(s_sca.o)
 .note          0x00000000000013f0       0x74 C:/nolibgs_hello_worlds/psyq/lib\libspu.a(s_si.o)
 .note          0x0000000000001464       0x74 C:/nolibgs_hello_worlds/psyq/lib\libspu.a(s_sk.o)
 .note          0x00000000000014d8       0x74 C:/nolibgs_hello_worlds/psyq/lib\libspu.a(s_stm.o)
 .note          0x000000000000154c       0x74 C:/nolibgs_hello_worlds/psyq/lib\libspu.a(s_stsa.o)
 .note          0x00000000000015c0       0x74 C:/nolibgs_hello_worlds/psyq/lib\libspu.a(s_sva.o)
 .note          0x0000000000001634       0x74 C:/nolibgs_hello_worlds/psyq/lib\libspu.a(s_svv.o)
 .note          0x00000000000016a8       0x74 C:/nolibgs_hello_worlds/psyq/lib\libspu.a(s_w.o)
 .note          0x000000000000171c       0x74 C:/nolibgs_hello_worlds/psyq/lib\libspu.a(spu.o)
 .note          0x0000000000001790       0x74 C:/nolibgs_hello_worlds/psyq/lib\libspu.a(s_dcb.o)
 .note          0x0000000000001804       0x74 C:/nolibgs_hello_worlds/psyq/lib\libspu.a(s_m_int.o)
 .note          0x0000000000001878       0x74 C:/nolibgs_hello_worlds/psyq/lib\libspu.a(s_n2p.o)
 .note          0x00000000000018ec       0x74 C:/nolibgs_hello_worlds/psyq/lib\libcd.a(cdr_1.o)
 .note          0x0000000000001960       0x74 C:/nolibgs_hello_worlds/psyq/lib\libcd.a(event.o)
 .note          0x00000000000019d4       0x74 C:/nolibgs_hello_worlds/psyq/lib\libcd.a(iso9660.o)
 .note          0x0000000000001a48       0x74 C:/nolibgs_hello_worlds/psyq/lib\libcd.a(s_002.o)
 .note          0x0000000000001abc       0x74 C:/nolibgs_hello_worlds/psyq/lib\libcd.a(s_003.o)
 .note          0x0000000000001b30       0x74 C:/nolibgs_hello_worlds/psyq/lib\libcd.a(s_004.o)
 .note          0x0000000000001ba4       0x74 C:/nolibgs_hello_worlds/psyq/lib\libcd.a(s_006.o)
 .note          0x0000000000001c18       0x74 C:/nolibgs_hello_worlds/psyq/lib\libcd.a(s_008.o)
 .note          0x0000000000001c8c       0x74 C:/nolibgs_hello_worlds/psyq/lib\libcd.a(s_013.o)
 .note          0x0000000000001d00       0x74 C:/nolibgs_hello_worlds/psyq/lib\libcd.a(s_014.o)
 .note          0x0000000000001d74       0x74 C:/nolibgs_hello_worlds/psyq/lib\libcd.a(s_015.o)
 .note          0x0000000000001de8       0x74 C:/nolibgs_hello_worlds/psyq/lib\libcd.a(s_016.o)
 .note          0x0000000000001e5c       0x74 C:/nolibgs_hello_worlds/psyq/lib\libcd.a(s_021.o)
 .note          0x0000000000001ed0       0x74 C:/nolibgs_hello_worlds/psyq/lib\libcd.a(s_022.o)
 .note          0x0000000000001f44       0x74 C:/nolibgs_hello_worlds/psyq/lib\libcd.a(s_023.o)
 .note          0x0000000000001fb8       0x74 C:/nolibgs_hello_worlds/psyq/lib\libcd.a(s_024.o)
 .note          0x000000000000202c       0x74 C:/nolibgs_hello_worlds/psyq/lib\libcd.a(sys.o)
 .note          0x00000000000020a0       0x74 C:/nolibgs_hello_worlds/psyq/lib\libcd.a(bios_1.o)
 .note          0x0000000000002114       0x74 C:/nolibgs_hello_worlds/psyq/lib\libcd.a(bios_2.o)
 .note          0x0000000000002188       0x74 C:/nolibgs_hello_worlds/psyq/lib\libcd.a(bios_3.o)
 .note          0x00000000000021fc       0x74 C:/nolibgs_hello_worlds/psyq/lib\libapi.a(a07.o)
 .note          0x0000000000002270       0x74 C:/nolibgs_hello_worlds/psyq/lib\libapi.a(a08.o)