Archive member included to satisfy reference by file (symbol)

C:/nolibgs_hello_worlds/psyq/lib\libapi.a(c57.o)
                              game.o (InitHeap)
C:/nolibgs_hello_worlds/psyq/lib\libc.a(c47.o)
                              game.o (rand)
C:/nolibgs_hello_worlds/psyq/lib\libc.a(c48.o)
                              game.o (srand)
C:/nolibgs_hello_worlds/psyq/lib\libc.a(c51.o)
                              game.o (malloc)
C:/nolibgs_hello_worlds/psyq/lib\libc.a(c52.o)
                              game.o (free)
C:/nolibgs_hello_worlds/psyq/lib\libetc.a(intr.o)
                              game.o (ResetCallback)
C:/nolibgs_hello_worlds/psyq/lib\libetc.a(intr_dma.o)
                              C:/nolibgs_hello_worlds/psyq/lib\libetc.a(intr.o) (startIntrDMA)
C:/nolibgs_hello_worlds/psyq/lib\libetc.a(intr_vb.o)
                              C:/nolibgs_hello_worlds/psyq/lib\libetc.a(intr.o) (startIntrVSync)
C:/nolibgs_hello_worlds/psyq/lib\libetc.a(pad.o)
                              game.o (PadRead)
C:/nolibgs_hello_worlds/psyq/lib\libetc.a(vsync.o)
                              game.o (VSync)
C:/nolibgs_hello_worlds/psyq/lib\libgpu.a(e03.o)
                              game.o (SetDefDrawEnv)
C:/nolibgs_hello_worlds/psyq/lib\libgpu.a(e04.o)
                              game.o (SetDefDispEnv)
C:/nolibgs_hello_worlds/psyq/lib\libgpu.a(font.o)
                              game.o (FntFlush)
C:/nolibgs_hello_worlds/psyq/lib\libgpu.a(p06.o)
                              C:/nolibgs_hello_worlds/psyq/lib\libgpu.a(font.o) (AddPrim)
C:/nolibgs_hello_worlds/psyq/lib\libgpu.a(p09.o)
                              C:/nolibgs_hello_worlds/psyq/lib\libgpu.a(font.o) (TermPrim)
C:/nolibgs_hello_worlds/psyq/lib\libgpu.a(p10.o)
                              C:/nolibgs_hello_worlds/psyq/lib\libgpu.a(font.o) (SetSemiTrans)
C:/nolibgs_hello_worlds/psyq/lib\libgpu.a(p20.o)
                              C:/nolibgs_hello_worlds/psyq/lib\libgpu.a(font.o) (SetSprt8)
C:/nolibgs_hello_worlds/psyq/lib\libgpu.a(p26.o)
                              C:/nolibgs_hello_worlds/psyq/lib\libgpu.a(font.o) (SetTile)
C:/nolibgs_hello_worlds/psyq/lib\libgpu.a(p41.o)
                              C:/nolibgs_hello_worlds/psyq/lib\libgpu.a(font.o) (SetDrawMode)
C:/nolibgs_hello_worlds/psyq/lib\libgpu.a(sys.o)
                              game.o (ClearImage2)
C:/nolibgs_hello_worlds/psyq/lib\libgpu.a(t00.o)
                              game.o (ReadTIM)
C:/nolibgs_hello_worlds/psyq/lib\libgpu.a(e00.o)
                              C:/nolibgs_hello_worlds/psyq/lib\libgpu.a(font.o) (LoadTPage)
C:/nolibgs_hello_worlds/psyq/lib\libgpu.a(e02.o)
                              C:/nolibgs_hello_worlds/psyq/lib\libgpu.a(font.o) (LoadClut2)
C:/nolibgs_hello_worlds/psyq/lib\libgpu.a(p00.o)
                              C:/nolibgs_hello_worlds/psyq/lib\libgpu.a(e00.o) (GetTPage)
C:/nolibgs_hello_worlds/psyq/lib\libgpu.a(p01.o)
                              C:/nolibgs_hello_worlds/psyq/lib\libgpu.a(e02.o) (GetClut)
C:/nolibgs_hello_worlds/psyq/lib\libgte.a(cmb_00.o)
                              game.o (RotTransPers4)
C:/nolibgs_hello_worlds/psyq/lib\libgte.a(fgo_01.o)
                              game.o (RotMatrix)
C:/nolibgs_hello_worlds/psyq/lib\libgte.a(msc00.o)
                              game.o (InitGeom)
C:/nolibgs_hello_worlds/psyq/lib\libgte.a(mtx_07.o)
                              game.o (TransMatrix)
C:/nolibgs_hello_worlds/psyq/lib\libgte.a(mtx_08.o)
                              game.o (ScaleMatrix)
C:/nolibgs_hello_worlds/psyq/lib\libgte.a(mtx_09.o)
                              game.o (SetRotMatrix)
C:/nolibgs_hello_worlds/psyq/lib\libgte.a(mtx_12.o)
                              game.o (SetTransMatrix)
C:/nolibgs_hello_worlds/psyq/lib\libgte.a(patchgte.o)
                              C:/nolibgs_hello_worlds/psyq/lib\libgte.a(msc00.o) (_patch_gte)
C:/nolibgs_hello_worlds/psyq/lib\libgte.a(reg12.o)
                              game.o (SetGeomOffset)
C:/nolibgs_hello_worlds/psyq/lib\libgte.a(reg13.o)
                              game.o (SetGeomScreen)
C:/nolibgs_hello_worlds/psyq/lib\libgte.a(cstbl.o)
                              C:/nolibgs_hello_worlds/psyq/lib\libgte.a(fgo_01.o) (rcossin_tbl)
C:/nolibgs_hello_worlds/psyq/lib\libspu.a(s_i.o)
                              game.o (SpuInit)
C:/nolibgs_hello_worlds/psyq/lib\libspu.a(s_ini.o)
                              C:/nolibgs_hello_worlds/psyq/lib\libspu.a(s_i.o) (_SpuInit)
C:/nolibgs_hello_worlds/psyq/lib\libspu.a(s_itc.o)
                              game.o (SpuIsTransferCompleted)
C:/nolibgs_hello_worlds/psyq/lib\libspu.a(s_m.o)
                              C:/nolibgs_hello_worlds/psyq/lib\libspu.a(s_ini.o) (_spu_memList)
C:/nolibgs_hello_worlds/psyq/lib\libspu.a(s_m_init.o)
                              game.o (SpuInitMalloc)
C:/nolibgs_hello_worlds/psyq/lib\libspu.a(s_m_m.o)
[...]
Memory Configuration

Name             Origin             Length             Attributes
loader           0x000000008000f800 0x0000000000000800
ram              0x0000000080010000 0x00000000001f0000 xrw
dcache           0x000000001f800000 0x0000000000000400
*default*        0x0000000000000000 0xffffffffffffffff

Linker script and memory map

LOAD game.o
LOAD tim/officeLEFT.o
LOAD tim/officeLEFTlight.o
LOAD tim/officeLEFTnolight.o
LOAD tim/officeLEFTlightbonnie.o
LOAD tim/officeMIDDLE.o
LOAD tim/officeMIDDLEnolight.o
LOAD tim/officeRIGHT.o
LOAD tim/officeRIGHTlight.o
LOAD tim/officeRIGHTlightchica.o
LOAD tim/officeRIGHTnolight.o
LOAD tim/CAMERAMONITOR.o
LOAD tim/freddysneak.o
LOAD tim/gameover.o
LOAD tim/FAM.o
LOAD tim/load.o
LOAD tim/SAM.o
LOAD tim/fnt.o
LOAD tim/GJFIV.o
LOAD tim/GJSEV.o
LOAD tim/GJSIX.o
LOAD tim/doors.o
LOAD vag/Door.o
LOAD vag/light.o
LOAD vag/Monitor.o
LOAD vag/officesound.o
LOAD vag/click.o
LOAD vag/noisedoor.o
LOAD vag/screamer.o
LOAD vag/honk.o
LOAD vag/Footstep.o
LOAD vag/knock.o
LOAD vag/footstepfoxy.o
LOAD vag/lightout.o
LOAD vag/jamlight.o
LOAD vag/footstep2.o
LOAD C:/nolibgs_hello_worlds/thirdparty/nugget/common/crt0/crt0.o
LOAD C:/nolibgs_hello_worlds/thirdparty/nugget/common/syscalls/printf.o
START GROUP
LOAD C:/nolibgs_hello_worlds/psyq/lib\libapi.a
LOAD C:/nolibgs_hello_worlds/psyq/lib\libc.a
LOAD C:/nolibgs_hello_worlds/psyq/lib\libc2.a
LOAD C:/nolibgs_hello_worlds/psyq/lib\libcard.a
LOAD C:/nolibgs_hello_worlds/psyq/lib\libcomb.a
LOAD C:/nolibgs_hello_worlds/psyq/lib\libds.a
LOAD C:/nolibgs_hello_worlds/psyq/lib\libetc.a
LOAD C:/nolibgs_hello_worlds/psyq/lib\libgpu.a
LOAD C:/nolibgs_hello_worlds/psyq/lib\libgs.a
LOAD C:/nolibgs_hello_worlds/psyq/lib\libgte.a
LOAD C:/nolibgs_hello_worlds/psyq/lib\libgun.a
LOAD C:/nolibgs_hello_worlds/psyq/lib\libhmd.a
LOAD C:/nolibgs_hello_worlds/psyq/lib\libmath.a
LOAD C:/nolibgs_hello_worlds/psyq/lib\libmcrd.a
LOAD C:/nolibgs_hello_worlds/psyq/lib\libmcx.a
LOAD C:/nolibgs_hello_worlds/psyq/lib\libpad.a
LOAD C:/nolibgs_hello_worlds/psyq/lib\libpress.a
LOAD C:/nolibgs_hello_worlds/psyq/lib\libsio.a
LOAD C:/nolibgs_hello_worlds/psyq/lib\libsnd.a
LOAD C:/nolibgs_hello_worlds/psyq/lib\libspu.a
LOAD C:/nolibgs_hello_worlds/psyq/lib\libtap.a
LOAD C:/nolibgs_hello_worlds/psyq/lib\libcd.a
END GROUP
                0x0000000080195720                __heap_base = __bss_end
                0x0000000080010000                TLOAD_ADDR = DEFINED (TLOAD_ADDR)?TLOAD_ADDR:0x80010000
                0x0000000080200000                __ram_top = (ORIGIN (ram) + LENGTH (ram))
                0x00000000801fff00                __sp = (__ram_top - 0x100)
                0x000000001f800000                __dcache = ORIGIN (dcache)
                0x000000001f800400                __dcache_top = (ORIGIN (dcache) + LENGTH (dcache))
                0x0000000000058f20                __bss_len = (__bss_end - __bss_start)
                0x0000000000016d40                __ftext_len = (__ftext_end - __ftext_start)
                0x0000000000115ac0                __fdata_len = (__fdata_end - __fdata_start)
                0x0000000080200000                __stack_start = (ORIGIN (ram) + LENGTH (ram))

.PSX_EXE_Header
                0x000000008000f800      0x800
                0x000000008000f800        0x1 BYTE 0x50
                0x000000008000f801        0x1 BYTE 0x53
                0x000000008000f802        0x1 BYTE 0x2d
                0x000000008000f803        0x1 BYTE 0x58
                0x000000008000f804        0x1 BYTE 0x20
                0x000000008000f805        0x1 BYTE 0x45
                0x000000008000f806        0x1 BYTE 0x58
                0x000000008000f807        0x1 BYTE 0x45
                0x000000008000f808        0x4 LONG 0x0
                0x000000008000f80c        0x4 LONG 0x0
                0x000000008000f810        0x4 LONG 0x80010000 ABSOLUTE (_start)
                0x000000008000f814        0x4 LONG 0x0
                0x000000008000f818        0x4 LONG 0x80010000 TLOAD_ADDR
                0x000000008000f81c        0x4 LONG 0x12c800 (__ftext_len + __fdata_len)
                0x000000008000f820        0x4 LONG 0x0
                0x000000008000f824        0x4 LONG 0x0
                0x000000008000f828        0x4 LONG 0x0
                0x000000008000f82c        0x4 LONG 0x0
                0x000000008000f830        0x4 LONG 0x801fff00 DEFINED (_sp)?ABSOLUTE (_sp):0x801fff00
                0x000000008000f834        0x4 LONG 0x0
                0x0000000080010000                . = (. + 0x7c8)
 *fill*         0x000000008000f838      0x7c8 
                0x0000000080010000                __ftext_start = ABSOLUTE (.)

.text           0x0000000080010000    0x16d40
 *(.start)
 .start         0x0000000080010000       0x64 C:/nolibgs_hello_worlds/thirdparty/nugget/common/crt0/crt0.o
                0x0000000080010000                _start
 *(.init)
 *(SORT_NONE(.fini))
 *(.text.unlikely .text.*_unlikely .text.unlikely.*)
 *(.text.exit .text.exit.*)
 *(.text.startup .text.startup.*)
 .text.startup.main
                0x0000000080010064     0x4dc0 game.o
                0x0000000080010064                main
 *(.text.hot .text.hot.*)
 *(.text .stub .text.* .gnu.linkonce.t.*)
 .text.Ran      0x0000000080014e24       0x50 game.o
                0x0000000080014e24                Ran
 .text.clearVRAM
                0x0000000080014e74       0x6c game.o
                0x0000000080014e74                clearVRAM
 .text.makepoly
                0x0000000080014ee0     0x1c10 game.o
                0x0000000080014ee0                makepoly
 .text.cameraloc
                0x0000000080016af0     0x1328 game.o
                0x0000000080016af0                cameraloc
 .text.LoadTexture
                0x0000000080017e18       0x7c game.o
                0x0000000080017e18                LoadTexture
 .text.init     0x0000000080017e94      0x140 game.o
                0x0000000080017e94                init
 .text.display  0x0000000080017fd4       0xb0 game.o
                0x0000000080017fd4                display
 .text.initSnd  0x0000000080018084       0x64 game.o
                0x0000000080018084                initSnd
 .text.spuSetup
                0x00000000800180e8       0x50 game.o
                0x00000000800180e8                spuSetup
 .text.XAsetup  0x0000000080018138       0x3c game.o
                0x0000000080018138                XAsetup
 .text.sendVAGtoSPU
                0x0000000080018174       0x50 game.o
                0x0000000080018174                sendVAGtoSPU
 .text.setVoiceAttr
                0x00000000800181c4      0x13c game.o
                0x00000000800181c4                setVoiceAttr
 .text.setSPUtransfer
                0x0000000080018300      0x100 game.o
                0x0000000080018300                setSPUtransfer
 .text.chargeNtimeFunc
                0x0000000080018400      0x14c game.o
                0x0000000080018400                chargeNtimeFunc
 .text.resetgame
                0x000000008001854c      0x2c0 game.o
                0x000000008001854c                resetgame
 .text.print    0x000000008001880c      0x30c game.o
                0x000000008001880c                print
 .text.printNightInfo
                0x0000000080018b18      0x194 game.o
                0x0000000080018b18                printNightInfo
 .text.menuselectionfunc
                0x0000000080018cac     0x13cc game.o
                0x0000000080018cac                menuselectionfunc
 .text.menuPrint
                0x000000008001a078      0x9bc game.o
                0x000000008001a078                menuPrint
 .text.gameoverprint
                0x000000008001aa34       0x50 game.o
                0x000000008001aa34                gameoverprint
 .text.LightFunc
                0x000000008001aa84      0x20c game.o
                0x000000008001aa84                LightFunc
 .text.animatronicFunc
                0x000000008001ac90      0xa64 game.o
                0x000000008001ac90                animatronicFunc
 .text.doorFuncX
                0x000000008001b6f4      0x104 game.o
                0x000000008001b6f4                doorFuncX
 .text.CameraFunc
                0x000000008001b7f8      0x144 game.o
                0x000000008001b7f8                CameraFunc
 .text.controllerinput
                0x000000008001b93c      0x360 game.o
                0x000000008001b93c                controllerinput
 .text.screamer
                0x000000008001bc9c       0x80 game.o
                0x000000008001bc9c                screamer
 .text.lightsout
                0x000000008001bd1c       0xb0 game.o
                0x000000008001bd1c                lightsout
 .text.gamevictory
                0x000000008001bdcc       0x94 game.o
                0x000000008001bdcc                gamevictory
 .text          0x000000008001be60       0x10 C:/nolibgs_hello_worlds/psyq/lib\libapi.a(c57.o)
                0x000000008001be60                InitHeap
 .text          0x000000008001be70       0x10 C:/nolibgs_hello_worlds/psyq/lib\libc.a(c47.o)
                0x000000008001be70                rand
 .text          0x000000008001be80       0x10 C:/nolibgs_hello_worlds/psyq/lib\libc.a(c48.o)
                0x000000008001be80                srand
 .text          0x000000008001be90       0x10 C:/nolibgs_hello_worlds/psyq/lib\libc.a(c51.o)
                0x000000008001be90                malloc
 .text          0x000000008001bea0       0x10 C:/nolibgs_hello_worlds/psyq/lib\libc.a(c52.o)
                0x000000008001bea0                free
 .text          0x000000008001beb0      0x6c0 C:/nolibgs_hello_worlds/psyq/lib\libetc.a(intr.o)
                0x000000008001beb0                ResetCallback
                0x000000008001bee0                InterruptCallback
                0x000000008001bf10                DMACallback
                0x000000008001bf40                VSyncCallback
                0x000000008001bf74                VSyncCallbacks
                0x000000008001bfa4                StopCallback
                0x000000008001bfd4                RestartCallback
                0x000000008001c004                CheckCallback
                0x000000008001c014                GetIntrMask
                0x000000008001c02c                SetIntrMask
 .text          0x000000008001c570      0x2a0 C:/nolibgs_hello_worlds/psyq/lib\libetc.a(intr_dma.o)
                0x000000008001c570                startIntrDMA
 .text          0x000000008001c810      0x120 C:/nolibgs_hello_worlds/psyq/lib\libetc.a(intr_vb.o)
                0x000000008001c810                startIntrVSync
 .text          0x000000008001c930       0x80 C:/nolibgs_hello_worlds/psyq/lib\libetc.a(pad.o)
                0x000000008001c930                PadInit
                0x000000008001c97c                PadRead
 .text          0x000000008001c9b0      0x210 C:/nolibgs_hello_worlds/psyq/lib\libetc.a(vsync.o)
                0x000000008001c9b0                VSync
 .text          0x000000008001cbc0       0xc0 C:/nolibgs_hello_worlds/psyq/lib\libgpu.a(e03.o)
                0x000000008001cbc0                SetDefDrawEnv
 .text          0x000000008001cc80       0x40 C:/nolibgs_hello_worlds/psyq/lib\libgpu.a(e04.o)
                0x000000008001cc80                SetDefDispEnv
 .text          0x000000008001ccc0      0xa80 C:/nolibgs_hello_worlds/psyq/lib\libgpu.a(font.o)
                0x000000008001ccc0                SetDumpFnt
                0x000000008001cd00                FntLoad
                0x000000008001cda0                FntOpen
                0x000000008001d05c                FntFlush
                0x000000008001d378                FntPrint
 .text          0x000000008001d740       0x40 C:/nolibgs_hello_worlds/psyq/lib\libgpu.a(p06.o)
                0x000000008001d740                AddPrim
 .text          0x000000008001d780       0x20 C:/nolibgs_hello_worlds/psyq/lib\libgpu.a(p09.o)
                0x000000008001d780                TermPrim
 .text          0x000000008001d7a0       0x30 C:/nolibgs_hello_worlds/psyq/lib\libgpu.a(p10.o)
                0x000000008001d7a0                SetSemiTrans
 .text          0x000000008001d7d0       0x20 C:/nolibgs_hello_worlds/psyq/lib\libgpu.a(p20.o)
                0x000000008001d7d0                SetSprt8
 .text          0x000000008001d7f0       0x20 C:/nolibgs_hello_worlds/psyq/lib\libgpu.a(p26.o)
                0x000000008001d7f0                SetTile
 .text          0x000000008001d810       0xa0 C:/nolibgs_hello_worlds/psyq/lib\libgpu.a(p41.o)
                0x000000008001d810                SetDrawMode
 .text          0x000000008001d8b0     0x2f00 C:/nolibgs_hello_worlds/psyq/lib\libgpu.a(sys.o)
                0x000000008001d8b0                ResetGraph
                0x000000008001da24                SetGraphDebug
                0x000000008001da80                SetGraphQueue
                0x000000008001db24                GetGraphDebug
                0x000000008001db34                DrawSyncCallback
                0x000000008001db94                SetDispMask
                0x000000008001dc2c                DrawSync
                0x000000008001ddb0                ClearImage
                0x000000008001de40                ClearImage2
                0x000000008001ded8                LoadImage
                0x000000008001df38                StoreImage
                0x000000008001df98                MoveImage
                0x000000008001e050                ClearOTag
                0x000000008001e118                ClearOTagR
                0x000000008001e1c4                DrawPrim
                0x000000008001e220                DrawOTag
                0x000000008001e290                PutDrawEnv
                0x000000008001e350                DrawOTagEnv
                0x000000008001e428                GetDrawEnv
                0x000000008001e45c                PutDispEnv
                0x000000008001e954                GetDispEnv
                0x000000008001e988                GetODE
                0x000000008001e9b8                SetDrawArea
                0x000000008001ea38                SetDrawOffset
                0x000000008001ea78                SetDrawEnv
                0x0000000080020348                LoadImage2
                0x0000000080020434                StoreImage2
                0x0000000080020520                MoveImage2
                0x0000000080020664                DrawOTag2
                0x0000000080020760                _GPU_ResetCallback
 .text          0x00000000800207b0      0x190 C:/nolibgs_hello_worlds/psyq/lib\libgpu.a(t00.o)
                0x00000000800207b0                OpenTIM
                0x00000000800207c0                ReadTIM
 .text          0x0000000080020940       0xf0 C:/nolibgs_hello_worlds/psyq/lib\libgpu.a(e00.o)
                0x0000000080020940                LoadTPage
 .text          0x0000000080020a30       0x70 C:/nolibgs_hello_worlds/psyq/lib\libgpu.a(e02.o)
                0x0000000080020a30                LoadClut2
 .text          0x0000000080020aa0       0x40 C:/nolibgs_hello_worlds/psyq/lib\libgpu.a(p00.o)
                0x0000000080020aa0                GetTPage
 .text          0x0000000080020ae0       0x20 C:/nolibgs_hello_worlds/psyq/lib\libgpu.a(p01.o)
                0x0000000080020ae0                GetClut
 .text          0x0000000080020b00       0x80 C:/nolibgs_hello_worlds/psyq/lib\libgte.a(cmb_00.o)
                0x0000000080020b00                RotTransPers4
 .text          0x0000000080020b80      0x290 C:/nolibgs_hello_worlds/psyq/lib\libgte.a(fgo_01.o)
                0x0000000080020b80                RotMatrix
 .text          0x0000000080020e10       0x90 C:/nolibgs_hello_worlds/psyq/lib\libgte.a(msc00.o)
                0x0000000080020e18                InitGeom
 .text          0x0000000080020ea0       0x30 C:/nolibgs_hello_worlds/psyq/lib\libgte.a(mtx_07.o)
                0x0000000080020ea0                TransMatrix
 .text          0x0000000080020ed0      0x140 C:/nolibgs_hello_worlds/psyq/lib\libgte.a(mtx_08.o)
                0x0000000080020ed0                ScaleMatrix
 .text          0x0000000080021010       0x30 C:/nolibgs_hello_worlds/psyq/lib\libgte.a(mtx_09.o)
                0x0000000080021010                SetRotMatrix
 .text          0x0000000080021040       0x20 C:/nolibgs_hello_worlds/psyq/lib\libgte.a(mtx_12.o)
                0x0000000080021040                SetTransMatrix
 .text          0x0000000080021060       0xe0 C:/nolibgs_hello_worlds/psyq/lib\libgte.a(patchgte.o)
                0x0000000080021060                _patch_gte
 .text          0x0000000080021140       0x20 C:/nolibgs_hello_worlds/psyq/lib\libgte.a(reg12.o)
                0x0000000080021140                SetGeomOffset
 .text          0x0000000080021160       0x10 C:/nolibgs_hello_worlds/psyq/lib\libgte.a(reg13.o)
                0x0000000080021160                SetGeomScreen
 .text          0x0000000080021170       0x20 C:/nolibgs_hello_worlds/psyq/lib\libspu.a(s_i.o)
                0x0000000080021170                SpuInit
 .text          0x0000000080021190      0x160 C:/nolibgs_hello_worlds/psyq/lib\libspu.a(s_ini.o)
                0x0000000080021190                _SpuInit
                0x0000000080021278                SpuStart
 .text          0x00000000800212f0       0xb0 C:/nolibgs_hello_worlds/psyq/lib\libspu.a(s_itc.o)
                0x00000000800212f0                SpuIsTransferCompleted
 .text          0x00000000800213a0       0x60 C:/nolibgs_hello_worlds/psyq/lib\libspu.a(s_m_init.o)
                0x00000000800213a0                SpuInitMalloc
 .text          0x0000000080021400      0x2d0 C:/nolibgs_hello_worlds/psyq/lib\libspu.a(s_m_m.o)
                0x0000000080021400                SpuMalloc
 .text          0x00000000800216d0      0x380 C:/nolibgs_hello_worlds/psyq/lib\libspu.a(s_sca.o)
                0x00000000800216d0                SpuSetCommonAttr
 .text          0x0000000080021a50      0x140 C:/nolibgs_hello_worlds/psyq/lib\libspu.a(s_si.o)
                0x0000000080021a50                SpuSetIRQ
 .text          0x0000000080021b90      0x1c0 C:/nolibgs_hello_worlds/psyq/lib\libspu.a(s_sk.o)
                0x0000000080021b90                SpuSetKey
 .text          0x0000000080021d50       0x30 C:/nolibgs_hello_worlds/psyq/lib\libspu.a(s_stm.o)
                0x0000000080021d50                SpuSetTransferMode
 .text          0x0000000080021d80       0x60 C:/nolibgs_hello_worlds/psyq/lib\libspu.a(s_stsa.o)
                0x0000000080021d80                SpuSetTransferStartAddr
 .text          0x0000000080021de0      0x600 C:/nolibgs_hello_worlds/psyq/lib\libspu.a(s_sva.o)
                0x0000000080021de0                SpuSetVoiceAttr
 .text          0x00000000800223e0       0x80 C:/nolibgs_hello_worlds/psyq/lib\libspu.a(s_svv.o)
                0x00000000800223e0                SpuSetVoiceVolume
 .text          0x0000000080022460       0x60 C:/nolibgs_hello_worlds/psyq/lib\libspu.a(s_w.o)
                0x0000000080022460                SpuWrite
 .text          0x00000000800224c0      0xb40 C:/nolibgs_hello_worlds/psyq/lib\libspu.a(spu.o)
                0x00000000800224c0                _spu_init
                0x0000000080022900                _spu_FiDMA
                0x00000000800229bc                _spu_Fr_
                0x0000000080022a64                _spu_t
                0x0000000080022ce4                _spu_Fw
                0x0000000080022d68                _spu_Fr
                0x0000000080022dcc                _spu_FsetRXX
                0x0000000080022e10                _spu_FsetRXXa
                0x0000000080022eb4                _spu_FgetRXXa
                0x0000000080022ef0                _spu_FsetPCR
                0x0000000080022f98                _spu_Fw1ts
 .text          0x0000000080023000       0x30 C:/nolibgs_hello_worlds/psyq/lib\libspu.a(s_dcb.o)
                0x0000000080023000                _SpuDataCallback
 .text          0x0000000080023030      0x300 C:/nolibgs_hello_worlds/psyq/lib\libspu.a(s_m_int.o)
                0x0000000080023030                _spu_gcSPU
 .text          0x0000000080023330      0x200 C:/nolibgs_hello_worlds/psyq/lib\libspu.a(s_n2p.o)
                0x0000000080023330                _spu_note2pitch
                0x0000000080023400                _spu_pitch2note
 .text          0x0000000080023530      0x9a0 C:/nolibgs_hello_worlds/psyq/lib\libcd.a(cdr_1.o)
                0x0000000080023a90                CdReadBreak
                0x0000000080023c30                CdRead
                0x0000000080023dcc                CdReadSync
 .text          0x0000000080023ed0      0x150 C:/nolibgs_hello_worlds/psyq/lib\libcd.a(event.o)
                0x0000000080023ed0                CdInit
 .text          0x0000000080024020      0x970 C:/nolibgs_hello_worlds/psyq/lib\libcd.a(iso9660.o)
                0x0000000080024020                CdSearchFile
 .text          0x0000000080024990      0x110 C:/nolibgs_hello_worlds/psyq/lib\libcd.a(s_002.o)
                0x0000000080024990                CdIntToPos
 .text          0x0000000080024aa0       0x10 C:/nolibgs_hello_worlds/psyq/lib\libcd.a(s_003.o)
                0x0000000080024aa0                CdStatus
 .text          0x0000000080024ab0       0x10 C:/nolibgs_hello_worlds/psyq/lib\libcd.a(s_004.o)
                0x0000000080024ab0                CdMode
 .text          0x0000000080024ac0       0x10 C:/nolibgs_hello_worlds/psyq/lib\libcd.a(s_006.o)
                0x0000000080024ac0                CdLastPos
 .text          0x0000000080024ad0       0x20 C:/nolibgs_hello_worlds/psyq/lib\libcd.a(s_008.o)
                0x0000000080024ad0                CdFlush
 .text          0x0000000080024af0       0x20 C:/nolibgs_hello_worlds/psyq/lib\libcd.a(s_013.o)
                0x0000000080024af0                CdReady
 .text          0x0000000080024b10       0x20 C:/nolibgs_hello_worlds/psyq/lib\libcd.a(s_014.o)
                0x0000000080024b10                CdSyncCallback
 .text          0x0000000080024b30       0x20 C:/nolibgs_hello_worlds/psyq/lib\libcd.a(s_015.o)
                0x0000000080024b30                CdReadyCallback
 .text          0x0000000080024b50      0x3c0 C:/nolibgs_hello_worlds/psyq/lib\libcd.a(s_016.o)
                0x0000000080024b50                CdControl
                0x0000000080024c8c                CdControlF
                0x0000000080024dc0                CdControlB
 .text          0x0000000080024f10       0x20 C:/nolibgs_hello_worlds/psyq/lib\libcd.a(s_021.o)
                0x0000000080024f10                CdGetSector
 .text          0x0000000080024f30       0x20 C:/nolibgs_hello_worlds/psyq/lib\libcd.a(s_022.o)
                0x0000000080024f30                CdGetSector2
 .text          0x0000000080024f50       0x30 C:/nolibgs_hello_worlds/psyq/lib\libcd.a(s_023.o)
                0x0000000080024f50                CdDataCallback
 .text          0x0000000080024f80       0x20 C:/nolibgs_hello_worlds/psyq/lib\libcd.a(s_024.o)
                0x0000000080024f80                CdDataSync
 .text          0x0000000080024fa0       0x80 C:/nolibgs_hello_worlds/psyq/lib\libcd.a(sys.o)
                0x0000000080024fa0                CdPosToInt
 .text          0x0000000080025020     0x1580 C:/nolibgs_hello_worlds/psyq/lib\libcd.a(bios_1.o)
                0x0000000080025584                CD_sync
                0x0000000080025804                CD_ready
                0x0000000080025acc                CD_cw
                0x0000000080025ed8                CD_vol
                0x0000000080025f60                CD_flush
                0x0000000080026034                CD_initvol
                0x0000000080026124                CD_initintr
                0x0000000080026170                CD_init
                0x0000000080026350                CD_datasync
                0x00000000800264b8                CD_set_test_parmnum
 .text          0x00000000800265a0      0x100 C:/nolibgs_hello_worlds/psyq/lib\libcd.a(bios_2.o)
                0x00000000800265a0                CD_getsector
 .text          0x00000000800266a0       0xf0 C:/nolibgs_hello_worlds/psyq/lib\libcd.a(bios_3.o)
                0x00000000800266a0                CD_getsector2
 .text          0x0000000080026790       0x10 C:/nolibgs_hello_worlds/psyq/lib\libapi.a(a07.o)
                0x0000000080026790                DeliverEvent
 .text          0x00000000800267a0       0x10 C:/nolibgs_hello_worlds/psyq/lib\libapi.a(a08.o)
                0x00000000800267a0                OpenEvent
 .text          0x00000000800267b0       0x10 C:/nolibgs_hello_worlds/psyq/lib\libapi.a(a11.o)
                0x00000000800267b0                TestEvent
 .text          0x00000000800267c0       0x10 C:/nolibgs_hello_worlds/psyq/lib\libapi.a(a12.o)
                0x00000000800267c0                EnableEvent
 .text          0x00000000800267d0       0x10 C:/nolibgs_hello_worlds/psyq/lib\libapi.a(a22.o)
                0x00000000800267d0                PAD_dr
 .text          0x00000000800267e0       0x10 C:/nolibgs_hello_worlds/psyq/lib\libapi.a(a23.o)
                0x00000000800267e0                ReturnFromException
 .text          0x00000000800267f0       0x10 C:/nolibgs_hello_worlds/psyq/lib\libapi.a(a24.o)
                0x00000000800267f0                ResetEntryInt
 .text          0x0000000080026800       0x10 C:/nolibgs_hello_worlds/psyq/lib\libapi.a(a25.o)
                0x0000000080026800                HookEntryInt
 .text          0x0000000080026810       0x10 C:/nolibgs_hello_worlds/psyq/lib\libapi.a(a36.o)
                0x0000000080026810                EnterCriticalSection
 .text          0x0000000080026820       0x10 C:/nolibgs_hello_worlds/psyq/lib\libapi.a(a37.o)
                0x0000000080026820                ExitCriticalSection
 .text          0x0000000080026830       0x10 C:/nolibgs_hello_worlds/psyq/lib\libapi.a(a91.o)
                0x0000000080026830                ChangeClearPAD
 .text          0x0000000080026840       0x20 C:/nolibgs_hello_worlds/psyq/lib\libapi.a(c114.o)
                0x0000000080026848                _96_remove
 .text          0x0000000080026860       0x10 C:/nolibgs_hello_worlds/psyq/lib\libapi.a(c68.o)
                0x0000000080026860                FlushCache
 .text          0x0000000080026870       0x10 C:/nolibgs_hello_worlds/psyq/lib\libapi.a(c73.o)
                0x0000000080026870                GPU_cw
 .text          0x0000000080026880       0x10 C:/nolibgs_hello_worlds/psyq/lib\libapi.a(l10.o)
                0x0000000080026880                ChangeClearRCnt
 .text          0x0000000080026890      0x290 C:/nolibgs_hello_worlds/psyq/lib\libapi.a(pad.o)
                0x0000000080026890                SetInitPadFlag
                0x000000008002689c                ReadInitPadFlag
                0x00000000800268ac                PAD_init
                0x000000008002693c                InitPAD
                0x00000000800269cc                StartPAD
 .text          0x0000000080026b20       0xa0 C:/nolibgs_hello_worlds/psyq/lib\libapi.a(patch.o)
                0x0000000080026b20                EnablePAD
                0x0000000080026b34                DisablePAD
                0x0000000080026b48                _patch_pad
 .text          0x0000000080026bc0       0x10 C:/nolibgs_hello_worlds/psyq/lib\libapi.a(a18.o)
                0x0000000080026bc0                InitPAD2
 .text          0x0000000080026bd0       0x10 C:/nolibgs_hello_worlds/psyq/lib\libapi.a(a19.o)
                0x0000000080026bd0                StartPAD2
 .text          0x0000000080026be0       0x10 C:/nolibgs_hello_worlds/psyq/lib\libapi.a(a21.o)
                0x0000000080026be0                PAD_init2
 .text          0x0000000080026bf0       0x70 C:/nolibgs_hello_worlds/psyq/lib\libapi.a(chclrpad.o)
                0x0000000080026bf0                _remove_ChgclrPAD
 .text          0x0000000080026c60       0x10 C:/nolibgs_hello_worlds/psyq/lib\libapi.a(l02.o)
                0x0000000080026c60                SysEnqIntRP
 .text          0x0000000080026c70       0x10 C:/nolibgs_hello_worlds/psyq/lib\libapi.a(l03.o)
                0x0000000080026c70                SysDeqIntRP
 .text          0x0000000080026c80       0x20 C:/nolibgs_hello_worlds/psyq/lib\libc.a(a63.o)
                0x0000000080026c88                puts
 .text          0x0000000080026ca0       0x10 C:/nolibgs_hello_worlds/psyq/lib\libc.a(c19.o)
                0x0000000080026ca0                setjmp
 .text          0x0000000080026cb0       0x10 C:/nolibgs_hello_worlds/psyq/lib\libc.a(c23.o)
                0x0000000080026cb0                strcmp
 .text          0x0000000080026cc0       0x10 C:/nolibgs_hello_worlds/psyq/lib\libc.a(c24.o)
                0x0000000080026cc0                strncmp
 .text          0x0000000080026cd0       0x10 C:/nolibgs_hello_worlds/psyq/lib\libc.a(c27.o)
                0x0000000080026cd0                strlen
 .text          0x0000000080026ce0       0x10 C:/nolibgs_hello_worlds/psyq/lib\libc.a(c42.o)
                0x0000000080026ce0                memcpy
 .text          0x0000000080026cf0       0x10 C:/nolibgs_hello_worlds/psyq/lib\libc.a(c43.o)
                0x0000000080026cf0                memset
 .text          0x0000000080026d00       0x10 C:/nolibgs_hello_worlds/psyq/lib\libc.a(c63.o)
                0x0000000080026d00                printf
 .text          0x0000000080026d10       0x30 C:/nolibgs_hello_worlds/psyq/lib\libetc.a(vmode.o)
                0x0000000080026d10                SetVideoMode
                0x0000000080026d24                GetVideoMode
                0x0000000080026d40                . = ALIGN (0x10)
 *(.init)
                0x0000000080026d40                . = ALIGN (0x10)
 *(.fini)
                0x0000000080026d40                . = ALIGN (0x10)
                0x0000000080026d40                __text_end = .
                0x0000000080026d40                __ftext_end = ABSOLUTE (.)
                0x0000000080026d40                __fdata_start = ABSOLUTE (.)

.rodata         0x0000000080026d40   0x10e5d0
 *(.rodata .rodata.* .rdata .rdata.* .gnu.linkonce.r.*)
 .rodata.str1.4
                0x0000000080026d40     0x10b4 game.o
                                       0x10b8 (size before relaxing)
 .rodata        0x0000000080027df4     0xdab0 tim/officeLEFT.o
                0x0000000080027df4                _binary_tim_officeLEFT_tim_start
                0x00000000800358a4                _binary_tim_officeLEFT_tim_end
 .rodata        0x00000000800358a4     0xdc89 tim/officeLEFTlight.o
                0x00000000800358a4                _binary_tim_officeLEFTlight_tim_start
                0x000000008004352d                _binary_tim_officeLEFTlight_tim_end
 *fill*         0x000000008004352d        0x3 
 .rodata        0x0000000080043530     0xdc89 tim/officeLEFTnolight.o
                0x0000000080043530                _binary_tim_officeLEFTnolight_tim_start
                0x00000000800511b9                _binary_tim_officeLEFTnolight_tim_end
 *fill*         0x00000000800511b9        0x3 
 .rodata        0x00000000800511bc     0xdc89 tim/officeLEFTlightbonnie.o
                0x00000000800511bc                _binary_tim_officeLEFTlightbonnie_tim_start
                0x000000008005ee45                _binary_tim_officeLEFTlightbonnie_tim_end
 *fill*         0x000000008005ee45        0x3 
 .rodata        0x000000008005ee48     0xdca8 tim/officeMIDDLE.o
                0x000000008005ee48                _binary_tim_officeMIDDLE_tim_start
                0x000000008006caf0                _binary_tim_officeMIDDLE_tim_end
 .rodata        0x000000008006caf0     0xdca8 tim/officeMIDDLEnolight.o
                0x000000008006caf0                _binary_tim_officeMIDDLEnolight_tim_start
                0x000000008007a798                _binary_tim_officeMIDDLEnolight_tim_end
 .rodata        0x000000008007a798     0xdab0 tim/officeRIGHT.o
                0x000000008007a798                _binary_tim_officeRIGHT_tim_start
                0x0000000080088248                _binary_tim_officeRIGHT_tim_end
 .rodata        0x0000000080088248     0xdab0 tim/officeRIGHTlight.o
                0x0000000080088248                _binary_tim_officeRIGHTlight_tim_start
                0x0000000080095cf8                _binary_tim_officeRIGHTlight_tim_end
 .rodata        0x0000000080095cf8     0xdab0 tim/officeRIGHTlightchica.o
                0x0000000080095cf8                _binary_tim_officeRIGHTlightchica_tim_start
                0x00000000800a37a8                _binary_tim_officeRIGHTlightchica_tim_end
 .rodata        0x00000000800a37a8     0xdab0 tim/officeRIGHTnolight.o
                0x00000000800a37a8                _binary_tim_officeRIGHTnolight_tim_start
                0x00000000800b1258                _binary_tim_officeRIGHTnolight_tim_end
 .rodata        0x00000000800b1258      0x7b0 tim/freddysneak.o
                0x00000000800b1258                _binary_tim_freddysneak_tim_start
                0x00000000800b1a08                _binary_tim_freddysneak_tim_end
 .rodata        0x00000000800b1a08     0xc994 tim/gameover.o
                0x00000000800b1a08                _binary_tim_gameover_tim_start
                0x00000000800be39c                _binary_tim_gameover_tim_end
 .rodata        0x00000000800be39c      0xae6 tim/FAM.o
                0x00000000800be39c                _binary_tim_FAM_tim_start
                0x00000000800bee82                _binary_tim_FAM_tim_end
 *fill*         0x00000000800bee82        0x2 
 .rodata        0x00000000800bee84      0xc98 tim/load.o
                0x00000000800bee84                _binary_tim_load_tim_start
                0x00000000800bfb1c                _binary_tim_load_tim_end
 .rodata        0x00000000800bfb1c      0xae6 tim/SAM.o
                0x00000000800bfb1c                _binary_tim_SAM_tim_start
                0x00000000800c0602                _binary_tim_SAM_tim_end
 *fill*         0x00000000800c0602        0x2 
 .rodata        0x00000000800c0604     0xecbc tim/GJFIV.o
                0x00000000800c0604                _binary_tim_GJFIV_tim_start
                0x00000000800cf2c0                _binary_tim_GJFIV_tim_end
 .rodata        0x00000000800cf2c0     0xecd8 tim/GJSEV.o
                0x00000000800cf2c0                _binary_tim_GJSEV_tim_start
                0x00000000800ddf98                _binary_tim_GJSEV_tim_end
 .rodata        0x00000000800ddf98     0xecd8 tim/GJSIX.o
                0x00000000800ddf98                _binary_tim_GJSIX_tim_start
                0x00000000800ecc70                _binary_tim_GJSIX_tim_end
 .rodata        0x00000000800ecc70     0x5052 tim/doors.o
                0x00000000800ecc70                _binary_tim_doors_tim_start
                0x00000000800f1cc2                _binary_tim_doors_tim_end
 *fill*         0x00000000800f1cc2        0x2 
 .rodata        0x00000000800f1cc4     0x5cf0 vag/Door.o
                0x00000000800f1cc4                _binary_vag_Door_vag_start
                0x00000000800f79b4                _binary_vag_Door_vag_end
 .rodata        0x00000000800f79b4      0x9a0 vag/light.o
                0x00000000800f79b4                _binary_vag_light_vag_start
                0x00000000800f8354                _binary_vag_light_vag_end
 .rodata        0x00000000800f8354     0x1d60 vag/Monitor.o
                0x00000000800f8354                _binary_vag_Monitor_vag_start
                0x00000000800fa0b4                _binary_vag_Monitor_vag_end
 .rodata        0x00000000800fa0b4     0xeb60 vag/officesound.o
                0x00000000800fa0b4                _binary_vag_officesound_vag_start
                0x0000000080108c14                _binary_vag_officesound_vag_end
 .rodata        0x0000000080108c14     0x1db0 vag/click.o
                0x0000000080108c14                _binary_vag_click_vag_start
                0x000000008010a9c4                _binary_vag_click_vag_end
 .rodata        0x000000008010a9c4     0x8f00 vag/noisedoor.o
                0x000000008010a9c4                _binary_vag_noisedoor_vag_start
                0x00000000801138c4                _binary_vag_noisedoor_vag_end
 .rodata        0x00000000801138c4     0x37c0 vag/screamer.o
                0x00000000801138c4                _binary_vag_screamer_vag_start
                0x0000000080117084                _binary_vag_screamer_vag_end
 .rodata        0x0000000080117084     0x2410 vag/honk.o
                0x0000000080117084                _binary_vag_honk_vag_start
                0x0000000080119494                _binary_vag_honk_vag_end
 .rodata        0x0000000080119494     0x2080 vag/Footstep.o
                0x0000000080119494                _binary_vag_Footstep_vag_start
                0x000000008011b514                _binary_vag_Footstep_vag_end
 .rodata        0x000000008011b514     0x3dd0 vag/knock.o
                0x000000008011b514                _binary_vag_knock_vag_start
                0x000000008011f2e4                _binary_vag_knock_vag_end
 .rodata        0x000000008011f2e4     0xceb0 vag/footstepfoxy.o
                0x000000008011f2e4                _binary_vag_footstepfoxy_vag_start
                0x000000008012c194                _binary_vag_footstepfoxy_vag_end
 .rodata        0x000000008012c194     0x1db0 vag/lightout.o
                0x000000008012c194                _binary_vag_lightout_vag_start
                0x000000008012df44                _binary_vag_lightout_vag_end
 .rodata        0x000000008012df44      0x7b0 vag/jamlight.o
                0x000000008012df44                _binary_vag_jamlight_vag_start
                0x000000008012e6f4                _binary_vag_jamlight_vag_end
 .rodata        0x000000008012e6f4     0x62a0 vag/footstep2.o
                0x000000008012e6f4                _binary_vag_footstep2_vag_start
                0x0000000080134994                _binary_vag_footstep2_vag_end
 .rodata        0x0000000080134994       0x10 C:/nolibgs_hello_worlds/thirdparty/nugget/common/crt0/crt0.o
 *fill*         0x00000000801349a4        0x4 
 .rdata         0x00000000801349a8       0x70 C:/nolibgs_hello_worlds/psyq/lib\libetc.a(intr.o)
 .rdata         0x0000000080134a18       0x30 C:/nolibgs_hello_worlds/psyq/lib\libetc.a(intr_dma.o)
 .rdata         0x0000000080134a48       0x10 C:/nolibgs_hello_worlds/psyq/lib\libetc.a(vsync.o)
 .rdata         0x0000000080134a58       0xa0 C:/nolibgs_hello_worlds/psyq/lib\libgpu.a(font.o)
 .rdata         0x0000000080134af8      0x220 C:/nolibgs_hello_worlds/psyq/lib\libgpu.a(sys.o)
 .rdata         0x0000000080134d18       0x30 C:/nolibgs_hello_worlds/psyq/lib\libgpu.a(t00.o)
 .rdata         0x0000000080134d48       0x40 C:/nolibgs_hello_worlds/psyq/lib\libspu.a(s_sca.o)
 .rdata         0x0000000080134d88       0x30 C:/nolibgs_hello_worlds/psyq/lib\libspu.a(s_si.o)
 .rdata         0x0000000080134db8       0x40 C:/nolibgs_hello_worlds/psyq/lib\libspu.a(s_sva.o)
 .rdata         0x0000000080134df8       0x50 C:/nolibgs_hello_worlds/psyq/lib\libspu.a(spu.o)
 .rdata         0x0000000080134e48       0x50 C:/nolibgs_hello_worlds/psyq/lib\libcd.a(cdr_1.o)
 .rdata         0x0000000080134e98       0x20 C:/nolibgs_hello_worlds/psyq/lib\libcd.a(event.o)
 .rdata         0x0000000080134eb8      0x1f0 C:/nolibgs_hello_worlds/psyq/lib\libcd.a(iso9660.o)
 .rdata         0x00000000801350a8      0x260 C:/nolibgs_hello_worlds/psyq/lib\libcd.a(bios_1.o)
                0x0000000080135310                . = ALIGN (0x10)
 *fill*         0x0000000080135308        0x8 
                0x0000000080135310                __preinit_array_start = .
 *(.preinit_array)
                0x0000000080135310                __preinit_array_end = .
                0x0000000080135310                . = ALIGN (0x10)
                0x0000000080135310                __init_array_start = .
 *(SORT_BY_NAME(.init_array.*))
 *(.init_array)
                0x0000000080135310                . = ALIGN (0x10)
 *crtbegin.o(.ctors)
 *(EXCLUDE_FILE(*crtend.o) .ctors)
 *(SORT_BY_NAME(.ctors.*))
 *crtend.o(.ctors)
                0x0000000080135310                __init_array_end = .
                0x0000000080135310                . = ALIGN (0x10)
                0x0000000080135310                __fini_array_start = .
 *(.fini_array)
 *(SORT_BY_NAME(.fini_array.*))
 *crtbegin.o(.dtors)
 *(EXCLUDE_FILE(*crtend.o) .dtors)
 *(SORT_BY_NAME(.dtors.*))
 *crtend.o(.dtors)
                0x0000000080135310                __fini_array_end = .
                0x0000000080135310                __build_id = .
 *(.note.gnu.build-id)
                0x0000000080135310                __build_id_end = .

.rel.dyn        0x0000000080135310        0x0
 .rel.dyn       0x0000000080135310        0x0 game.o

.rodata1
 *(.rodata1)
                0x0000000080135310                __data_start = .

.data           0x0000000080135310     0x74f0
 *(.a0table)
 *(.data .data.* .gnu.linkonce.d.*)
 .data          0x0000000080135310      0x828 game.o
                0x0000000080135310                vagsoundBank
                0x00000000801353b8                VertPosofficegolden
                0x00000000801353d8                ScaleVectorofficegolden
                0x00000000801353e8                MovVectorofficegolden
                0x00000000801353f8                VertPosgolden
                0x0000000080135418                ScaleVectorgolden
                0x0000000080135428                MovVectorgolden
                0x0000000080135438                VertPospolycamgreyogreen
                0x0000000080135458                ScaleVectorpolycamgreyogreen
                0x0000000080135468                MovVectorpolycamgreyogreen7
                0x0000000080135478                MovVectorpolycamgreyogreen6
                0x0000000080135488                MovVectorpolycamgreyogreen4B
                0x0000000080135498                MovVectorpolycamgreyogreen4A
                0x00000000801354a8                MovVectorpolycamgreyogreen2B
                0x00000000801354b8                MovVectorpolycamgreyogreen2A
                0x00000000801354c8                MovVectorpolycamgreyogreen3
                0x00000000801354d8                MovVectorpolycamgreyogreen5
                0x00000000801354e8                MovVectorpolycamgreyogreen1C
                0x00000000801354f8                MovVectorpolycamgreyogreen1B
                0x0000000080135508                MovVectorpolycamgreyogreen1A
                0x0000000080135518                ScaleVectorpolycamWoutline
                0x0000000080135528                VertPosfiveam
                0x0000000080135548                ScaleVectorfiveam
                0x0000000080135558                MovVectorfiveam
                0x0000000080135568                VertPosgoodjob
                0x0000000080135588                ScaleVectorgoodjob
                0x0000000080135598                MovVectorgoodjob
                0x00000000801355a8                VertPosgameover
                0x00000000801355c8                ScaleVectorgameover
                0x00000000801355d8                MovVectorgameover
                0x00000000801355e8                VertPoslayout
                0x0000000080135608                ScaleVectorlayout
                0x0000000080135618                MovVectorlayout
                0x0000000080135628                VertPossparky
                0x0000000080135648                ScaleVectorsparky
                0x0000000080135658                MovVectorsparky
                0x0000000080135668                VertPosgoldenf
                0x0000000080135688                VertPosfoxy
                0x00000000801356a8                VertPoschica
                0x00000000801356c8                VertPosbonnie
                0x00000000801356e8                VertPosfreddy
                0x0000000080135708                ScaleVectorgoldenf
                0x0000000080135718                MovVectorgoldenf
                0x0000000080135728                ScaleVectorfoxy
                0x0000000080135738                MovVectorfoxy
                0x0000000080135748                ScaleVectorchica
                0x0000000080135758                MovVectorchica
                0x0000000080135768                ScaleVectorbonnie
                0x0000000080135778                MovVectorbonnie
                0x0000000080135788                ScaleVectorfreddy
                0x0000000080135798                MovVectorfreddy
                0x00000000801357a8                VertPosfreddylightsout
                0x00000000801357c8                ScaleVectorfreddylightsout
                0x00000000801357d8                MovVectorfreddylightsout
                0x00000000801357e8                VertPosrightdoor
                0x0000000080135808                ScaleVectorrightdoor
                0x0000000080135818                MovVectorrightdoor
                0x0000000080135828                VertPosleftdoor
                0x0000000080135848                ScaleVectorleftdoor
                0x0000000080135858                MovVectorleftdoor
                0x0000000080135868                VertPos4
                0x0000000080135888                VertPosofficeleft
                0x00000000801358a8                VertPosofficeright
                0x00000000801358c8                VertPosofficemiddle
                0x00000000801358e8                ScaleVector4
                0x00000000801358f8                MovVector4
                0x0000000080135908                ScaleVectorofficeleft
                0x0000000080135918                MovVectorofficeleft
                0x0000000080135928                ScaleVectorofficeright
                0x0000000080135938                MovVectorofficeright
                0x0000000080135948                ScaleVectorofficemiddle
                0x0000000080135958                MovVectorofficemiddle
                0x0000000080135968                VertPoshelpwanted
                0x0000000080135988                ScaleVectorhelpwanted
                0x0000000080135998                MovVectorhelpwanted
                0x00000000801359a8                VertPosfoicon
                0x00000000801359c8                ScaleVectorfoicon
                0x00000000801359d8                MovVectorfoicon
                0x00000000801359e8                VertPoscicon
                0x0000000080135a08                ScaleVectorcicon
                0x0000000080135a18                MovVectorcicon
                0x0000000080135a28                VertPosbicon
                0x0000000080135a48                ScaleVectorbicon
                0x0000000080135a58                MovVectorbicon
                0x0000000080135a68                VertPosficon
                0x0000000080135a88                ScaleVectorficon
                0x0000000080135a98                MovVectorficon
                0x0000000080135aa8                VertPosicon
                0x0000000080135ac8                ScaleVectoricon
                0x0000000080135ad8                MovVectoricon
                0x0000000080135ae8                VertPosf
                0x0000000080135b08                ScaleVectorf
                0x0000000080135b18                MovVectorf
                0x0000000080135b28                curcamname
 .data          0x0000000080135b38     0x1100 C:/nolibgs_hello_worlds/psyq/lib\libetc.a(intr.o)
 .data          0x0000000080136c38       0x30 C:/nolibgs_hello_worlds/psyq/lib\libetc.a(intr_dma.o)
 .data          0x0000000080136c68       0x30 C:/nolibgs_hello_worlds/psyq/lib\libetc.a(intr_vb.o)
                0x0000000080136c88                Vcount
 .data          0x0000000080136c98       0x20 C:/nolibgs_hello_worlds/psyq/lib\libetc.a(vsync.o)
                0x0000000080136ca8                Hcount
 .data          0x0000000080136cb8      0xb90 C:/nolibgs_hello_worlds/psyq/lib\libgpu.a(font.o)
                0x0000000080136cb8                Font
 .data          0x0000000080137848      0x1a0 C:/nolibgs_hello_worlds/psyq/lib\libgpu.a(sys.o)
                0x0000000080137894                GPU_printf
                0x0000000080137898                GEnv
                0x00000000801379c0                _qin
                0x00000000801379c4                _qout
 .data          0x00000000801379e8       0x10 C:/nolibgs_hello_worlds/psyq/lib\libgte.a(msc00.o)
 .data          0x00000000801379f8     0x4000 C:/nolibgs_hello_worlds/psyq/lib\libgte.a(cstbl.o)
                0x00000000801379f8                rcossin_tbl
 .data          0x000000008013b9f8       0x80 C:/nolibgs_hello_worlds/psyq/lib\libspu.a(s_ini.o)
                0x000000008013ba00                _spu_EVdma
                0x000000008013ba04                _spu_keystat
                0x000000008013ba08                _spu_trans_mode
                0x000000008013ba0c                _spu_rev_flag
                0x000000008013ba10                _spu_rev_reserve_wa
                0x000000008013ba14                _spu_rev_offsetaddr
                0x000000008013ba18                _spu_rev_attr
                0x000000008013ba2c                _spu_RQvoice
                0x000000008013ba30                _spu_RQmask
                0x000000008013ba34                _spu_voice_centerNote
                0x000000008013ba64                _spu_env
                0x000000008013ba68                _spu_isCalled
 .data          0x000000008013ba78       0x10 C:/nolibgs_hello_worlds/psyq/lib\libspu.a(s_m.o)
                0x000000008013ba78                _spu_AllocBlockNum
                0x000000008013ba7c                _spu_AllocLastNum
                0x000000008013ba80                _spu_memList
 .data          0x000000008013ba88       0x30 C:/nolibgs_hello_worlds/psyq/lib\libspu.a(s_rmp0.o)
                0x000000008013ba88                _spu_rev_startaddr
 .data          0x000000008013bab8       0x60 C:/nolibgs_hello_worlds/psyq/lib\libspu.a(spu.o)
                0x000000008013bab8                _spu_RXX
                0x000000008013bad0                _spu_tsa
                0x000000008013bad4                _spu_transMode
                0x000000008013bad8                _spu_addrMode
                0x000000008013badc                _spu_mem_mode
                0x000000008013bae0                _spu_mem_mode_plus
                0x000000008013bae4                _spu_mem_mode_unit
                0x000000008013bae8                _spu_mem_mode_unitM
                0x000000008013baec                _spu_inTransfer
                0x000000008013baf0                _spu_transferCallback
                0x000000008013baf4                _spu_IRQCallback
 .data          0x000000008013bb18      0x120 C:/nolibgs_hello_worlds/psyq/lib\libspu.a(s_n2p.o)
 .data          0x000000008013bc38       0x40 C:/nolibgs_hello_worlds/psyq/lib\libcd.a(cdr_1.o)
 .data          0x000000008013bc78       0x10 C:/nolibgs_hello_worlds/psyq/lib\libcd.a(event.o)
                0x000000008013bc78                CD_cbread
                0x000000008013bc7c                CD_read_dma_mode
 .data          0x000000008013bc88       0x10 C:/nolibgs_hello_worlds/psyq/lib\libcd.a(iso9660.o)
 .data          0x000000008013bc98       0x80 C:/nolibgs_hello_worlds/psyq/lib\libcd.a(s_016.o)
 .data          0x000000008013bd18      0x310 C:/nolibgs_hello_worlds/psyq/lib\libcd.a(bios_1.o)
                0x000000008013bd20                CD_cbsync
                0x000000008013bd24                CD_cbready
                0x000000008013bd28                CD_debug
                0x000000008013bd2c                CD_status
                0x000000008013bd30                CD_status1
                0x000000008013bd34                CD_nopen
                0x000000008013bd38                CD_pos
                0x000000008013bd3c                CD_mode
                0x000000008013bd3d                CD_com
                0x000000008013bd40                DS_active
                0x000000008013bd44                CD_comstr
                0x000000008013bdc4                CD_intstr
 .data          0x000000008013c028       0x20 C:/nolibgs_hello_worlds/psyq/lib\libcd.a(bios_2.o)
 .data          0x000000008013c048       0x20 C:/nolibgs_hello_worlds/psyq/lib\libcd.a(bios_3.o)
 .data          0x000000008013c068       0x10 C:/nolibgs_hello_worlds/psyq/lib\libapi.a(pad.o)
 .data          0x000000008013c078       0x10 C:/nolibgs_hello_worlds/psyq/lib\libetc.a(vmode.o)
 *(.data1)
 *(.sdata .sdata.* .gnu.linkonce.s.*)
 .sdata         0x000000008013c088      0x2d0 game.o
                0x000000008013c088                soundBank
                0x000000008013c258                debug
                0x000000008013c25c                night
                0x000000008013c260                customcharge
                0x000000008013c264                charge
                0x000000008013c268                usage
                0x000000008013c26c                ChargeCounter
                0x000000008013c270                AM
                0x000000008013c274                customAM
                0x000000008013c278                nextpri
                0x000000008013c27c                staticframes
                0x000000008013c280                rgbblue
                0x000000008013c284                rgbgreen
                0x000000008013c288                rgbred
                0x000000008013c28c                screamerframes
                0x000000008013c290                lastsecondsframes
                0x000000008013c294                framedeadpossi
                0x000000008013c298                blackoutscreamerappearancechance
                0x000000008013c29c                blackoutappearancechance
                0x000000008013c2a0                glowvar
                0x000000008013c2a4                musicboxappearancechance
                0x000000008013c2a8                enablephoneguystr
                0x000000008013c2ac                enablephoneguy
                0x000000008013c2b0                musicmascottune
                0x000000008013c2b4                ambiancenum
                0x000000008013c2b8                ambiancechance
                0x000000008013c2bc                ambiancesound
                0x000000008013c2c0                tensecondframe
                0x000000008013c2c4                returnbasevolume
                0x000000008013c2c8                foxymusicframe
                0x000000008013c2cc                curcam
                0x000000008013c2d0                rightdoorgoodbye2
                0x000000008013c2d4                rightdoorgoodbye
                0x000000008013c2d8                leftdoorgoodbye2
                0x000000008013c2dc                leftdoorgoodbye
                0x000000008013c2e0                goldenfreddychancescrash
                0x000000008013c2e4                goldenfreddychances
                0x000000008013c2e8                foxydrainpower
                0x000000008013c2ec                foxylockeduration
                0x000000008013c2f0                foxywaiting
                0x000000008013c2f4                foxylocationframe
                0x000000008013c2f8                chicalocationframe
                0x000000008013c2fc                bonnielocationframe
                0x000000008013c300                freddycountdown
                0x000000008013c304                freddylocationframe
                0x000000008013c308                twoplayermodestr
                0x000000008013c30c                fastnightsstr
                0x000000008013c310                radarstr
                0x000000008013c314                unlimitedpowerstr
                0x000000008013c318                convertion
                0x000000008013c31c                printnumber
                0x000000008013c320                musicframes
                0x000000008013c324                menuselectionmax
                0x000000008013c328                menuselection
                0x000000008013c32c                presetselectorstr
                0x000000008013c334                presetselector
                0x000000008013c338                foxylocationframelock
                0x000000008013c33c                chicalocationframelock
                0x000000008013c340                bonnielocationframelock
                0x000000008013c344                freddylocationframelock
                0x000000008013c348                freddyfacechangedchances
                0x000000008013c34c                defaultusage
                0x000000008013c350                frames
                0x000000008013c354                fntColor
 *(.sdata2 .sdata2.* .gnu.linkonce.s2.*)
 *(.got.plt)
 *(.got)
                0x000000008013c800                . = ALIGN (0x800)
 *fill*         0x000000008013c358      0x4a8 
                0x000000008013c800                __data_end = .
                0x000000008013c800                __fdata_end = .
                0x000000008013c800                __bss_start = .

.sbss           0x000000008013c800    0x58f20
 *(.dynsbss)
 *(.sbss .sbss.* .gnu.linkonce.sb.*)
 .sbss          0x000000008013c800      0x3ec game.o
                0x000000008013c800                loc
                0x000000008013c804                filter
                0x000000008013c808                FrameCounter
                0x000000008013c80c                RotVectorofficegolden
                0x000000008013c814                polyofficegolden
                0x000000008013c818                RotVectorgolden
                0x000000008013c820                polygolden
                0x000000008013c824                RotVectorpolycamgreyogreen
                0x000000008013c82c                polycamgreyogreen7
                0x000000008013c830                polycamgreyogreen6
                0x000000008013c834                polycamgreyogreen4B
                0x000000008013c838                polycamgreyogreen4A
                0x000000008013c83c                polycamgreyogreen2B
                0x000000008013c840                polycamgreyogreen2A
                0x000000008013c844                polycamgreyogreen3
                0x000000008013c848                polycamgreyogreen5
                0x000000008013c84c                polycamgreyogreen1C
                0x000000008013c850                polycamgreyogreen1B
                0x000000008013c854                polycamgreyogreen1A
                0x000000008013c858                polycamWoutline
                0x000000008013c85c                RotVectorfiveam
                0x000000008013c864                polyfiveam
                0x000000008013c868                RotVectorgoodjob
                0x000000008013c870                polygoodjob
                0x000000008013c874                RotVectorgameover
                0x000000008013c87c                polygameover
                0x000000008013c880                RotVectorlayout
                0x000000008013c888                polylayout
                0x000000008013c88c                RotVectorsparky
                0x000000008013c894                polysparky
                0x000000008013c898                RotVectorgoldenf
                0x000000008013c8a0                RotVectorfoxy
                0x000000008013c8a8                RotVectorchica
                0x000000008013c8b0                RotVectorbonnie
                0x000000008013c8b8                RotVectorfreddy
                0x000000008013c8c0                polygoldenf
                0x000000008013c8c4                polyfoxy
                0x000000008013c8c8                polychica
                0x000000008013c8cc                polybonnie
                0x000000008013c8d0                polyfreddy
                0x000000008013c8d4                RotVectorfreddylightsout
                0x000000008013c8dc                polyfreddylightsout
                0x000000008013c8e0                RotVectorrightdoor
                0x000000008013c8e8                rightdoor
                0x000000008013c8ec                RotVectorleftdoor
                0x000000008013c8f4                leftdoor
                0x000000008013c8f8                RotVector4
                0x000000008013c900                RotVectorofficeleft
                0x000000008013c908                RotVectorofficeright
                0x000000008013c910                RotVectorofficemiddle
                0x000000008013c918                poly4
                0x000000008013c91c                polyofficeleft
                0x000000008013c920                polyofficeright
                0x000000008013c924                polyofficemiddle
                0x000000008013c928                RotVectorhelpwanted
                0x000000008013c930                polyhelpwanted
                0x000000008013c934                RotVectorfoicon
                0x000000008013c93c                polyfoicon
                0x000000008013c940                RotVectorcicon
                0x000000008013c948                polycicon
                0x000000008013c94c                RotVectorbicon
                0x000000008013c954                polybicon
                0x000000008013c958                RotVectorficon
                0x000000008013c960                polyficon
                0x000000008013c964                RotVectoricon
                0x000000008013c96c                polyicon
                0x000000008013c970                RotVectorf
                0x000000008013c978                polyf
                0x000000008013c97c                OTz
                0x000000008013c980                polyflag
                0x000000008013c984                polydepth
                0x000000008013c988                rgbindicator
                0x000000008013c98c                customnextnightactivation
                0x000000008013c990                nextnightframes
                0x000000008013c994                fivetosixamframes
                0x000000008013c998                deadfrom
                0x000000008013c99c                dead
                0x000000008013c9a0                screamersetsound
                0x000000008013c9a4                isalreadydeadlow
                0x000000008013c9a8                isalreadydead
                0x000000008013c9ac                blackoutscreamerappearanceframe
                0x000000008013c9b0                blackoutinit
                0x000000008013c9b4                blackoutappearanceframe
                0x000000008013c9b8                blackoutactivated
                0x000000008013c9bc                freddyglowing
                0x000000008013c9c0                musicboxinit
                0x000000008013c9c4                musicboxappearanceframe
                0x000000008013c9c8                musicboxactivated
                0x000000008013c9cc                lightsoutinit
                0x000000008013c9d0                islightsout
                0x000000008013c9d4                phoneguytalking
                0x000000008013c9d8                limiterphoneguy
                0x000000008013c9dc                mascottune
                0x000000008013c9e0                framenoisefootstepF
                0x000000008013c9e4                noisefootstepF
                0x000000008013c9e8                noisefootstepanimatronic
                0x000000008013c9ec                framenoisefootstep
                0x000000008013c9f0                noisefootstep
                0x000000008013c9f4                returnframes
                0x000000008013c9f8                foxymusic
                0x000000008013c9fc                blinkicon
                0x000000008013ca00                itsmeehallcooldown
                0x000000008013ca04                itsmeehall
                0x000000008013ca08                itsmeehallcornercooldown
                0x000000008013ca0c                itsmeehallcorner
                0x000000008013ca10                itsmepiratecovecooldown
                0x000000008013ca14                itsmepiratecove
                0x000000008013ca18                puppetmusic
                0x000000008013ca1c                limitercameraL
                0x000000008013ca20                limitercameraR
                0x000000008013ca24                limitercameraU
                0x000000008013ca28                limitercameraD
                0x000000008013ca2c                cooldowncamera
                0x000000008013ca30                camera
                0x000000008013ca34                limiterbop
                0x000000008013ca38                limiter3
                0x000000008013ca3c                limiter2
                0x000000008013ca40                camlimiter
                0x000000008013ca44                lightframe
                0x000000008013ca48                light2
                0x000000008013ca4c                light1
                0x000000008013ca50                jamlightframes
                0x000000008013ca54                jamlight
                0x000000008013ca58                doorclosedR
                0x000000008013ca5c                doorclosedL
                0x000000008013ca60                door
                0x000000008013ca64                sparkyframes
                0x000000008013ca68                sparkylocation
                0x000000008013ca6c                nolongerincam
                0x000000008013ca70                goldenfreddyactivated
                0x000000008013ca74                goldenfreddyframes
                0x000000008013ca78                goldenfreddylocation
                0x000000008013ca7c                surusage
                0x000000008013ca80                cantdoorL
                0x000000008013ca84                cantlightL
                0x000000008013ca88                cantdoorR
                0x000000008013ca8c                cantlightR
                0x000000008013ca90                cantdoor
                0x000000008013ca94                cantlight
                0x000000008013ca98                noisedoorchica
                0x000000008013ca9c                noisedoorbonnie
                0x000000008013caa0                chicaDoorinit
                0x000000008013caa4                bonnieDoorinit
                0x000000008013caa8                chicaDoor
                0x000000008013caac                bonnieDoor
                0x000000008013cab0                foxyknockframe
                0x000000008013cab4                foxysknock
                0x000000008013cab8                ranfoxy
                0x000000008013cabc                foxylocked
                0x000000008013cac0                foxydifficulty
                0x000000008013cac4                foxyrunningframes
                0x000000008013cac8                foxylocation
                0x000000008013cacc                chicaonetimeskip
                0x000000008013cad0                chicadifficulty
                0x000000008013cad4                chicalocation
                0x000000008013cad8                bonnieonetimeskip
                0x000000008013cadc                bonniedifficulty
                0x000000008013cae0                bonnieliljumpscarecooldown
                0x000000008013cae4                bonnieliljumpscare
                0x000000008013cae8                bonnielocation
                0x000000008013caec                freddyliljumpscarecooldown
                0x000000008013caf0                freddyliljumpscare
                0x000000008013caf4                freddydifficulty
                0x000000008013caf8                freddycountdownactivation
                0x000000008013cafc                freddyanticipation
                0x000000008013cb00                freddylocation
                0x000000008013cb04                limiterstart
                0x000000008013cb08                limiterbuttondown
                0x000000008013cb0c                limiterpadup
                0x000000008013cb10                limiterpaddown
                0x000000008013cb14                limiterpadleft
                0x000000008013cb18                limiterpadright
                0x000000008013cb1c                Glitch
                0x000000008013cb20                impossiblenight
                0x000000008013cb24                hellnight
                0x000000008013cb28                weirdnight
                0x000000008013cb2c                goldenfreddiedframes
                0x000000008013cb30                goldenfreddied
                0x000000008013cb34                loadingframe
                0x000000008013cb38                twoplayermodelimiter
                0x000000008013cb3c                twoplayermode
                0x000000008013cb40                savemenu
                0x000000008013cb44                cheating
                0x000000008013cb48                fastnights
                0x000000008013cb4c                limiterradar
                0x000000008013cb50                limiterfastnights
                0x000000008013cb54                limiterunlimitedpower
                0x000000008013cb58                unlockssubmenu
                0x000000008013cb5c                radar
                0x000000008013cb60                unlimitedpower
                0x000000008013cb64                seedtitle
                0x000000008013cb68                bonniestared
                0x000000008013cb6c                infoscreen
                0x000000008013cb70                extramenu
                0x000000008013cb74                FrameCounterlimit
                0x000000008013cb78                FrameCounterlimiterdown
                0x000000008013cb7c                FrameCounterlimiterup
                0x000000008013cb80                activatedmenudebug
                0x000000008013cb84                freddylightframe
                0x000000008013cb88                limitermenuR
                0x000000008013cb8c                limitermenuL
                0x000000008013cb90                presetselectorlimiterleft
                0x000000008013cb94                presetselectorlimiterright
                0x000000008013cb98                freddyfacechanged
                0x000000008013cb9c                limiterdefaultusager
                0x000000008013cba0                limiterdefaultusagel
                0x000000008013cba4                advancedmenu
                0x000000008013cba8                chargemenu
                0x000000008013cbac                AISetmenu
                0x000000008013cbb0                maincustomnightmenu
                0x000000008013cbb4                menu
                0x000000008013cbb8                menuscreeninit
                0x000000008013cbbc                pad2
                0x000000008013cbc0                pad
                0x000000008013cbc4                initstuff
                0x000000008013cbc8                controllerhere
                0x000000008013cbcc                RAN
                0x000000008013cbd0                db
                0x000000008013cbd4                fntColorBG
                0x000000008013cbd8                CDreadResult
                0x000000008013cbdc                CDreadOK
                0x000000008013cbe0                CtrlResult
                0x000000008013cbe8                dataBuffer
 *(.scommon)
 *(.dynbss)
 *(.bss .bss.* .gnu.linkonce.b.*)
 .bss           0x000000008013cbec    0x50a18 game.o
                0x000000008013cbec                XAPos
                0x000000008013cc04                spuSettings
                0x000000008013cc2c                PolyMatrixofficegolden
                0x000000008013cc4c                PolyMatrixgolden
                0x000000008013cc6c                PolyMatrixpolycamgreyogreen7
                0x000000008013cc8c                PolyMatrixpolycamgreyogreen6
                0x000000008013ccac                PolyMatrixpolycamgreyogreen4B
                0x000000008013cccc                PolyMatrixpolycamgreyogreen4A
                0x000000008013ccec                PolyMatrixpolycamgreyogreen2B
                0x000000008013cd0c                PolyMatrixpolycamgreyogreen2A
                0x000000008013cd2c                PolyMatrixpolycamgreyogreen3
                0x000000008013cd4c                PolyMatrixpolycamgreyogreen5
                0x000000008013cd6c                PolyMatrixpolycamgreyogreen1C
                0x000000008013cd8c                PolyMatrixpolycamgreyogreen1B
                0x000000008013cdac                PolyMatrixpolycamgreyogreen1A
                0x000000008013cdcc                PolyMatrixfiveam
                0x000000008013cdec                PolyMatrixgoodjob
                0x000000008013ce0c                PolyMatrixgameover
                0x000000008013ce2c                PolyMatrixlayout
                0x000000008013ce4c                PolyMatrixsparky
                0x000000008013ce6c                PolyMatrixgoldenf
                0x000000008013ce8c                PolyMatrixfoxy
                0x000000008013ceac                PolyMatrixchica
                0x000000008013cecc                PolyMatrixbonnie
                0x000000008013ceec                PolyMatrixfreddy
                0x000000008013cf0c                PolyMatrixfreddylightsout
                0x000000008013cf2c                PolyMatrixrightdoor
                0x000000008013cf4c                PolyMatrixleftdoor
                0x000000008013cf6c                PolyMatrix4
                0x000000008013cf8c                PolyMatrixofficeleft
                0x000000008013cfac                PolyMatrixofficeright
                0x000000008013cfcc                PolyMatrixofficemiddle
                0x000000008013cfec                PolyMatrixhelpwanted
                0x000000008013d00c                PolyMatrixfoicon
                0x000000008013d02c                PolyMatrixcicon
                0x000000008013d04c                PolyMatrixbicon
                0x000000008013d06c                PolyMatrixficon
                0x000000008013d08c                PolyMatrixicon
                0x000000008013d0ac                PolyMatrixf
                0x000000008013d0cc                load
                0x000000008013d0e0                bonniestare
                0x000000008013d0f4                officegoldenfreddy
                0x000000008013d108                goldenfreddy
                0x000000008013d11c                sixam
                0x000000008013d130                fiveam
                0x000000008013d144                goodjob
                0x000000008013d158                gameover
                0x000000008013d16c                layout
                0x000000008013d180                CAMERAMONITOR
                0x000000008013d194                doors
                0x000000008013d1a8                officeLEFTlightbonnie
                0x000000008013d1bc                officeLEFTnolight
                0x000000008013d1d0                officeLEFTlight
                0x000000008013d1e4                officeLEFT
                0x000000008013d1f8                officeRIGHTlightchica
                0x000000008013d20c                officeRIGHTnolight
                0x000000008013d220                officeRIGHTlight
                0x000000008013d234                officeRIGHT
                0x000000008013d248                officeMIDDLEnolight
                0x000000008013d25c                officeMIDDLE
                0x000000008013d270                freddysneak
                0x000000008013d284                helpwanted
                0x000000008013d298                freddy4
                0x000000008013d2ac                freddy3
                0x000000008013d2c0                freddy2
                0x000000008013d2d4                freddy
                0x000000008013d2e8                primbuff
                0x000000008014d2e8                ot
                0x000000008014d328                theControllers
                0x000000008014d3e8                controllers
                0x000000008014d42c                voiceAttributes
                0x000000008014d46c                commonAttributes
                0x000000008014d494                spu_malloc_rec
                0x000000008014d50c                draw
                0x000000008014d5c4                disp
                0x000000008014d5ec                filePos
 *fill*         0x000000008018d604        0x4 
 .bss           0x000000008018d608       0x14 C:/nolibgs_hello_worlds/psyq/lib\libetc.a(pad.o)
                0x000000008018d618                PadIdentifier
 *fill*         0x000000008018d61c        0x4 
 .bss           0x000000008018d620     0x4410 C:/nolibgs_hello_worlds/psyq/lib\libgpu.a(font.o)
 .bss           0x0000000080191a30     0x1850 C:/nolibgs_hello_worlds/psyq/lib\libgpu.a(sys.o)
                0x0000000080191a80                _que
 .bss           0x0000000080193280       0x10 C:/nolibgs_hello_worlds/psyq/lib\libgpu.a(t00.o)
 .bss           0x0000000080193290       0x10 C:/nolibgs_hello_worlds/psyq/lib\libgte.a(patchgte.o)
 .bss           0x00000000801932a0       0x14 C:/nolibgs_hello_worlds/psyq/lib\libspu.a(spu.o)
                0x00000000801932a0                _spu_RQ
 *fill*         0x00000000801932b4        0x4 
 .bss           0x00000000801932b8     0x2400 C:/nolibgs_hello_worlds/psyq/lib\libcd.a(iso9660.o)
 .bss           0x00000000801956b8       0x34 C:/nolibgs_hello_worlds/psyq/lib\libcd.a(bios_1.o)
                0x00000000801956e8                StMode
 *fill*         0x00000000801956ec        0x4 
 .bss           0x00000000801956f0       0x10 C:/nolibgs_hello_worlds/psyq/lib\libapi.a(pad.o)
                0x00000000801956f0                _apiPadPatch
 .bss           0x0000000080195700       0x10 C:/nolibgs_hello_worlds/psyq/lib\libapi.a(patch.o)
 .bss           0x0000000080195710       0x10 C:/nolibgs_hello_worlds/psyq/lib\libapi.a(chclrpad.o)
 *(COMMON)
                0x0000000080195720                . = ALIGN (0x4)
                0x0000000080195720                __bss_end = .
                0x0000000080195720                __heap_start = __heap_base
                0x000000008000f800                . = (ADDR (.text) - 0x800)
                0x000000008000f800                __end = .

/DISCARD/
 *(.MIPS.abiflags)

/DISCARD/
 *(.rel.iplt)
 *(.rela.iplt)
 *(.rel.plt)
 *(.rela.plt)
 *(.plt)
 *(.iplt)

/DISCARD/
 *(.note.GNU-stack)
 *(.gnu_debuglink)
 *(.gnu.lto_*)
OUTPUT(game.elf elf32-littlemips)

.reginfo        0x0000000000000000       0x18
 .reginfo       0x0000000000000000       0x18 game.o

.mdebug.abi32   0x0000000000000000        0x0
 .mdebug.abi32  0x0000000000000000        0x0 game.o

.comment        0x0000000000000000       0x12
 .comment       0x0000000000000000       0x12 game.o
                                         0x13 (size before relaxing)

.gnu.attributes
                0x0000000000000000       0x10
 .gnu.attributes
                0x0000000000000000       0x10 game.o
 .gnu.attributes
                0x0000000000000010       0x10 C:/nolibgs_hello_worlds/thirdparty/nugget/common/crt0/crt0.o

.pdr            0x0000000000000000        0x0
 .pdr           0x0000000000000000        0x0 C:/nolibgs_hello_worlds/thirdparty/nugget/common/crt0/crt0.o

.note           0x0000000000000000     0x307c
 .note          0x0000000000000000       0x74 C:/nolibgs_hello_worlds/psyq/lib\libapi.a(c57.o)
 .note          0x0000000000000074       0x74 C:/nolibgs_hello_worlds/psyq/lib\libc.a(c47.o)
 .note          0x00000000000000e8       0x74 C:/nolibgs_hello_worlds/psyq/lib\libc.a(c48.o)
 .note          0x000000000000015c       0x74 C:/nolibgs_hello_worlds/psyq/lib\libc.a(c51.o)
 .note          0x00000000000001d0       0x74 C:/nolibgs_hello_worlds/psyq/lib\libc.a(c52.o)
 .note          0x0000000000000244       0x74 C:/nolibgs_hello_worlds/psyq/lib\libetc.a(intr.o)
 .note          0x00000000000002b8       0x74 C:/nolibgs_hello_worlds/psyq/lib\libetc.a(intr_dma.o)
 .note          0x000000000000032c       0x74 C:/nolibgs_hello_worlds/psyq/lib\libetc.a(intr_vb.o)
 .note          0x00000000000003a0       0x74 C:/nolibgs_hello_worlds/psyq/lib\libetc.a(pad.o)
 .note          0x0000000000000414       0x74 C:/nolibgs_hello_worlds/psyq/lib\libetc.a(vsync.o)
 .note          0x0000000000000488       0x74 C:/nolibgs_hello_worlds/psyq/lib\libgpu.a(e03.o)
 .note          0x00000000000004fc       0x74 C:/nolibgs_hello_worlds/psyq/lib\libgpu.a(e04.o)
 .note          0x0000000000000570       0x74 C:/nolibgs_hello_worlds/psyq/lib\libgpu.a(font.o)
 .note          0x00000000000005e4       0x74 C:/nolibgs_hello_worlds/psyq/lib\libgpu.a(p06.o)
 .note          0x0000000000000658       0x74 C:/nolibgs_hello_worlds/psyq/lib\libgpu.a(p09.o)
 .note          0x00000000000006cc       0x74 C:/nolibgs_hello_worlds/psyq/lib\libgpu.a(p10.o)
 .note          0x0000000000000740       0x74 C:/nolibgs_hello_worlds/psyq/lib\libgpu.a(p20.o)
 .note          0x00000000000007b4       0x74 C:/nolibgs_hello_worlds/psyq/lib\libgpu.a(p26.o)
 .note          0x0000000000000828       0x74 C:/nolibgs_hello_worlds/psyq/lib\libgpu.a(p41.o)
 .note          0x000000000000089c       0x74 C:/nolibgs_hello_worlds/psyq/lib\libgpu.a(sys.o)
 .note          0x0000000000000910       0x74 C:/nolibgs_hello_worlds/psyq/lib\libgpu.a(t00.o)
 .note          0x0000000000000984       0x74 C:/nolibgs_hello_worlds/psyq/lib\libgpu.a(e00.o)
 .note          0x00000000000009f8       0x74 C:/nolibgs_hello_worlds/psyq/lib\libgpu.a(e02.o)
 .note          0x0000000000000a6c       0x74 C:/nolibgs_hello_worlds/psyq/lib\libgpu.a(p00.o)
 .note          0x0000000000000ae0       0x74 C:/nolibgs_hello_worlds/psyq/lib\libgpu.a(p01.o)
 .note          0x0000000000000b54       0x74 C:/nolibgs_hello_worlds/psyq/lib\libgte.a(cmb_00.o)
 .note          0x0000000000000bc8       0x74 C:/nolibgs_hello_worlds/psyq/lib\libgte.a(fgo_01.o)
 .note          0x0000000000000c3c       0x74 C:/nolibgs_hello_worlds/psyq/lib\libgte.a(msc00.o)
 .note          0x0000000000000cb0       0x74 C:/nolibgs_hello_worlds/psyq/lib\libgte.a(mtx_07.o)
 .note          0x0000000000000d24       0x74 C:/nolibgs_hello_worlds/psyq/lib\libgte.a(mtx_08.o)
 .note          0x0000000000000d98       0x74 C:/nolibgs_hello_worlds/psyq/lib\libgte.a(mtx_09.o)
 .note          0x0000000000000e0c       0x74 C:/nolibgs_hello_worlds/psyq/lib\libgte.a(mtx_12.o)
 .note          0x0000000000000e80       0x74 C:/nolibgs_hello_worlds/psyq/lib\libgte.a(patchgte.o)
 .note          0x0000000000000ef4       0x74 C:/nolibgs_hello_worlds/psyq/lib\libgte.a(reg12.o)
 .note          0x0000000000000f68       0x74 C:/nolibgs_hello_worlds/psyq/lib\libgte.a(reg13.o)
 .note          0x0000000000000fdc       0x74 C:/nolibgs_hello_worlds/psyq/lib\libgte.a(cstbl.o)
 .note          0x0000000000001050       0x74 C:/nolibgs_hello_worlds/psyq/lib\libspu.a(s_i.o)
 .note          0x00000000000010c4       0x74 C:/nolibgs_hello_worlds/psyq/lib\libspu.a(s_ini.o)
 .note          0x0000000000001138       0x74 C:/nolibgs_hello_worlds/psyq/lib\libspu.a(s_itc.o)
 .note          0x00000000000011ac       0x74 C:/nolibgs_hello_worlds/psyq/lib\libspu.a(s_m.o)
 .note          0x0000000000001220       0x74 C:/nolibgs_hello_worlds/psyq/lib\libspu.a(s_m_init.o)
 .note          0x0000000000001294       0x74 C:/nolibgs_hello_worlds/psyq/lib\libspu.a(s_m_m.o)
 .note          0x0000000000001308       0x74 C:/nolibgs_hello_worlds/psyq/lib\libspu.a(s_rmp0.o)
 .note          0x000000000000137c       0x74 C:/nolibgs_hello_worlds/psyq/lib\libspu.a(s_sca.o)
 .note          0x00000000000013f0       0x74 C:/nolibgs_hello_worlds/psyq/lib\libspu.a(s_si.o)
 .note          0x0000000000001464       0x74 C:/nolibgs_hello_worlds/psyq/lib\libspu.a(s_sk.o)
 .note          0x00000000000014d8       0x74 C:/nolibgs_hello_worlds/psyq/lib\libspu.a(s_stm.o)
 .note          0x000000000000154c       0x74 C:/nolibgs_hello_worlds/psyq/lib\libspu.a(s_stsa.o)
 .note          0x00000000000015c0       0x74 C:/nolibgs_hello_worlds/psyq/lib\libspu.a(s_sva.o)
 .note          0x0000000000001634       0x74 C:/nolibgs_hello_worlds/psyq/lib\libspu.a(s_svv.o)
 .note          0x00000000000016a8       0x74 C:/nolibgs_hello_worlds/psyq/lib\libspu.a(s_w.o)
 .note          0x000000000000171c       0x74 C:/nolibgs_hello_worlds/psyq/lib\libspu.a(spu.o)
 .note          0x0000000000001790       0x74 C:/nolibgs_hello_worlds/psyq/lib\libspu.a(s_dcb.o)
 .note          0x0000000000001804       0x74 C:/nolibgs_hello_worlds/psyq/lib\libspu.a(s_m_int.o)
 .note          0x0000000000001878       0x74 C:/nolibgs_hello_worlds/psyq/lib\libspu.a(s_n2p.o)
 .note          0x00000000000018ec       0x74 C:/nolibgs_hello_worlds/psyq/lib\libcd.a(cdr_1.o)
 .note          0x0000000000001960       0x74 C:/nolibgs_hello_worlds/psyq/lib\libcd.a(event.o)
 .note          0x00000000000019d4       0x74 C:/nolibgs_hello_worlds/psyq/lib\libcd.a(iso9660.o)
 .note          0x0000000000001a48       0x74 C:/nolibgs_hello_worlds/psyq/lib\libcd.a(s_002.o)
 .note          0x0000000000001abc       0x74 C:/nolibgs_hello_worlds/psyq/lib\libcd.a(s_003.o)
 .note          0x0000000000001b30       0x74 C:/nolibgs_hello_worlds/psyq/lib\libcd.a(s_004.o)
 .note          0x0000000000001ba4       0x74 C:/nolibgs_hello_worlds/psyq/lib\libcd.a(s_006.o)
 .note          0x0000000000001c18       0x74 C:/nolibgs_hello_worlds/psyq/lib\libcd.a(s_008.o)
 .note          0x0000000000001c8c       0x74 C:/nolibgs_hello_worlds/psyq/lib\libcd.a(s_013.o)
 .note          0x0000000000001d00       0x74 C:/nolibgs_hello_worlds/psyq/lib\libcd.a(s_014.o)
 .note          0x0000000000001d74       0x74 C:/nolibgs_hello_worlds/psyq/lib\libcd.a(s_015.o)
 .note          0x0000000000001de8       0x74 C:/nolibgs_hello_worlds/psyq/lib\libcd.a(s_016.o)
 .note          0x0000000000001e5c       0x74 C:/nolibgs_hello_worlds/psyq/lib\libcd.a(s_021.o)
 .note          0x0000000000001ed0       0x74 C:/nolibgs_hello_worlds/psyq/lib\libcd.a(s_022.o)
 .note          0x0000000000001f44       0x74 C:/nolibgs_hello_worlds/psyq/lib\libcd.a(s_023.o)
 .note          0x0000000000001fb8       0x74 C:/nolibgs_hello_worlds/psyq/lib\libcd.a(s_024.o)
 .note          0x000000000000202c       0x74 C:/nolibgs_hello_worlds/psyq/lib\libcd.a(sys.o)
 .note          0x00000000000020a0       0x74 C:/nolibgs_hello_worlds/psyq/lib\libcd.a(bios_1.o)
 .note          0x0000000000002114       0x74 C:/nolibgs_hello_worlds/psyq/lib\libcd.a(bios_2.o)
 .note          0x0000000000002188       0x74 C:/nolibgs_hello_worlds/psyq/lib\libcd.a(bios_3.o)
 .note          0x00000000000021fc       0x74 C:/nolibgs_hello_worlds/psyq/lib\libapi.a(a07.o)
 .note          0x0000000000002270       0x74 C:/nolibgs_hello_worlds/psyq/lib\libapi.a(a08.o)
 .note          0x00000000000022e4       0x74 C:/nolibgs_hello_worlds/psyq/lib\libapi.a(a11.o)
 .note          0x0000000000002358       0x74 C:/nolibgs_hello_worlds/psyq/lib\libapi.a(a12.o)
 .note          0x00000000000023cc       0x74 C:/nolibgs_hello_worlds/psyq/lib\libapi.a(a22.o)
 .note          0x0000000000002440       0x74 C:/nolibgs_hello_worlds/psyq/lib\libapi.a(a23.o)
 .note          0x00000000000024b4       0x74 C:/nolibgs_hello_worlds/psyq/lib\libapi.a(a24.o)
 .note          0x0000000000002528       0x74 C:/nolibgs_hello_worlds/psyq/lib\libapi.a(a25.o)
 .note          0x000000000000259c       0x74 C:/nolibgs_hello_worlds/psyq/lib\libapi.a(a36.o)
 .note          0x0000000000002610       0x74 C:/nolibgs_hello_worlds/psyq/lib\libapi.a(a37.o)
 .note          0x0000000000002684       0x74 C:/nolibgs_hello_worlds/psyq/lib\libapi.a(a91.o)
 .note          0x00000000000026f8       0x74 C:/nolibgs_hello_worlds/psyq/lib\libapi.a(c114.o)
 .note          0x000000000000276c       0x74 C:/nolibgs_hello_worlds/psyq/lib\libapi.a(c68.o)
 .note          0x00000000000027e0       0x74 C:/nolibgs_hello_worlds/psyq/lib\libapi.a(c73.o)
 .note          0x0000000000002854       0x74 C:/nolibgs_hello_worlds/psyq/lib\libapi.a(l10.o)
 .note          0x00000000000028c8       0x74 C:/nolibgs_hello_worlds/psyq/lib\libapi.a(pad.o)
 .note          0x000000000000293c       0x74 C:/nolibgs_hello_worlds/psyq/lib\libapi.a(patch.o)
 .note          0x00000000000029b0       0x74 C:/nolibgs_hello_worlds/psyq/lib\libapi.a(a18.o)
 .note          0x0000000000002a24       0x74 C:/nolibgs_hello_worlds/psyq/lib\libapi.a(a19.o)
 .note          0x0000000000002a98       0x74 C:/nolibgs_hello_worlds/psyq/lib\libapi.a(a21.o)
 .note          0x0000000000002b0c       0x74 C:/nolibgs_hello_worlds/psyq/lib\libapi.a(chclrpad.o)
 .note          0x0000000000002b80       0x74 C:/nolibgs_hello_worlds/psyq/lib\libapi.a(l02.o)
 .note          0x0000000000002bf4       0x74 C:/nolibgs_hello_worlds/psyq/lib\libapi.a(l03.o)
 .note          0x0000000000002c68       0x74 C:/nolibgs_hello_worlds/psyq/lib\libc.a(a63.o)
 .note          0x0000000000002cdc       0x74 C:/nolibgs_hello_worlds/psyq/lib\libc.a(c19.o)
 .note          0x0000000000002d50       0x74 C:/nolibgs_hello_worlds/psyq/lib\libc.a(c23.o)
 .note          0x0000000000002dc4       0x74 C:/nolibgs_hello_worlds/psyq/lib\libc.a(c24.o)
 .note          0x0000000000002e38       0x74 C:/nolibgs_hello_worlds/psyq/lib\libc.a(c27.o)
 .note          0x0000000000002eac       0x74 C:/nolibgs_hello_worlds/psyq/lib\libc.a(c42.o)
 .note          0x0000000000002f20       0x74 C:/nolibgs_hello_worlds/psyq/lib\libc.a(c43.o)
 .note          0x0000000000002f94       0x74 C:/nolibgs_hello_worlds/psyq/lib\libc.a(c63.o)
 .note          0x0000000000003008       0x74 C:/nolibgs_hello_worlds/psyq/lib\libetc.a(vmode.o)

.debug_info     0x0000000000000000     0x7924
 .debug_info    0x0000000000000000     0x7900 game.o
 .debug_info    0x0000000000007900       0x24 C:/nolibgs_hello_worlds/thirdparty/nugget/common/crt0/crt0.o

.debug_abbrev   0x0000000000000000      0x55d
 .debug_abbrev  0x0000000000000000      0x549 game.o
 .debug_abbrev  0x0000000000000549       0x14 C:/nolibgs_hello_worlds/thirdparty/nugget/common/crt0/crt0.o

.debug_loclists
                0x0000000000000000      0x705
 .debug_loclists
                0x0000000000000000      0x705 game.o

.debug_aranges  0x0000000000000000      0x130
 .debug_aranges
                0x0000000000000000      0x110 game.o
 .debug_aranges
                0x0000000000000110       0x20 C:/nolibgs_hello_worlds/thirdparty/nugget/common/crt0/crt0.o

.debug_rnglists
                0x0000000000000000      0x156
 .debug_rnglists
                0x0000000000000000      0x156 game.o

.debug_line     0x0000000000000000     0x6de6
 .debug_line    0x0000000000000000     0x6d8b game.o
 .debug_line    0x0000000000006d8b       0x5b C:/nolibgs_hello_worlds/thirdparty/nugget/common/crt0/crt0.o

.debug_str      0x0000000000000000     0x26d2
 .debug_str     0x0000000000000000     0x2682 game.o
                                       0x2906 (size before relaxing)
 .debug_str     0x0000000000002682       0x50 C:/nolibgs_hello_worlds/thirdparty/nugget/common/crt0/crt0.o

.debug_frame    0x0000000000000000      0x494
 .debug_frame   0x0000000000000000      0x494 game.o

.debug_line_str
                0x0000000000000000       0x3d
 .debug_line_str
                0x0000000000000000       0x3d C:/nolibgs_hello_worlds/thirdparty/nugget/common/crt0/crt0.o
                                         0x7a (size before relaxing)