Archive member included to satisfy reference by file (symbol)

C:/nolibgs_hello_worlds/psyq/lib\libapi.a(c57.o)
                              game.o (InitHeap)
C:/nolibgs_hello_worlds/psyq/lib\libc.a(c47.o)
                              game.o (rand)
C:/nolibgs_hello_worlds/psyq/lib\libc.a(c48.o)
                              game.o (srand)
C:/nolibgs_hello_worlds/psyq/lib\libc.a(c51.o)
                              game.o (malloc)
C:/nolibgs_hello_worlds/psyq/lib\libc.a(c52.o)
                              game.o (free)
C:/nolibgs_hello_worlds/psyq/lib\libetc.a(intr.o)
                              game.o (ResetCallback)
C:/nolibgs_hello_worlds/psyq/lib\libetc.a(intr_dma.o)
                              C:/nolibgs_hello_worlds/psyq/lib\libetc.a(intr.o) (startIntrDMA)
C:/nolibgs_hello_worlds/psyq/lib\libetc.a(intr_vb.o)
                              C:/nolibgs_hello_worlds/psyq/lib\libetc.a(intr.o) (startIntrVSync)
C:/nolibgs_hello_worlds/psyq/lib\libetc.a(pad.o)
                              game.o (PadRead)
C:/nolibgs_hello_worlds/psyq/lib\libetc.a(vsync.o)
                              game.o (VSync)
C:/nolibgs_hello_worlds/psyq/lib\libgpu.a(e03.o)
                              game.o (SetDefDrawEnv)
C:/nolibgs_hello_worlds/psyq/lib\libgpu.a(e04.o)
                              game.o (SetDefDispEnv)
C:/nolibgs_hello_worlds/psyq/lib\libgpu.a(font.o)
                              game.o (FntFlush)
C:/nolibgs_hello_worlds/psyq/lib\libgpu.a(p06.o)
                              C:/nolibgs_hello_worlds/psyq/lib\libgpu.a(font.o) (AddPrim)
C:/nolibgs_hello_worlds/psyq/lib\libgpu.a(p09.o)
                              C:/nolibgs_hello_worlds/psyq/lib\libgpu.a(font.o) (TermPrim)
C:/nolibgs_hello_worlds/psyq/lib\libgpu.a(p10.o)
                              C:/nolibgs_hello_worlds/psyq/lib\libgpu.a(font.o) (SetSemiTrans)
C:/nolibgs_hello_worlds/psyq/lib\libgpu.a(p20.o)
                              C:/nolibgs_hello_worlds/psyq/lib\libgpu.a(font.o) (SetSprt8)
C:/nolibgs_hello_worlds/psyq/lib\libgpu.a(p26.o)
                              C:/nolibgs_hello_worlds/psyq/lib\libgpu.a(font.o) (SetTile)
C:/nolibgs_hello_worlds/psyq/lib\libgpu.a(p41.o)
                              C:/nolibgs_hello_worlds/psyq/lib\libgpu.a(font.o) (SetDrawMode)
C:/nolibgs_hello_worlds/psyq/lib\libgpu.a(sys.o)
                              game.o (ClearImage2)
C:/nolibgs_hello_worlds/psyq/lib\libgpu.a(t00.o)
                              game.o (ReadTIM)
C:/nolibgs_hello_worlds/psyq/lib\libgpu.a(e00.o)
                              C:/nolibgs_hello_worlds/psyq/lib\libgpu.a(font.o) (LoadTPage)
C:/nolibgs_hello_worlds/psyq/lib\libgpu.a(e02.o)
                              C:/nolibgs_hello_worlds/psyq/lib\libgpu.a(font.o) (LoadClut2)
C:/nolibgs_hello_worlds/psyq/lib\libgpu.a(p00.o)
                              C:/nolibgs_hello_worlds/psyq/lib\libgpu.a(e00.o) (GetTPage)
C:/nolibgs_hello_worlds/psyq/lib\libgpu.a(p01.o)
                              C:/nolibgs_hello_worlds/psyq/lib\libgpu.a(e02.o) (GetClut)
C:/nolibgs_hello_worlds/psyq/lib\libgte.a(cmb_00.o)
                              game.o (RotTransPers4)
C:/nolibgs_hello_worlds/psyq/lib\libgte.a(fgo_01.o)
                              game.o (RotMatrix)
C:/nolibgs_hello_worlds/psyq/lib\libgte.a(msc00.o)
                              game.o (InitGeom)
C:/nolibgs_hello_worlds/psyq/lib\libgte.a(mtx_07.o)
                              game.o (TransMatrix)
C:/nolibgs_hello_worlds/psyq/lib\libgte.a(mtx_08.o)
                              game.o (ScaleMatrix)
C:/nolibgs_hello_worlds/psyq/lib\libgte.a(mtx_09.o)
                              game.o (SetRotMatrix)
C:/nolibgs_hello_worlds/psyq/lib\libgte.a(mtx_12.o)
                              game.o (SetTransMatrix)
C:/nolibgs_hello_worlds/psyq/lib\libgte.a(patchgte.o)
                              C:/nolibgs_hello_worlds/psyq/lib\libgte.a(msc00.o) (_patch_gte)
C:/nolibgs_hello_worlds/psyq/lib\libgte.a(reg12.o)
                              game.o (SetGeomOffset)
C:/nolibgs_hello_worlds/psyq/lib\libgte.a(reg13.o)
                              game.o (SetGeomScreen)
C:/nolibgs_hello_worlds/psyq/lib\libgte.a(cstbl.o)
                              C:/nolibgs_hello_worlds/psyq/lib\libgte.a(fgo_01.o) (rcossin_tbl)
C:/nolibgs_hello_worlds/psyq/lib\libspu.a(s_i.o)
                              game.o (SpuInit)
C:/nolibgs_hello_worlds/psyq/lib\libspu.a(s_ini.o)
                              C:/nolibgs_hello_worlds/psyq/lib\libspu.a(s_i.o) (_SpuInit)
C:/nolibgs_hello_worlds/psyq/lib\libspu.a(s_itc.o)
                              game.o (SpuIsTransferCompleted)
C:/nolibgs_hello_worlds/psyq/lib\libspu.a(s_m.o)
                              C:/nolibgs_hello_worlds/psyq/lib\libspu.a(s_ini.o) (_spu_memList)
C:/nolibgs_hello_worlds/psyq/lib\libspu.a(s_m_init.o)
                              game.o (SpuInitMalloc)
C:/nolibgs_hello_worlds/psyq/lib\libspu.a(s_m_m.o)
[...]
Memory Configuration

Name             Origin             Length             Attributes
loader           0x000000008000f800 0x0000000000000800
ram              0x0000000080010000 0x00000000001f0000 xrw
dcache           0x000000001f800000 0x0000000000000400
*default*        0x0000000000000000 0xffffffffffffffff

Linker script and memory map

LOAD game.o
LOAD tim/officeLEFT.o
LOAD tim/officeLEFTlight.o
LOAD tim/officeLEFTnolight.o
LOAD tim/officeLEFTlightbonnie.o
LOAD tim/officeMIDDLE.o
LOAD tim/officeMIDDLEnolight.o
LOAD tim/officeRIGHT.o
LOAD tim/officeRIGHTlight.o
LOAD tim/officeRIGHTlightchica.o
LOAD tim/officeRIGHTnolight.o
LOAD tim/CAMERAMONITOR.o
LOAD tim/freddysneak.o
LOAD tim/FAM.o
LOAD tim/load.o
LOAD tim/SAM.o
LOAD tim/fnt.o
LOAD tim/GJFIV.o
LOAD tim/GJSEV.o
LOAD tim/GJSIX.o
LOAD tim/doors.o
LOAD tim/jumpC.o
LOAD tim/jumpC2.o
LOAD tim/jumpC3.o
LOAD tim/jumpB.o
LOAD tim/jumpB2.o
LOAD tim/jumpB3.o
LOAD tim/jumpF.o
LOAD tim/jumpF2.o
LOAD tim/jumpF3.o
LOAD tim/jumpF20.o
LOAD tim/jumpF21.o
LOAD tim/jumpF22.o
LOAD tim/jumpF24.o
LOAD tim/jumpF25.o
LOAD tim/jumpFO.o
LOAD tim/jumpFO2.o
LOAD tim/jumpFO3.o
LOAD tim/static1.o
LOAD tim/itsme.o
LOAD vag/Door.o
LOAD vag/light.o
LOAD vag/Monitor.o
LOAD vag/officesound.o
LOAD vag/click.o
LOAD vag/noisedoor.o
LOAD vag/screamer.o
LOAD vag/honk.o
LOAD vag/Footstep.o
LOAD vag/knock.o
LOAD vag/footstepfoxy.o
LOAD vag/lightout.o
LOAD vag/jamlight.o
LOAD vag/footstep2.o
LOAD C:/nolibgs_hello_worlds/thirdparty/nugget/common/crt0/crt0.o
LOAD C:/nolibgs_hello_worlds/thirdparty/nugget/common/syscalls/printf.o
START GROUP
LOAD C:/nolibgs_hello_worlds/psyq/lib\libapi.a
LOAD C:/nolibgs_hello_worlds/psyq/lib\libc.a
LOAD C:/nolibgs_hello_worlds/psyq/lib\libc2.a
LOAD C:/nolibgs_hello_worlds/psyq/lib\libcard.a
LOAD C:/nolibgs_hello_worlds/psyq/lib\libcomb.a
LOAD C:/nolibgs_hello_worlds/psyq/lib\libds.a
LOAD C:/nolibgs_hello_worlds/psyq/lib\libetc.a
LOAD C:/nolibgs_hello_worlds/psyq/lib\libgpu.a
LOAD C:/nolibgs_hello_worlds/psyq/lib\libgs.a
LOAD C:/nolibgs_hello_worlds/psyq/lib\libgte.a
LOAD C:/nolibgs_hello_worlds/psyq/lib\libgun.a
LOAD C:/nolibgs_hello_worlds/psyq/lib\libhmd.a
LOAD C:/nolibgs_hello_worlds/psyq/lib\libmath.a
LOAD C:/nolibgs_hello_worlds/psyq/lib\libmcrd.a
LOAD C:/nolibgs_hello_worlds/psyq/lib\libmcx.a
LOAD C:/nolibgs_hello_worlds/psyq/lib\libpad.a
LOAD C:/nolibgs_hello_worlds/psyq/lib\libpress.a
LOAD C:/nolibgs_hello_worlds/psyq/lib\libsio.a
LOAD C:/nolibgs_hello_worlds/psyq/lib\libsnd.a
LOAD C:/nolibgs_hello_worlds/psyq/lib\libspu.a
LOAD C:/nolibgs_hello_worlds/psyq/lib\libtap.a
LOAD C:/nolibgs_hello_worlds/psyq/lib\libcd.a
END GROUP
                0x00000000801fcfe8                __heap_base = __bss_end
                0x0000000080010000                TLOAD_ADDR = DEFINED (TLOAD_ADDR)?TLOAD_ADDR:0x80010000
                0x0000000080200000                __ram_top = (ORIGIN (ram) + LENGTH (ram))
                0x00000000801fff00                __sp = (__ram_top - 0x100)
                0x000000001f800000                __dcache = ORIGIN (dcache)
                0x000000001f800400                __dcache_top = (ORIGIN (dcache) + LENGTH (dcache))
                0x0000000000058fe8                __bss_len = (__bss_end - __bss_start)
                0x00000000000175c0                __ftext_len = (__ftext_end - __ftext_start)
                0x000000000017ca40                __fdata_len = (__fdata_end - __fdata_start)
                0x0000000080200000                __stack_start = (ORIGIN (ram) + LENGTH (ram))

.PSX_EXE_Header
                0x000000008000f800      0x800
                0x000000008000f800        0x1 BYTE 0x50
                0x000000008000f801        0x1 BYTE 0x53
                0x000000008000f802        0x1 BYTE 0x2d
                0x000000008000f803        0x1 BYTE 0x58
                0x000000008000f804        0x1 BYTE 0x20
                0x000000008000f805        0x1 BYTE 0x45
                0x000000008000f806        0x1 BYTE 0x58
                0x000000008000f807        0x1 BYTE 0x45
                0x000000008000f808        0x4 LONG 0x0
                0x000000008000f80c        0x4 LONG 0x0
                0x000000008000f810        0x4 LONG 0x80010000 ABSOLUTE (_start)
                0x000000008000f814        0x4 LONG 0x0
                0x000000008000f818        0x4 LONG 0x80010000 TLOAD_ADDR
                0x000000008000f81c        0x4 LONG 0x194000 (__ftext_len + __fdata_len)
                0x000000008000f820        0x4 LONG 0x0
                0x000000008000f824        0x4 LONG 0x0
                0x000000008000f828        0x4 LONG 0x0
                0x000000008000f82c        0x4 LONG 0x0
                0x000000008000f830        0x4 LONG 0x801fff00 DEFINED (_sp)?ABSOLUTE (_sp):0x801fff00
                0x000000008000f834        0x4 LONG 0x0
                0x0000000080010000                . = (. + 0x7c8)
 *fill*         0x000000008000f838      0x7c8 
                0x0000000080010000                __ftext_start = ABSOLUTE (.)

.text           0x0000000080010000    0x175c0
 *(.start)
 .start         0x0000000080010000       0x64 C:/nolibgs_hello_worlds/thirdparty/nugget/common/crt0/crt0.o
                0x0000000080010000                _start
 *(.init)
 *(SORT_NONE(.fini))
 *(.text.unlikely .text.*_unlikely .text.unlikely.*)
 *(.text.exit .text.exit.*)
 *(.text.startup .text.startup.*)
 .text.startup.main
                0x0000000080010064     0x4e4c game.o
                0x0000000080010064                main
 *(.text.hot .text.hot.*)
 *(.text .stub .text.* .gnu.linkonce.t.*)
 .text.Ran      0x0000000080014eb0       0x50 game.o
                0x0000000080014eb0                Ran
 .text.clearVRAM
                0x0000000080014f00       0x68 game.o
                0x0000000080014f00                clearVRAM
 .text.makepoly
                0x0000000080014f68     0x1f74 game.o
                0x0000000080014f68                makepoly
 .text.cameraloc
                0x0000000080016edc     0x1328 game.o
                0x0000000080016edc                cameraloc
 .text.LoadTexture
                0x0000000080018204       0x7c game.o
                0x0000000080018204                LoadTexture
 .text.init     0x0000000080018280      0x140 game.o
                0x0000000080018280                init
 .text.display  0x00000000800183c0       0xb0 game.o
                0x00000000800183c0                display
 .text.initSnd  0x0000000080018470       0x64 game.o
                0x0000000080018470                initSnd
 .text.spuSetup
                0x00000000800184d4       0x50 game.o
                0x00000000800184d4                spuSetup
 .text.XAsetup  0x0000000080018524       0x3c game.o
                0x0000000080018524                XAsetup
 .text.sendVAGtoSPU
                0x0000000080018560       0x50 game.o
                0x0000000080018560                sendVAGtoSPU
 .text.setVoiceAttr
                0x00000000800185b0      0x13c game.o
                0x00000000800185b0                setVoiceAttr
 .text.setSPUtransfer
                0x00000000800186ec      0x100 game.o
                0x00000000800186ec                setSPUtransfer
 .text.chargeNtimeFunc
                0x00000000800187ec      0x14c game.o
                0x00000000800187ec                chargeNtimeFunc
 .text.resetgame
                0x0000000080018938      0x2e8 game.o
                0x0000000080018938                resetgame
 .text.print    0x0000000080018c20      0x30c game.o
                0x0000000080018c20                print
 .text.printNightInfo
                0x0000000080018f2c      0x194 game.o
                0x0000000080018f2c                printNightInfo
 .text.menuselectionfunc
                0x00000000800190c0     0x13cc game.o
                0x00000000800190c0                menuselectionfunc
 .text.menuPrint
                0x000000008001a48c      0x9bc game.o
                0x000000008001a48c                menuPrint
 .text.gameoverprint
                0x000000008001ae48       0x50 game.o
                0x000000008001ae48                gameoverprint
 .text.LightFunc
                0x000000008001ae98      0x20c game.o
                0x000000008001ae98                LightFunc
 .text.animatronicFunc
                0x000000008001b0a4      0xad4 game.o
                0x000000008001b0a4                animatronicFunc
 .text.doorFuncX
                0x000000008001bb78      0x104 game.o
                0x000000008001bb78                doorFuncX
 .text.CameraFunc
                0x000000008001bc7c      0x144 game.o
                0x000000008001bc7c                CameraFunc
 .text.controllerinput
                0x000000008001bdc0      0x360 game.o
                0x000000008001bdc0                controllerinput
 .text.screamer
                0x000000008001c120      0x47c game.o
                0x000000008001c120                screamer
 .text.lightsout
                0x000000008001c59c       0xb0 game.o
                0x000000008001c59c                lightsout
 .text.gamevictory
                0x000000008001c64c       0x94 game.o
                0x000000008001c64c                gamevictory
 .text          0x000000008001c6e0       0x10 C:/nolibgs_hello_worlds/psyq/lib\libapi.a(c57.o)
                0x000000008001c6e0                InitHeap
 .text          0x000000008001c6f0       0x10 C:/nolibgs_hello_worlds/psyq/lib\libc.a(c47.o)
                0x000000008001c6f0                rand
 .text          0x000000008001c700       0x10 C:/nolibgs_hello_worlds/psyq/lib\libc.a(c48.o)
                0x000000008001c700                srand
 .text          0x000000008001c710       0x10 C:/nolibgs_hello_worlds/psyq/lib\libc.a(c51.o)
                0x000000008001c710                malloc
 .text          0x000000008001c720       0x10 C:/nolibgs_hello_worlds/psyq/lib\libc.a(c52.o)
                0x000000008001c720                free
 .text          0x000000008001c730      0x6c0 C:/nolibgs_hello_worlds/psyq/lib\libetc.a(intr.o)
                0x000000008001c730                ResetCallback
                0x000000008001c760                InterruptCallback
                0x000000008001c790                DMACallback
                0x000000008001c7c0                VSyncCallback
                0x000000008001c7f4                VSyncCallbacks
                0x000000008001c824                StopCallback
                0x000000008001c854                RestartCallback
                0x000000008001c884                CheckCallback
                0x000000008001c894                GetIntrMask
                0x000000008001c8ac                SetIntrMask
 .text          0x000000008001cdf0      0x2a0 C:/nolibgs_hello_worlds/psyq/lib\libetc.a(intr_dma.o)
                0x000000008001cdf0                startIntrDMA
 .text          0x000000008001d090      0x120 C:/nolibgs_hello_worlds/psyq/lib\libetc.a(intr_vb.o)
                0x000000008001d090                startIntrVSync
 .text          0x000000008001d1b0       0x80 C:/nolibgs_hello_worlds/psyq/lib\libetc.a(pad.o)
                0x000000008001d1b0                PadInit
                0x000000008001d1fc                PadRead
 .text          0x000000008001d230      0x210 C:/nolibgs_hello_worlds/psyq/lib\libetc.a(vsync.o)
                0x000000008001d230                VSync
 .text          0x000000008001d440       0xc0 C:/nolibgs_hello_worlds/psyq/lib\libgpu.a(e03.o)
                0x000000008001d440                SetDefDrawEnv
 .text          0x000000008001d500       0x40 C:/nolibgs_hello_worlds/psyq/lib\libgpu.a(e04.o)
                0x000000008001d500                SetDefDispEnv
 .text          0x000000008001d540      0xa80 C:/nolibgs_hello_worlds/psyq/lib\libgpu.a(font.o)
                0x000000008001d540                SetDumpFnt
                0x000000008001d580                FntLoad
                0x000000008001d620                FntOpen
                0x000000008001d8dc                FntFlush
                0x000000008001dbf8                FntPrint
 .text          0x000000008001dfc0       0x40 C:/nolibgs_hello_worlds/psyq/lib\libgpu.a(p06.o)
                0x000000008001dfc0                AddPrim
 .text          0x000000008001e000       0x20 C:/nolibgs_hello_worlds/psyq/lib\libgpu.a(p09.o)
                0x000000008001e000                TermPrim
 .text          0x000000008001e020       0x30 C:/nolibgs_hello_worlds/psyq/lib\libgpu.a(p10.o)
                0x000000008001e020                SetSemiTrans
 .text          0x000000008001e050       0x20 C:/nolibgs_hello_worlds/psyq/lib\libgpu.a(p20.o)
                0x000000008001e050                SetSprt8
 .text          0x000000008001e070       0x20 C:/nolibgs_hello_worlds/psyq/lib\libgpu.a(p26.o)
                0x000000008001e070                SetTile
 .text          0x000000008001e090       0xa0 C:/nolibgs_hello_worlds/psyq/lib\libgpu.a(p41.o)
                0x000000008001e090                SetDrawMode
 .text          0x000000008001e130     0x2f00 C:/nolibgs_hello_worlds/psyq/lib\libgpu.a(sys.o)
                0x000000008001e130                ResetGraph
                0x000000008001e2a4                SetGraphDebug
                0x000000008001e300                SetGraphQueue
                0x000000008001e3a4                GetGraphDebug
                0x000000008001e3b4                DrawSyncCallback
                0x000000008001e414                SetDispMask
                0x000000008001e4ac                DrawSync
                0x000000008001e630                ClearImage
                0x000000008001e6c0                ClearImage2
                0x000000008001e758                LoadImage
                0x000000008001e7b8                StoreImage
                0x000000008001e818                MoveImage
                0x000000008001e8d0                ClearOTag
                0x000000008001e998                ClearOTagR
                0x000000008001ea44                DrawPrim
                0x000000008001eaa0                DrawOTag
                0x000000008001eb10                PutDrawEnv
                0x000000008001ebd0                DrawOTagEnv
                0x000000008001eca8                GetDrawEnv
                0x000000008001ecdc                PutDispEnv
                0x000000008001f1d4                GetDispEnv
                0x000000008001f208                GetODE
                0x000000008001f238                SetDrawArea
                0x000000008001f2b8                SetDrawOffset
                0x000000008001f2f8                SetDrawEnv
                0x0000000080020bc8                LoadImage2
                0x0000000080020cb4                StoreImage2
                0x0000000080020da0                MoveImage2
                0x0000000080020ee4                DrawOTag2
                0x0000000080020fe0                _GPU_ResetCallback
 .text          0x0000000080021030      0x190 C:/nolibgs_hello_worlds/psyq/lib\libgpu.a(t00.o)
                0x0000000080021030                OpenTIM
                0x0000000080021040                ReadTIM
 .text          0x00000000800211c0       0xf0 C:/nolibgs_hello_worlds/psyq/lib\libgpu.a(e00.o)
                0x00000000800211c0                LoadTPage
 .text          0x00000000800212b0       0x70 C:/nolibgs_hello_worlds/psyq/lib\libgpu.a(e02.o)
                0x00000000800212b0                LoadClut2
 .text          0x0000000080021320       0x40 C:/nolibgs_hello_worlds/psyq/lib\libgpu.a(p00.o)
                0x0000000080021320                GetTPage
 .text          0x0000000080021360       0x20 C:/nolibgs_hello_worlds/psyq/lib\libgpu.a(p01.o)
                0x0000000080021360                GetClut
 .text          0x0000000080021380       0x80 C:/nolibgs_hello_worlds/psyq/lib\libgte.a(cmb_00.o)
                0x0000000080021380                RotTransPers4
 .text          0x0000000080021400      0x290 C:/nolibgs_hello_worlds/psyq/lib\libgte.a(fgo_01.o)
                0x0000000080021400                RotMatrix
 .text          0x0000000080021690       0x90 C:/nolibgs_hello_worlds/psyq/lib\libgte.a(msc00.o)
                0x0000000080021698                InitGeom
 .text          0x0000000080021720       0x30 C:/nolibgs_hello_worlds/psyq/lib\libgte.a(mtx_07.o)
                0x0000000080021720                TransMatrix
 .text          0x0000000080021750      0x140 C:/nolibgs_hello_worlds/psyq/lib\libgte.a(mtx_08.o)
                0x0000000080021750                ScaleMatrix
 .text          0x0000000080021890       0x30 C:/nolibgs_hello_worlds/psyq/lib\libgte.a(mtx_09.o)
                0x0000000080021890                SetRotMatrix
 .text          0x00000000800218c0       0x20 C:/nolibgs_hello_worlds/psyq/lib\libgte.a(mtx_12.o)
                0x00000000800218c0                SetTransMatrix
 .text          0x00000000800218e0       0xe0 C:/nolibgs_hello_worlds/psyq/lib\libgte.a(patchgte.o)
                0x00000000800218e0                _patch_gte
 .text          0x00000000800219c0       0x20 C:/nolibgs_hello_worlds/psyq/lib\libgte.a(reg12.o)
                0x00000000800219c0                SetGeomOffset
 .text          0x00000000800219e0       0x10 C:/nolibgs_hello_worlds/psyq/lib\libgte.a(reg13.o)
                0x00000000800219e0                SetGeomScreen
 .text          0x00000000800219f0       0x20 C:/nolibgs_hello_worlds/psyq/lib\libspu.a(s_i.o)
                0x00000000800219f0                SpuInit
 .text          0x0000000080021a10      0x160 C:/nolibgs_hello_worlds/psyq/lib\libspu.a(s_ini.o)
                0x0000000080021a10                _SpuInit
                0x0000000080021af8                SpuStart
 .text          0x0000000080021b70       0xb0 C:/nolibgs_hello_worlds/psyq/lib\libspu.a(s_itc.o)
                0x0000000080021b70                SpuIsTransferCompleted
 .text          0x0000000080021c20       0x60 C:/nolibgs_hello_worlds/psyq/lib\libspu.a(s_m_init.o)
                0x0000000080021c20                SpuInitMalloc
 .text          0x0000000080021c80      0x2d0 C:/nolibgs_hello_worlds/psyq/lib\libspu.a(s_m_m.o)
                0x0000000080021c80                SpuMalloc
 .text          0x0000000080021f50      0x380 C:/nolibgs_hello_worlds/psyq/lib\libspu.a(s_sca.o)
                0x0000000080021f50                SpuSetCommonAttr
 .text          0x00000000800222d0      0x140 C:/nolibgs_hello_worlds/psyq/lib\libspu.a(s_si.o)
                0x00000000800222d0                SpuSetIRQ
 .text          0x0000000080022410      0x1c0 C:/nolibgs_hello_worlds/psyq/lib\libspu.a(s_sk.o)
                0x0000000080022410                SpuSetKey
 .text          0x00000000800225d0       0x30 C:/nolibgs_hello_worlds/psyq/lib\libspu.a(s_stm.o)
                0x00000000800225d0                SpuSetTransferMode
 .text          0x0000000080022600       0x60 C:/nolibgs_hello_worlds/psyq/lib\libspu.a(s_stsa.o)
                0x0000000080022600                SpuSetTransferStartAddr
 .text          0x0000000080022660      0x600 C:/nolibgs_hello_worlds/psyq/lib\libspu.a(s_sva.o)
                0x0000000080022660                SpuSetVoiceAttr
 .text          0x0000000080022c60       0x80 C:/nolibgs_hello_worlds/psyq/lib\libspu.a(s_svv.o)
                0x0000000080022c60                SpuSetVoiceVolume
 .text          0x0000000080022ce0       0x60 C:/nolibgs_hello_worlds/psyq/lib\libspu.a(s_w.o)
                0x0000000080022ce0                SpuWrite
 .text          0x0000000080022d40      0xb40 C:/nolibgs_hello_worlds/psyq/lib\libspu.a(spu.o)
                0x0000000080022d40                _spu_init
                0x0000000080023180                _spu_FiDMA
                0x000000008002323c                _spu_Fr_
                0x00000000800232e4                _spu_t
                0x0000000080023564                _spu_Fw
                0x00000000800235e8                _spu_Fr
                0x000000008002364c                _spu_FsetRXX
                0x0000000080023690                _spu_FsetRXXa
                0x0000000080023734                _spu_FgetRXXa
                0x0000000080023770                _spu_FsetPCR
                0x0000000080023818                _spu_Fw1ts
 .text          0x0000000080023880       0x30 C:/nolibgs_hello_worlds/psyq/lib\libspu.a(s_dcb.o)
                0x0000000080023880                _SpuDataCallback
 .text          0x00000000800238b0      0x300 C:/nolibgs_hello_worlds/psyq/lib\libspu.a(s_m_int.o)
                0x00000000800238b0                _spu_gcSPU
 .text          0x0000000080023bb0      0x200 C:/nolibgs_hello_worlds/psyq/lib\libspu.a(s_n2p.o)
                0x0000000080023bb0                _spu_note2pitch
                0x0000000080023c80                _spu_pitch2note
 .text          0x0000000080023db0      0x9a0 C:/nolibgs_hello_worlds/psyq/lib\libcd.a(cdr_1.o)
                0x0000000080024310                CdReadBreak
                0x00000000800244b0                CdRead
                0x000000008002464c                CdReadSync
 .text          0x0000000080024750      0x150 C:/nolibgs_hello_worlds/psyq/lib\libcd.a(event.o)
                0x0000000080024750                CdInit
 .text          0x00000000800248a0      0x970 C:/nolibgs_hello_worlds/psyq/lib\libcd.a(iso9660.o)
                0x00000000800248a0                CdSearchFile
 .text          0x0000000080025210      0x110 C:/nolibgs_hello_worlds/psyq/lib\libcd.a(s_002.o)
                0x0000000080025210                CdIntToPos
 .text          0x0000000080025320       0x10 C:/nolibgs_hello_worlds/psyq/lib\libcd.a(s_003.o)
                0x0000000080025320                CdStatus
 .text          0x0000000080025330       0x10 C:/nolibgs_hello_worlds/psyq/lib\libcd.a(s_004.o)
                0x0000000080025330                CdMode
 .text          0x0000000080025340       0x10 C:/nolibgs_hello_worlds/psyq/lib\libcd.a(s_006.o)
                0x0000000080025340                CdLastPos
 .text          0x0000000080025350       0x20 C:/nolibgs_hello_worlds/psyq/lib\libcd.a(s_008.o)
                0x0000000080025350                CdFlush
 .text          0x0000000080025370       0x20 C:/nolibgs_hello_worlds/psyq/lib\libcd.a(s_013.o)
                0x0000000080025370                CdReady
 .text          0x0000000080025390       0x20 C:/nolibgs_hello_worlds/psyq/lib\libcd.a(s_014.o)
                0x0000000080025390                CdSyncCallback
 .text          0x00000000800253b0       0x20 C:/nolibgs_hello_worlds/psyq/lib\libcd.a(s_015.o)
                0x00000000800253b0                CdReadyCallback
 .text          0x00000000800253d0      0x3c0 C:/nolibgs_hello_worlds/psyq/lib\libcd.a(s_016.o)
                0x00000000800253d0                CdControl
                0x000000008002550c                CdControlF
                0x0000000080025640                CdControlB
 .text          0x0000000080025790       0x20 C:/nolibgs_hello_worlds/psyq/lib\libcd.a(s_021.o)
                0x0000000080025790                CdGetSector
 .text          0x00000000800257b0       0x20 C:/nolibgs_hello_worlds/psyq/lib\libcd.a(s_022.o)
                0x00000000800257b0                CdGetSector2
 .text          0x00000000800257d0       0x30 C:/nolibgs_hello_worlds/psyq/lib\libcd.a(s_023.o)
                0x00000000800257d0                CdDataCallback
 .text          0x0000000080025800       0x20 C:/nolibgs_hello_worlds/psyq/lib\libcd.a(s_024.o)
                0x0000000080025800                CdDataSync
 .text          0x0000000080025820       0x80 C:/nolibgs_hello_worlds/psyq/lib\libcd.a(sys.o)
                0x0000000080025820                CdPosToInt
 .text          0x00000000800258a0     0x1580 C:/nolibgs_hello_worlds/psyq/lib\libcd.a(bios_1.o)
                0x0000000080025e04                CD_sync
                0x0000000080026084                CD_ready
                0x000000008002634c                CD_cw
                0x0000000080026758                CD_vol
                0x00000000800267e0                CD_flush
                0x00000000800268b4                CD_initvol
                0x00000000800269a4                CD_initintr
                0x00000000800269f0                CD_init
                0x0000000080026bd0                CD_datasync
                0x0000000080026d38                CD_set_test_parmnum
 .text          0x0000000080026e20      0x100 C:/nolibgs_hello_worlds/psyq/lib\libcd.a(bios_2.o)
                0x0000000080026e20                CD_getsector
 .text          0x0000000080026f20       0xf0 C:/nolibgs_hello_worlds/psyq/lib\libcd.a(bios_3.o)
                0x0000000080026f20                CD_getsector2
 .text          0x0000000080027010       0x10 C:/nolibgs_hello_worlds/psyq/lib\libapi.a(a07.o)
                0x0000000080027010                DeliverEvent
 .text          0x0000000080027020       0x10 C:/nolibgs_hello_worlds/psyq/lib\libapi.a(a08.o)
                0x0000000080027020                OpenEvent
 .text          0x0000000080027030       0x10 C:/nolibgs_hello_worlds/psyq/lib\libapi.a(a11.o)
                0x0000000080027030                TestEvent
 .text          0x0000000080027040       0x10 C:/nolibgs_hello_worlds/psyq/lib\libapi.a(a12.o)
                0x0000000080027040                EnableEvent
 .text          0x0000000080027050       0x10 C:/nolibgs_hello_worlds/psyq/lib\libapi.a(a22.o)
                0x0000000080027050                PAD_dr
 .text          0x0000000080027060       0x10 C:/nolibgs_hello_worlds/psyq/lib\libapi.a(a23.o)
                0x0000000080027060                ReturnFromException
 .text          0x0000000080027070       0x10 C:/nolibgs_hello_worlds/psyq/lib\libapi.a(a24.o)
                0x0000000080027070                ResetEntryInt
 .text          0x0000000080027080       0x10 C:/nolibgs_hello_worlds/psyq/lib\libapi.a(a25.o)
                0x0000000080027080                HookEntryInt
 .text          0x0000000080027090       0x10 C:/nolibgs_hello_worlds/psyq/lib\libapi.a(a36.o)
                0x0000000080027090                EnterCriticalSection
 .text          0x00000000800270a0       0x10 C:/nolibgs_hello_worlds/psyq/lib\libapi.a(a37.o)
                0x00000000800270a0                ExitCriticalSection
 .text          0x00000000800270b0       0x10 C:/nolibgs_hello_worlds/psyq/lib\libapi.a(a91.o)
                0x00000000800270b0                ChangeClearPAD
 .text          0x00000000800270c0       0x20 C:/nolibgs_hello_worlds/psyq/lib\libapi.a(c114.o)
                0x00000000800270c8                _96_remove
 .text          0x00000000800270e0       0x10 C:/nolibgs_hello_worlds/psyq/lib\libapi.a(c68.o)
                0x00000000800270e0                FlushCache
 .text          0x00000000800270f0       0x10 C:/nolibgs_hello_worlds/psyq/lib\libapi.a(c73.o)
                0x00000000800270f0                GPU_cw
 .text          0x0000000080027100       0x10 C:/nolibgs_hello_worlds/psyq/lib\libapi.a(l10.o)
                0x0000000080027100                ChangeClearRCnt
 .text          0x0000000080027110      0x290 C:/nolibgs_hello_worlds/psyq/lib\libapi.a(pad.o)
                0x0000000080027110                SetInitPadFlag
                0x000000008002711c                ReadInitPadFlag
                0x000000008002712c                PAD_init
                0x00000000800271bc                InitPAD
                0x000000008002724c                StartPAD
 .text          0x00000000800273a0       0xa0 C:/nolibgs_hello_worlds/psyq/lib\libapi.a(patch.o)
                0x00000000800273a0                EnablePAD
                0x00000000800273b4                DisablePAD
                0x00000000800273c8                _patch_pad
 .text          0x0000000080027440       0x10 C:/nolibgs_hello_worlds/psyq/lib\libapi.a(a18.o)
                0x0000000080027440                InitPAD2
 .text          0x0000000080027450       0x10 C:/nolibgs_hello_worlds/psyq/lib\libapi.a(a19.o)
                0x0000000080027450                StartPAD2
 .text          0x0000000080027460       0x10 C:/nolibgs_hello_worlds/psyq/lib\libapi.a(a21.o)
                0x0000000080027460                PAD_init2
 .text          0x0000000080027470       0x70 C:/nolibgs_hello_worlds/psyq/lib\libapi.a(chclrpad.o)
                0x0000000080027470                _remove_ChgclrPAD
 .text          0x00000000800274e0       0x10 C:/nolibgs_hello_worlds/psyq/lib\libapi.a(l02.o)
                0x00000000800274e0                SysEnqIntRP
 .text          0x00000000800274f0       0x10 C:/nolibgs_hello_worlds/psyq/lib\libapi.a(l03.o)
                0x00000000800274f0                SysDeqIntRP
 .text          0x0000000080027500       0x20 C:/nolibgs_hello_worlds/psyq/lib\libc.a(a63.o)
                0x0000000080027508                puts
 .text          0x0000000080027520       0x10 C:/nolibgs_hello_worlds/psyq/lib\libc.a(c19.o)
                0x0000000080027520                setjmp
 .text          0x0000000080027530       0x10 C:/nolibgs_hello_worlds/psyq/lib\libc.a(c23.o)
                0x0000000080027530                strcmp
 .text          0x0000000080027540       0x10 C:/nolibgs_hello_worlds/psyq/lib\libc.a(c24.o)
                0x0000000080027540                strncmp
 .text          0x0000000080027550       0x10 C:/nolibgs_hello_worlds/psyq/lib\libc.a(c27.o)
                0x0000000080027550                strlen
 .text          0x0000000080027560       0x10 C:/nolibgs_hello_worlds/psyq/lib\libc.a(c42.o)
                0x0000000080027560                memcpy
 .text          0x0000000080027570       0x10 C:/nolibgs_hello_worlds/psyq/lib\libc.a(c43.o)
                0x0000000080027570                memset
 .text          0x0000000080027580       0x10 C:/nolibgs_hello_worlds/psyq/lib\libc.a(c63.o)
                0x0000000080027580                printf
 .text          0x0000000080027590       0x30 C:/nolibgs_hello_worlds/psyq/lib\libetc.a(vmode.o)
                0x0000000080027590                SetVideoMode
                0x00000000800275a4                GetVideoMode
                0x00000000800275c0                . = ALIGN (0x10)
 *(.init)
                0x00000000800275c0                . = ALIGN (0x10)
 *(.fini)
                0x00000000800275c0                . = ALIGN (0x10)
                0x00000000800275c0                __text_end = .
                0x00000000800275c0                __ftext_end = ABSOLUTE (.)
                0x00000000800275c0                __fdata_start = ABSOLUTE (.)

.rodata         0x00000000800275c0   0x175200
 *(.rodata .rodata.* .rdata .rdata.* .gnu.linkonce.r.*)
 .rodata.str1.4
                0x00000000800275c0     0x10d8 game.o
                                       0x10dc (size before relaxing)
 .rodata        0x0000000080028698     0xdab0 tim/officeLEFT.o
                0x0000000080028698                _binary_tim_officeLEFT_tim_start
                0x0000000080036148                _binary_tim_officeLEFT_tim_end
 .rodata        0x0000000080036148     0xdc89 tim/officeLEFTlight.o
                0x0000000080036148                _binary_tim_officeLEFTlight_tim_start
                0x0000000080043dd1                _binary_tim_officeLEFTlight_tim_end
 *fill*         0x0000000080043dd1        0x3 
 .rodata        0x0000000080043dd4     0xdc89 tim/officeLEFTnolight.o
                0x0000000080043dd4                _binary_tim_officeLEFTnolight_tim_start
                0x0000000080051a5d                _binary_tim_officeLEFTnolight_tim_end
 *fill*         0x0000000080051a5d        0x3 
 .rodata        0x0000000080051a60     0xdc89 tim/officeLEFTlightbonnie.o
                0x0000000080051a60                _binary_tim_officeLEFTlightbonnie_tim_start
                0x000000008005f6e9                _binary_tim_officeLEFTlightbonnie_tim_end
 *fill*         0x000000008005f6e9        0x3 
 .rodata        0x000000008005f6ec     0xdca8 tim/officeMIDDLE.o
                0x000000008005f6ec                _binary_tim_officeMIDDLE_tim_start
                0x000000008006d394                _binary_tim_officeMIDDLE_tim_end
 .rodata        0x000000008006d394     0xdca8 tim/officeMIDDLEnolight.o
                0x000000008006d394                _binary_tim_officeMIDDLEnolight_tim_start
                0x000000008007b03c                _binary_tim_officeMIDDLEnolight_tim_end
 .rodata        0x000000008007b03c     0xdab0 tim/officeRIGHT.o
                0x000000008007b03c                _binary_tim_officeRIGHT_tim_start
                0x0000000080088aec                _binary_tim_officeRIGHT_tim_end
 .rodata        0x0000000080088aec     0xdab0 tim/officeRIGHTlight.o
                0x0000000080088aec                _binary_tim_officeRIGHTlight_tim_start
                0x000000008009659c                _binary_tim_officeRIGHTlight_tim_end
 .rodata        0x000000008009659c     0xdab0 tim/officeRIGHTlightchica.o
                0x000000008009659c                _binary_tim_officeRIGHTlightchica_tim_start
                0x00000000800a404c                _binary_tim_officeRIGHTlightchica_tim_end
 .rodata        0x00000000800a404c     0xdab0 tim/officeRIGHTnolight.o
                0x00000000800a404c                _binary_tim_officeRIGHTnolight_tim_start
                0x00000000800b1afc                _binary_tim_officeRIGHTnolight_tim_end
 .rodata        0x00000000800b1afc      0x7b0 tim/freddysneak.o
                0x00000000800b1afc                _binary_tim_freddysneak_tim_start
                0x00000000800b22ac                _binary_tim_freddysneak_tim_end
 .rodata        0x00000000800b22ac      0xae6 tim/FAM.o
                0x00000000800b22ac                _binary_tim_FAM_tim_start
                0x00000000800b2d92                _binary_tim_FAM_tim_end
 *fill*         0x00000000800b2d92        0x2 
 .rodata        0x00000000800b2d94      0xc98 tim/load.o
                0x00000000800b2d94                _binary_tim_load_tim_start
                0x00000000800b3a2c                _binary_tim_load_tim_end
 .rodata        0x00000000800b3a2c      0xae6 tim/SAM.o
                0x00000000800b3a2c                _binary_tim_SAM_tim_start
                0x00000000800b4512                _binary_tim_SAM_tim_end
 *fill*         0x00000000800b4512        0x2 
 .rodata        0x00000000800b4514     0xecbc tim/GJFIV.o
                0x00000000800b4514                _binary_tim_GJFIV_tim_start
                0x00000000800c31d0                _binary_tim_GJFIV_tim_end
 .rodata        0x00000000800c31d0     0xecd8 tim/GJSEV.o
                0x00000000800c31d0                _binary_tim_GJSEV_tim_start
                0x00000000800d1ea8                _binary_tim_GJSEV_tim_end
 .rodata        0x00000000800d1ea8     0xecd8 tim/GJSIX.o
                0x00000000800d1ea8                _binary_tim_GJSIX_tim_start
                0x00000000800e0b80                _binary_tim_GJSIX_tim_end
 .rodata        0x00000000800e0b80     0x5052 tim/doors.o
                0x00000000800e0b80                _binary_tim_doors_tim_start
                0x00000000800e5bd2                _binary_tim_doors_tim_end
 *fill*         0x00000000800e5bd2        0x2 
 .rodata        0x00000000800e5bd4     0x697c tim/jumpC.o
                0x00000000800e5bd4                _binary_tim_jumpC_tim_start
                0x00000000800ec550                _binary_tim_jumpC_tim_end
 .rodata        0x00000000800ec550     0x697c tim/jumpC2.o
                0x00000000800ec550                _binary_tim_jumpC2_tim_start
                0x00000000800f2ecc                _binary_tim_jumpC2_tim_end
 .rodata        0x00000000800f2ecc     0x697c tim/jumpC3.o
                0x00000000800f2ecc                _binary_tim_jumpC3_tim_start
                0x00000000800f9848                _binary_tim_jumpC3_tim_end
 .rodata        0x00000000800f9848     0x697c tim/jumpB.o
                0x00000000800f9848                _binary_tim_jumpB_tim_start
                0x00000000801001c4                _binary_tim_jumpB_tim_end
 .rodata        0x00000000801001c4     0x697c tim/jumpB2.o
                0x00000000801001c4                _binary_tim_jumpB2_tim_start
                0x0000000080106b40                _binary_tim_jumpB2_tim_end
 .rodata        0x0000000080106b40     0x697c tim/jumpB3.o
                0x0000000080106b40                _binary_tim_jumpB3_tim_start
                0x000000008010d4bc                _binary_tim_jumpB3_tim_end
 .rodata        0x000000008010d4bc     0x697c tim/jumpF.o
                0x000000008010d4bc                _binary_tim_jumpF_tim_start
                0x0000000080113e38                _binary_tim_jumpF_tim_end
 .rodata        0x0000000080113e38     0x697c tim/jumpF2.o
                0x0000000080113e38                _binary_tim_jumpF2_tim_start
                0x000000008011a7b4                _binary_tim_jumpF2_tim_end
 .rodata        0x000000008011a7b4     0x697c tim/jumpF3.o
                0x000000008011a7b4                _binary_tim_jumpF3_tim_start
                0x0000000080121130                _binary_tim_jumpF3_tim_end
 .rodata        0x0000000080121130     0x697c tim/jumpF20.o
                0x0000000080121130                _binary_tim_jumpF20_tim_start
                0x0000000080127aac                _binary_tim_jumpF20_tim_end
 .rodata        0x0000000080127aac     0x697c tim/jumpF21.o
                0x0000000080127aac                _binary_tim_jumpF21_tim_start
                0x000000008012e428                _binary_tim_jumpF21_tim_end
 .rodata        0x000000008012e428     0x697c tim/jumpF22.o
                0x000000008012e428                _binary_tim_jumpF22_tim_start
                0x0000000080134da4                _binary_tim_jumpF22_tim_end
 .rodata        0x0000000080134da4     0x697c tim/jumpF24.o
                0x0000000080134da4                _binary_tim_jumpF24_tim_start
                0x000000008013b720                _binary_tim_jumpF24_tim_end
 .rodata        0x000000008013b720     0x697c tim/jumpF25.o
                0x000000008013b720                _binary_tim_jumpF25_tim_start
                0x000000008014209c                _binary_tim_jumpF25_tim_end
 .rodata        0x000000008014209c     0x697c tim/jumpFO.o
                0x000000008014209c                _binary_tim_jumpFO_tim_start
                0x0000000080148a18                _binary_tim_jumpFO_tim_end
 .rodata        0x0000000080148a18     0x697c tim/jumpFO2.o
                0x0000000080148a18                _binary_tim_jumpFO2_tim_start
                0x000000008014f394                _binary_tim_jumpFO2_tim_end
 .rodata        0x000000008014f394     0x697c tim/jumpFO3.o
                0x000000008014f394                _binary_tim_jumpFO3_tim_start
                0x0000000080155d10                _binary_tim_jumpFO3_tim_end
 .rodata        0x0000000080155d10     0x346c tim/static1.o
                0x0000000080155d10                _binary_tim_static1_tim_start
                0x000000008015917c                _binary_tim_static1_tim_end
 .rodata        0x000000008015917c     0x5cf0 vag/Door.o
                0x000000008015917c                _binary_vag_Door_vag_start
                0x000000008015ee6c                _binary_vag_Door_vag_end
 .rodata        0x000000008015ee6c      0x9a0 vag/light.o
                0x000000008015ee6c                _binary_vag_light_vag_start
                0x000000008015f80c                _binary_vag_light_vag_end
 .rodata        0x000000008015f80c     0x1d60 vag/Monitor.o
                0x000000008015f80c                _binary_vag_Monitor_vag_start
                0x000000008016156c                _binary_vag_Monitor_vag_end
 .rodata        0x000000008016156c     0xeb60 vag/officesound.o
                0x000000008016156c                _binary_vag_officesound_vag_start
                0x00000000801700cc                _binary_vag_officesound_vag_end
 .rodata        0x00000000801700cc     0x1db0 vag/click.o
                0x00000000801700cc                _binary_vag_click_vag_start
                0x0000000080171e7c                _binary_vag_click_vag_end
 .rodata        0x0000000080171e7c     0x8f00 vag/noisedoor.o
                0x0000000080171e7c                _binary_vag_noisedoor_vag_start
                0x000000008017ad7c                _binary_vag_noisedoor_vag_end
 .rodata        0x000000008017ad7c     0x37c0 vag/screamer.o
                0x000000008017ad7c                _binary_vag_screamer_vag_start
                0x000000008017e53c                _binary_vag_screamer_vag_end
 .rodata        0x000000008017e53c     0x2410 vag/honk.o
                0x000000008017e53c                _binary_vag_honk_vag_start
                0x000000008018094c                _binary_vag_honk_vag_end
 .rodata        0x000000008018094c     0x2080 vag/Footstep.o
                0x000000008018094c                _binary_vag_Footstep_vag_start
                0x00000000801829cc                _binary_vag_Footstep_vag_end
 .rodata        0x00000000801829cc     0x3dd0 vag/knock.o
                0x00000000801829cc                _binary_vag_knock_vag_start
                0x000000008018679c                _binary_vag_knock_vag_end
 .rodata        0x000000008018679c     0xceb0 vag/footstepfoxy.o
                0x000000008018679c                _binary_vag_footstepfoxy_vag_start
                0x000000008019364c                _binary_vag_footstepfoxy_vag_end
 .rodata        0x000000008019364c     0x1db0 vag/lightout.o
                0x000000008019364c                _binary_vag_lightout_vag_start
                0x00000000801953fc                _binary_vag_lightout_vag_end
 .rodata        0x00000000801953fc      0x7b0 vag/jamlight.o
                0x00000000801953fc                _binary_vag_jamlight_vag_start
                0x0000000080195bac                _binary_vag_jamlight_vag_end
 .rodata        0x0000000080195bac     0x62a0 vag/footstep2.o
                0x0000000080195bac                _binary_vag_footstep2_vag_start
                0x000000008019be4c                _binary_vag_footstep2_vag_end
 .rodata        0x000000008019be4c       0x10 C:/nolibgs_hello_worlds/thirdparty/nugget/common/crt0/crt0.o
 *fill*         0x000000008019be5c        0x4 
 .rdata         0x000000008019be60       0x70 C:/nolibgs_hello_worlds/psyq/lib\libetc.a(intr.o)
 .rdata         0x000000008019bed0       0x30 C:/nolibgs_hello_worlds/psyq/lib\libetc.a(intr_dma.o)
 .rdata         0x000000008019bf00       0x10 C:/nolibgs_hello_worlds/psyq/lib\libetc.a(vsync.o)
 .rdata         0x000000008019bf10       0xa0 C:/nolibgs_hello_worlds/psyq/lib\libgpu.a(font.o)
 .rdata         0x000000008019bfb0      0x220 C:/nolibgs_hello_worlds/psyq/lib\libgpu.a(sys.o)
 .rdata         0x000000008019c1d0       0x30 C:/nolibgs_hello_worlds/psyq/lib\libgpu.a(t00.o)
 .rdata         0x000000008019c200       0x40 C:/nolibgs_hello_worlds/psyq/lib\libspu.a(s_sca.o)
 .rdata         0x000000008019c240       0x30 C:/nolibgs_hello_worlds/psyq/lib\libspu.a(s_si.o)
 .rdata         0x000000008019c270       0x40 C:/nolibgs_hello_worlds/psyq/lib\libspu.a(s_sva.o)
 .rdata         0x000000008019c2b0       0x50 C:/nolibgs_hello_worlds/psyq/lib\libspu.a(spu.o)
 .rdata         0x000000008019c300       0x50 C:/nolibgs_hello_worlds/psyq/lib\libcd.a(cdr_1.o)
 .rdata         0x000000008019c350       0x20 C:/nolibgs_hello_worlds/psyq/lib\libcd.a(event.o)
 .rdata         0x000000008019c370      0x1f0 C:/nolibgs_hello_worlds/psyq/lib\libcd.a(iso9660.o)
 .rdata         0x000000008019c560      0x260 C:/nolibgs_hello_worlds/psyq/lib\libcd.a(bios_1.o)
                0x000000008019c7c0                . = ALIGN (0x10)
                0x000000008019c7c0                __preinit_array_start = .
 *(.preinit_array)
                0x000000008019c7c0                __preinit_array_end = .
                0x000000008019c7c0                . = ALIGN (0x10)
                0x000000008019c7c0                __init_array_start = .
 *(SORT_BY_NAME(.init_array.*))
 *(.init_array)
                0x000000008019c7c0                . = ALIGN (0x10)
 *crtbegin.o(.ctors)
 *(EXCLUDE_FILE(*crtend.o) .ctors)
 *(SORT_BY_NAME(.ctors.*))
 *crtend.o(.ctors)
                0x000000008019c7c0                __init_array_end = .
                0x000000008019c7c0                . = ALIGN (0x10)
                0x000000008019c7c0                __fini_array_start = .
 *(.fini_array)
 *(SORT_BY_NAME(.fini_array.*))
 *crtbegin.o(.dtors)
 *(EXCLUDE_FILE(*crtend.o) .dtors)
 *(SORT_BY_NAME(.dtors.*))
 *crtend.o(.dtors)
                0x000000008019c7c0                __fini_array_end = .
                0x000000008019c7c0                __build_id = .
 *(.note.gnu.build-id)
                0x000000008019c7c0                __build_id_end = .

.rel.dyn        0x000000008019c7c0        0x0
 .rel.dyn       0x000000008019c7c0        0x0 game.o

.rodata1
 *(.rodata1)
                0x000000008019c7c0                __data_start = .

.data           0x000000008019c7c0     0x7840
 *(.a0table)
 *(.data .data.* .gnu.linkonce.d.*)
 .data          0x000000008019c7c0      0x8e8 game.o
                0x000000008019c7c0                vagsoundBank
                0x000000008019c868                VertPosofficegolden
                0x000000008019c888                ScaleVectorofficegolden
                0x000000008019c898                MovVectorofficegolden
                0x000000008019c8a8                VertPosgolden
                0x000000008019c8c8                ScaleVectorgolden
                0x000000008019c8d8                MovVectorgolden
                0x000000008019c8e8                VertPospolycamgreyogreen
                0x000000008019c908                ScaleVectorpolycamgreyogreen
                0x000000008019c918                MovVectorpolycamgreyogreen7
                0x000000008019c928                MovVectorpolycamgreyogreen6
                0x000000008019c938                MovVectorpolycamgreyogreen4B
                0x000000008019c948                MovVectorpolycamgreyogreen4A
                0x000000008019c958                MovVectorpolycamgreyogreen2B
                0x000000008019c968                MovVectorpolycamgreyogreen2A
                0x000000008019c978                MovVectorpolycamgreyogreen3
                0x000000008019c988                MovVectorpolycamgreyogreen5
                0x000000008019c998                MovVectorpolycamgreyogreen1C
                0x000000008019c9a8                MovVectorpolycamgreyogreen1B
                0x000000008019c9b8                MovVectorpolycamgreyogreen1A
                0x000000008019c9c8                ScaleVectorpolycamWoutline
                0x000000008019c9d8                VertPosfiveam
                0x000000008019c9f8                ScaleVectorfiveam
                0x000000008019ca08                MovVectorfiveam
                0x000000008019ca18                VertPosgoodjob
                0x000000008019ca38                ScaleVectorgoodjob
                0x000000008019ca48                MovVectorgoodjob
                0x000000008019ca58                VertPosgameover
                0x000000008019ca78                ScaleVectorgameover
                0x000000008019ca88                MovVectorgameover
                0x000000008019ca98                VertPoslayout
                0x000000008019cab8                ScaleVectorlayout
                0x000000008019cac8                MovVectorlayout
                0x000000008019cad8                VertPossparky
                0x000000008019caf8                ScaleVectorsparky
                0x000000008019cb08                MovVectorsparky
                0x000000008019cb18                VertPosgoldenf
                0x000000008019cb38                VertPosfoxy
                0x000000008019cb58                VertPoschica
                0x000000008019cb78                VertPosbonnie
                0x000000008019cb98                VertPosfreddy
                0x000000008019cbb8                ScaleVectorgoldenf
                0x000000008019cbc8                MovVectorgoldenf
                0x000000008019cbd8                ScaleVectorfoxy
                0x000000008019cbe8                MovVectorfoxy
                0x000000008019cbf8                ScaleVectorchica
                0x000000008019cc08                MovVectorchica
                0x000000008019cc18                ScaleVectorbonnie
                0x000000008019cc28                MovVectorbonnie
                0x000000008019cc38                ScaleVectorfreddy
                0x000000008019cc48                MovVectorfreddy
                0x000000008019cc58                VertPosfreddylightsout
                0x000000008019cc78                ScaleVectorfreddylightsout
                0x000000008019cc88                MovVectorfreddylightsout
                0x000000008019cc98                VertPosrightdoor
                0x000000008019ccb8                ScaleVectorrightdoor
                0x000000008019ccc8                MovVectorrightdoor
                0x000000008019ccd8                VertPosleftdoor
                0x000000008019ccf8                ScaleVectorleftdoor
                0x000000008019cd08                MovVectorleftdoor
                0x000000008019cd18                VertPos4
                0x000000008019cd38                VertPosofficeleft
                0x000000008019cd58                VertPosofficeright
                0x000000008019cd78                VertPosofficemiddle
                0x000000008019cd98                ScaleVector4
                0x000000008019cda8                MovVector4
                0x000000008019cdb8                ScaleVectorofficeleft
                0x000000008019cdc8                MovVectorofficeleft
                0x000000008019cdd8                ScaleVectorofficeright
                0x000000008019cde8                MovVectorofficeright
                0x000000008019cdf8                ScaleVectorofficemiddle
                0x000000008019ce08                MovVectorofficemiddle
                0x000000008019ce18                VertPoshelpwanted
                0x000000008019ce38                ScaleVectorhelpwanted
                0x000000008019ce48                MovVectorhelpwanted
                0x000000008019ce58                VertPosfoicon
                0x000000008019ce78                ScaleVectorfoicon
                0x000000008019ce88                MovVectorfoicon
                0x000000008019ce98                VertPoscicon
                0x000000008019ceb8                ScaleVectorcicon
                0x000000008019cec8                MovVectorcicon
                0x000000008019ced8                VertPosbicon
                0x000000008019cef8                ScaleVectorbicon
                0x000000008019cf08                MovVectorbicon
                0x000000008019cf18                VertPosficon
                0x000000008019cf38                ScaleVectorficon
                0x000000008019cf48                MovVectorficon
                0x000000008019cf58                VertPosicon
                0x000000008019cf78                ScaleVectoricon
                0x000000008019cf88                MovVectoricon
                0x000000008019cf98                VertPosf
                0x000000008019cfb8                ScaleVectorf
                0x000000008019cfc8                MovVectorf
                0x000000008019cfd8                VertPosstatic
                0x000000008019cff8                ScaleVectorstatic
                0x000000008019d008                MovVectorstatic
                0x000000008019d018                VertPosjump
                0x000000008019d038                ScaleVectorjump
                0x000000008019d048                MovVectorjump
                0x000000008019d058                VertPositsme
                0x000000008019d078                ScaleVectoritsme
                0x000000008019d088                MovVectoritsme
                0x000000008019d098                curcamname
 .data          0x000000008019d0a8     0x1100 C:/nolibgs_hello_worlds/psyq/lib\libetc.a(intr.o)
 .data          0x000000008019e1a8       0x30 C:/nolibgs_hello_worlds/psyq/lib\libetc.a(intr_dma.o)
 .data          0x000000008019e1d8       0x30 C:/nolibgs_hello_worlds/psyq/lib\libetc.a(intr_vb.o)
                0x000000008019e1f8                Vcount
 .data          0x000000008019e208       0x20 C:/nolibgs_hello_worlds/psyq/lib\libetc.a(vsync.o)
                0x000000008019e218                Hcount
 .data          0x000000008019e228      0xb90 C:/nolibgs_hello_worlds/psyq/lib\libgpu.a(font.o)
                0x000000008019e228                Font
 .data          0x000000008019edb8      0x1a0 C:/nolibgs_hello_worlds/psyq/lib\libgpu.a(sys.o)
                0x000000008019ee04                GPU_printf
                0x000000008019ee08                GEnv
                0x000000008019ef30                _qin
                0x000000008019ef34                _qout
 .data          0x000000008019ef58       0x10 C:/nolibgs_hello_worlds/psyq/lib\libgte.a(msc00.o)
 .data          0x000000008019ef68     0x4000 C:/nolibgs_hello_worlds/psyq/lib\libgte.a(cstbl.o)
                0x000000008019ef68                rcossin_tbl
 .data          0x00000000801a2f68       0x80 C:/nolibgs_hello_worlds/psyq/lib\libspu.a(s_ini.o)
                0x00000000801a2f70                _spu_EVdma
                0x00000000801a2f74                _spu_keystat
                0x00000000801a2f78                _spu_trans_mode
                0x00000000801a2f7c                _spu_rev_flag
                0x00000000801a2f80                _spu_rev_reserve_wa
                0x00000000801a2f84                _spu_rev_offsetaddr
                0x00000000801a2f88                _spu_rev_attr
                0x00000000801a2f9c                _spu_RQvoice
                0x00000000801a2fa0                _spu_RQmask
                0x00000000801a2fa4                _spu_voice_centerNote
                0x00000000801a2fd4                _spu_env
                0x00000000801a2fd8                _spu_isCalled
 .data          0x00000000801a2fe8       0x10 C:/nolibgs_hello_worlds/psyq/lib\libspu.a(s_m.o)
                0x00000000801a2fe8                _spu_AllocBlockNum
                0x00000000801a2fec                _spu_AllocLastNum
                0x00000000801a2ff0                _spu_memList
 .data          0x00000000801a2ff8       0x30 C:/nolibgs_hello_worlds/psyq/lib\libspu.a(s_rmp0.o)
                0x00000000801a2ff8                _spu_rev_startaddr
 .data          0x00000000801a3028       0x60 C:/nolibgs_hello_worlds/psyq/lib\libspu.a(spu.o)
                0x00000000801a3028                _spu_RXX
                0x00000000801a3040                _spu_tsa
                0x00000000801a3044                _spu_transMode
                0x00000000801a3048                _spu_addrMode
                0x00000000801a304c                _spu_mem_mode
                0x00000000801a3050                _spu_mem_mode_plus
                0x00000000801a3054                _spu_mem_mode_unit
                0x00000000801a3058                _spu_mem_mode_unitM
                0x00000000801a305c                _spu_inTransfer
                0x00000000801a3060                _spu_transferCallback
                0x00000000801a3064                _spu_IRQCallback
 .data          0x00000000801a3088      0x120 C:/nolibgs_hello_worlds/psyq/lib\libspu.a(s_n2p.o)
 .data          0x00000000801a31a8       0x40 C:/nolibgs_hello_worlds/psyq/lib\libcd.a(cdr_1.o)
 .data          0x00000000801a31e8       0x10 C:/nolibgs_hello_worlds/psyq/lib\libcd.a(event.o)
                0x00000000801a31e8                CD_cbread
                0x00000000801a31ec                CD_read_dma_mode
 .data          0x00000000801a31f8       0x10 C:/nolibgs_hello_worlds/psyq/lib\libcd.a(iso9660.o)
 .data          0x00000000801a3208       0x80 C:/nolibgs_hello_worlds/psyq/lib\libcd.a(s_016.o)
 .data          0x00000000801a3288      0x310 C:/nolibgs_hello_worlds/psyq/lib\libcd.a(bios_1.o)
                0x00000000801a3290                CD_cbsync
                0x00000000801a3294                CD_cbready
                0x00000000801a3298                CD_debug
                0x00000000801a329c                CD_status
                0x00000000801a32a0                CD_status1
                0x00000000801a32a4                CD_nopen
                0x00000000801a32a8                CD_pos
                0x00000000801a32ac                CD_mode
                0x00000000801a32ad                CD_com
                0x00000000801a32b0                DS_active
                0x00000000801a32b4                CD_comstr
                0x00000000801a3334                CD_intstr
 .data          0x00000000801a3598       0x20 C:/nolibgs_hello_worlds/psyq/lib\libcd.a(bios_2.o)
 .data          0x00000000801a35b8       0x20 C:/nolibgs_hello_worlds/psyq/lib\libcd.a(bios_3.o)
 .data          0x00000000801a35d8       0x10 C:/nolibgs_hello_worlds/psyq/lib\libapi.a(pad.o)
 .data          0x00000000801a35e8       0x10 C:/nolibgs_hello_worlds/psyq/lib\libetc.a(vmode.o)
 *(.data1)
 *(.sdata .sdata.* .gnu.linkonce.s.*)
 .sdata         0x00000000801a35f8      0x2d4 game.o
                0x00000000801a35f8                soundBank
                0x00000000801a37c8                debug
                0x00000000801a37cc                night
                0x00000000801a37d0                customcharge
                0x00000000801a37d4                charge
                0x00000000801a37d8                usage
                0x00000000801a37dc                ChargeCounter
                0x00000000801a37e0                AM
                0x00000000801a37e4                customAM
                0x00000000801a37e8                nextpri
                0x00000000801a37ec                staticframes
                0x00000000801a37f0                rgbblue
                0x00000000801a37f4                rgbgreen
                0x00000000801a37f8                rgbred
                0x00000000801a37fc                spriteframes
                0x00000000801a3800                screamerframes
                0x00000000801a3804                lastsecondsframes
                0x00000000801a3808                framedeadpossi
                0x00000000801a380c                blackoutscreamerappearancechance
                0x00000000801a3810                blackoutappearancechance
                0x00000000801a3814                glowvar
                0x00000000801a3818                musicboxappearancechance
                0x00000000801a381c                enablephoneguystr
                0x00000000801a3820                enablephoneguy
                0x00000000801a3824                musicmascottune
                0x00000000801a3828                ambiancenum
                0x00000000801a382c                ambiancechance
                0x00000000801a3830                ambiancesound
                0x00000000801a3834                tensecondframe
                0x00000000801a3838                returnbasevolume
                0x00000000801a383c                foxymusicframe
                0x00000000801a3840                curcam
                0x00000000801a3844                rightdoorgoodbye2
                0x00000000801a3848                rightdoorgoodbye
                0x00000000801a384c                leftdoorgoodbye2
                0x00000000801a3850                leftdoorgoodbye
                0x00000000801a3854                goldenfreddychancescrash
                0x00000000801a3858                goldenfreddychances
                0x00000000801a385c                foxydrainpower
                0x00000000801a3860                foxylockeduration
                0x00000000801a3864                foxywaiting
                0x00000000801a3868                foxylocationframe
                0x00000000801a386c                chicalocationframe
                0x00000000801a3870                bonnielocationframe
                0x00000000801a3874                freddycountdown
                0x00000000801a3878                freddylocationframe
                0x00000000801a387c                twoplayermodestr
                0x00000000801a3880                fastnightsstr
                0x00000000801a3884                radarstr
                0x00000000801a3888                unlimitedpowerstr
                0x00000000801a388c                convertion
                0x00000000801a3890                printnumber
                0x00000000801a3894                musicframes
                0x00000000801a3898                menuselectionmax
                0x00000000801a389c                menuselection
                0x00000000801a38a0                presetselectorstr
                0x00000000801a38a8                presetselector
                0x00000000801a38ac                foxylocationframelock
                0x00000000801a38b0                chicalocationframelock
                0x00000000801a38b4                bonnielocationframelock
                0x00000000801a38b8                freddylocationframelock
                0x00000000801a38bc                freddyfacechangedchances
                0x00000000801a38c0                defaultusage
                0x00000000801a38c4                frames
                0x00000000801a38c8                fntColor
 *(.sdata2 .sdata2.* .gnu.linkonce.s2.*)
 *(.got.plt)
 *(.got)
                0x00000000801a4000                . = ALIGN (0x800)
 *fill*         0x00000000801a38cc      0x734 
                0x00000000801a4000                __data_end = .
                0x00000000801a4000                __fdata_end = .
                0x00000000801a4000                __bss_start = .

.sbss           0x00000000801a4000    0x58fe8
 *(.dynsbss)
 *(.sbss .sbss.* .gnu.linkonce.sb.*)
 .sbss          0x00000000801a4000      0x418 game.o
                0x00000000801a4000                loc
                0x00000000801a4004                filter
                0x00000000801a4008                FrameCounter
                0x00000000801a400c                RotVectorofficegolden
                0x00000000801a4014                polyofficegolden
                0x00000000801a4018                RotVectorgolden
                0x00000000801a4020                polygolden
                0x00000000801a4024                RotVectorpolycamgreyogreen
                0x00000000801a402c                polycamgreyogreen7
                0x00000000801a4030                polycamgreyogreen6
                0x00000000801a4034                polycamgreyogreen4B
                0x00000000801a4038                polycamgreyogreen4A
                0x00000000801a403c                polycamgreyogreen2B
                0x00000000801a4040                polycamgreyogreen2A
                0x00000000801a4044                polycamgreyogreen3
                0x00000000801a4048                polycamgreyogreen5
                0x00000000801a404c                polycamgreyogreen1C
                0x00000000801a4050                polycamgreyogreen1B
                0x00000000801a4054                polycamgreyogreen1A
                0x00000000801a4058                polycamWoutline
                0x00000000801a405c                RotVectorfiveam
                0x00000000801a4064                polyfiveam
                0x00000000801a4068                RotVectorgoodjob
                0x00000000801a4070                polygoodjob
                0x00000000801a4074                RotVectorgameover
                0x00000000801a407c                polygameover
                0x00000000801a4080                RotVectorlayout
                0x00000000801a4088                polylayout
                0x00000000801a408c                RotVectorsparky
                0x00000000801a4094                polysparky
                0x00000000801a4098                RotVectorgoldenf
                0x00000000801a40a0                RotVectorfoxy
                0x00000000801a40a8                RotVectorchica
                0x00000000801a40b0                RotVectorbonnie
                0x00000000801a40b8                RotVectorfreddy
                0x00000000801a40c0                polygoldenf
                0x00000000801a40c4                polyfoxy
                0x00000000801a40c8                polychica
                0x00000000801a40cc                polybonnie
                0x00000000801a40d0                polyfreddy
                0x00000000801a40d4                RotVectorfreddylightsout
                0x00000000801a40dc                polyfreddylightsout
                0x00000000801a40e0                RotVectorrightdoor
                0x00000000801a40e8                rightdoor
                0x00000000801a40ec                RotVectorleftdoor
                0x00000000801a40f4                leftdoor
                0x00000000801a40f8                RotVector4
                0x00000000801a4100                RotVectorofficeleft
                0x00000000801a4108                RotVectorofficeright
                0x00000000801a4110                RotVectorofficemiddle
                0x00000000801a4118                poly4
                0x00000000801a411c                polyofficeleft
                0x00000000801a4120                polyofficeright
                0x00000000801a4124                polyofficemiddle
                0x00000000801a4128                RotVectorhelpwanted
                0x00000000801a4130                polyhelpwanted
                0x00000000801a4134                RotVectorfoicon
                0x00000000801a413c                polyfoicon
                0x00000000801a4140                RotVectorcicon
                0x00000000801a4148                polycicon
                0x00000000801a414c                RotVectorbicon
                0x00000000801a4154                polybicon
                0x00000000801a4158                RotVectorficon
                0x00000000801a4160                polyficon
                0x00000000801a4164                RotVectoricon
                0x00000000801a416c                polyicon
                0x00000000801a4170                RotVectorf
                0x00000000801a4178                polyf
                0x00000000801a417c                RotVectorstatic
                0x00000000801a4184                polystatic
                0x00000000801a4188                RotVectorjump
                0x00000000801a4190                polyjump
                0x00000000801a4194                RotVectoritsme
                0x00000000801a419c                polyitsme
                0x00000000801a41a0                OTz
                0x00000000801a41a4                polyflag
                0x00000000801a41a8                polydepth
                0x00000000801a41ac                rgbindicator
                0x00000000801a41b0                staticframessheet
                0x00000000801a41b4                customnextnightactivation
                0x00000000801a41b8                nextnightframes
                0x00000000801a41bc                fivetosixamframes
                0x00000000801a41c0                spritesheet
                0x00000000801a41c4                deadfrom
                0x00000000801a41c8                dead
                0x00000000801a41cc                screamersetsound
                0x00000000801a41d0                isalreadydeadlow
                0x00000000801a41d4                isalreadydead
                0x00000000801a41d8                blackoutscreamerappearanceframe
                0x00000000801a41dc                blackoutinit
                0x00000000801a41e0                blackoutappearanceframe
                0x00000000801a41e4                blackoutactivated
                0x00000000801a41e8                freddyglowing
                0x00000000801a41ec                musicboxinit
                0x00000000801a41f0                musicboxappearanceframe
                0x00000000801a41f4                musicboxactivated
                0x00000000801a41f8                lightsoutinit
                0x00000000801a41fc                islightsout
                0x00000000801a4200                phoneguytalking
                0x00000000801a4204                limiterphoneguy
                0x00000000801a4208                mascottune
                0x00000000801a420c                framenoisefootstepF
                0x00000000801a4210                noisefootstepF
                0x00000000801a4214                noisefootstepanimatronic
                0x00000000801a4218                framenoisefootstep
                0x00000000801a421c                noisefootstep
                0x00000000801a4220                returnframes
                0x00000000801a4224                foxymusic
                0x00000000801a4228                blinkicon
                0x00000000801a422c                itsmeehallcooldown
                0x00000000801a4230                itsmeehall
                0x00000000801a4234                itsmeehallcornercooldown
                0x00000000801a4238                itsmeehallcorner
                0x00000000801a423c                itsmepiratecovecooldown
                0x00000000801a4240                itsmepiratecove
                0x00000000801a4244                puppetmusic
                0x00000000801a4248                limitercameraL
                0x00000000801a424c                limitercameraR
                0x00000000801a4250                limitercameraU
                0x00000000801a4254                limitercameraD
                0x00000000801a4258                cooldowncamera
                0x00000000801a425c                camera
                0x00000000801a4260                limiterbop
                0x00000000801a4264                limiter3
                0x00000000801a4268                limiter2
                0x00000000801a426c                camlimiter
                0x00000000801a4270                lightframe
                0x00000000801a4274                light2
                0x00000000801a4278                light1
                0x00000000801a427c                jamlightframes
                0x00000000801a4280                jamlight
                0x00000000801a4284                doorclosedR
                0x00000000801a4288                doorclosedL
                0x00000000801a428c                door
                0x00000000801a4290                sparkyframes
                0x00000000801a4294                sparkylocation
                0x00000000801a4298                nolongerincam
                0x00000000801a429c                goldenfreddyactivated
                0x00000000801a42a0                goldenfreddyframes
                0x00000000801a42a4                goldenfreddylocation
                0x00000000801a42a8                surusage
                0x00000000801a42ac                cantdoorL
                0x00000000801a42b0                cantlightL
                0x00000000801a42b4                cantdoorR
                0x00000000801a42b8                cantlightR
                0x00000000801a42bc                cantdoor
                0x00000000801a42c0                cantlight
                0x00000000801a42c4                noisedoorchica
                0x00000000801a42c8                noisedoorbonnie
                0x00000000801a42cc                chicaDoorinit
                0x00000000801a42d0                bonnieDoorinit
                0x00000000801a42d4                chicaDoor
                0x00000000801a42d8                bonnieDoor
                0x00000000801a42dc                foxyknockframe
                0x00000000801a42e0                foxysknock
                0x00000000801a42e4                ranfoxy
                0x00000000801a42e8                foxylocked
                0x00000000801a42ec                foxydifficulty
                0x00000000801a42f0                foxyrunningframes
                0x00000000801a42f4                foxylocation
                0x00000000801a42f8                chicaonetimeskip
                0x00000000801a42fc                chicadifficulty
                0x00000000801a4300                chicalocation
                0x00000000801a4304                bonnieonetimeskip
                0x00000000801a4308                bonniedifficulty
                0x00000000801a430c                bonnieliljumpscarecooldown
                0x00000000801a4310                bonnieliljumpscare
                0x00000000801a4314                bonnielocation
                0x00000000801a4318                freddyliljumpscarecooldown
                0x00000000801a431c                freddyliljumpscare
                0x00000000801a4320                freddydifficulty
                0x00000000801a4324                freddycountdownactivation
                0x00000000801a4328                freddyanticipation
                0x00000000801a432c                freddylocation
                0x00000000801a4330                limiterstart
                0x00000000801a4334                limiterbuttondown
                0x00000000801a4338                limiterpadup
                0x00000000801a433c                limiterpaddown
                0x00000000801a4340                limiterpadleft
                0x00000000801a4344                limiterpadright
                0x00000000801a4348                Glitch
                0x00000000801a434c                impossiblenight
                0x00000000801a4350                hellnight
                0x00000000801a4354                weirdnight
                0x00000000801a4358                goldenfreddiedframes
                0x00000000801a435c                goldenfreddied
                0x00000000801a4360                loadingframe
                0x00000000801a4364                twoplayermodelimiter
                0x00000000801a4368                twoplayermode
                0x00000000801a436c                savemenu
                0x00000000801a4370                cheating
                0x00000000801a4374                fastnights
                0x00000000801a4378                limiterradar
                0x00000000801a437c                limiterfastnights
                0x00000000801a4380                limiterunlimitedpower
                0x00000000801a4384                unlockssubmenu
                0x00000000801a4388                radar
                0x00000000801a438c                unlimitedpower
                0x00000000801a4390                seedtitle
                0x00000000801a4394                bonniestared
                0x00000000801a4398                infoscreen
                0x00000000801a439c                extramenu
                0x00000000801a43a0                FrameCounterlimit
                0x00000000801a43a4                FrameCounterlimiterdown
                0x00000000801a43a8                FrameCounterlimiterup
                0x00000000801a43ac                activatedmenudebug
                0x00000000801a43b0                freddylightframe
                0x00000000801a43b4                limitermenuR
                0x00000000801a43b8                limitermenuL
                0x00000000801a43bc                presetselectorlimiterleft
                0x00000000801a43c0                presetselectorlimiterright
                0x00000000801a43c4                freddyfacechanged
                0x00000000801a43c8                limiterdefaultusager
                0x00000000801a43cc                limiterdefaultusagel
                0x00000000801a43d0                advancedmenu
                0x00000000801a43d4                chargemenu
                0x00000000801a43d8                AISetmenu
                0x00000000801a43dc                maincustomnightmenu
                0x00000000801a43e0                menu
                0x00000000801a43e4                menuscreeninit
                0x00000000801a43e8                pad2
                0x00000000801a43ec                pad
                0x00000000801a43f0                initstuff
                0x00000000801a43f4                controllerhere
                0x00000000801a43f8                RAN
                0x00000000801a43fc                db
                0x00000000801a4400                fntColorBG
                0x00000000801a4404                CDreadResult
                0x00000000801a4408                CDreadOK
                0x00000000801a440c                CtrlResult
                0x00000000801a4414                dataBuffer
 *(.scommon)
 *(.dynbss)
 *(.bss .bss.* .gnu.linkonce.b.*)
 .bss           0x00000000801a4418    0x50ab4 game.o
                0x00000000801a4418                XAPos
                0x00000000801a4430                spuSettings
                0x00000000801a4458                PolyMatrixofficegolden
                0x00000000801a4478                PolyMatrixgolden
                0x00000000801a4498                PolyMatrixpolycamgreyogreen7
                0x00000000801a44b8                PolyMatrixpolycamgreyogreen6
                0x00000000801a44d8                PolyMatrixpolycamgreyogreen4B
                0x00000000801a44f8                PolyMatrixpolycamgreyogreen4A
                0x00000000801a4518                PolyMatrixpolycamgreyogreen2B
                0x00000000801a4538                PolyMatrixpolycamgreyogreen2A
                0x00000000801a4558                PolyMatrixpolycamgreyogreen3
                0x00000000801a4578                PolyMatrixpolycamgreyogreen5
                0x00000000801a4598                PolyMatrixpolycamgreyogreen1C
                0x00000000801a45b8                PolyMatrixpolycamgreyogreen1B
                0x00000000801a45d8                PolyMatrixpolycamgreyogreen1A
                0x00000000801a45f8                PolyMatrixfiveam
                0x00000000801a4618                PolyMatrixgoodjob
                0x00000000801a4638                PolyMatrixgameover
                0x00000000801a4658                PolyMatrixlayout
                0x00000000801a4678                PolyMatrixsparky
                0x00000000801a4698                PolyMatrixgoldenf
                0x00000000801a46b8                PolyMatrixfoxy
                0x00000000801a46d8                PolyMatrixchica
                0x00000000801a46f8                PolyMatrixbonnie
                0x00000000801a4718                PolyMatrixfreddy
                0x00000000801a4738                PolyMatrixfreddylightsout
                0x00000000801a4758                PolyMatrixrightdoor
                0x00000000801a4778                PolyMatrixleftdoor
                0x00000000801a4798                PolyMatrix4
                0x00000000801a47b8                PolyMatrixofficeleft
                0x00000000801a47d8                PolyMatrixofficeright
                0x00000000801a47f8                PolyMatrixofficemiddle
                0x00000000801a4818                PolyMatrixhelpwanted
                0x00000000801a4838                PolyMatrixfoicon
                0x00000000801a4858                PolyMatrixcicon
                0x00000000801a4878                PolyMatrixbicon
                0x00000000801a4898                PolyMatrixficon
                0x00000000801a48b8                PolyMatrixicon
                0x00000000801a48d8                PolyMatrixf
                0x00000000801a48f8                PolyMatrixstatic
                0x00000000801a4918                PolyMatrixjump
                0x00000000801a4938                PolyMatrixitsme
                0x00000000801a4958                itsme
                0x00000000801a496c                statics
                0x00000000801a4980                jumpscare
                0x00000000801a4994                load
                0x00000000801a49a8                bonniestare
                0x00000000801a49bc                officegoldenfreddy
                0x00000000801a49d0                goldenfreddy
                0x00000000801a49e4                sixam
                0x00000000801a49f8                fiveam
                0x00000000801a4a0c                goodjob
                0x00000000801a4a20                gameover
                0x00000000801a4a34                layout
                0x00000000801a4a48                CAMERAMONITOR
                0x00000000801a4a5c                doors
                0x00000000801a4a70                officeLEFTlightbonnie
                0x00000000801a4a84                officeLEFTnolight
                0x00000000801a4a98                officeLEFTlight
                0x00000000801a4aac                officeLEFT
                0x00000000801a4ac0                officeRIGHTlightchica
                0x00000000801a4ad4                officeRIGHTnolight
                0x00000000801a4ae8                officeRIGHTlight
                0x00000000801a4afc                officeRIGHT
                0x00000000801a4b10                officeMIDDLEnolight
                0x00000000801a4b24                officeMIDDLE
                0x00000000801a4b38                freddysneak
                0x00000000801a4b4c                helpwanted
                0x00000000801a4b60                freddy4
                0x00000000801a4b74                freddy3
                0x00000000801a4b88                freddy2
                0x00000000801a4b9c                freddy
                0x00000000801a4bb0                primbuff
                0x00000000801b4bb0                ot
                0x00000000801b4bf0                theControllers
                0x00000000801b4cb0                controllers
                0x00000000801b4cf4                voiceAttributes
                0x00000000801b4d34                commonAttributes
                0x00000000801b4d5c                spu_malloc_rec
                0x00000000801b4dd4                draw
                0x00000000801b4e8c                disp
                0x00000000801b4eb4                filePos
 *fill*         0x00000000801f4ecc        0x4 
 .bss           0x00000000801f4ed0       0x14 C:/nolibgs_hello_worlds/psyq/lib\libetc.a(pad.o)
                0x00000000801f4ee0                PadIdentifier
 *fill*         0x00000000801f4ee4        0x4 
 .bss           0x00000000801f4ee8     0x4410 C:/nolibgs_hello_worlds/psyq/lib\libgpu.a(font.o)
 .bss           0x00000000801f92f8     0x1850 C:/nolibgs_hello_worlds/psyq/lib\libgpu.a(sys.o)
                0x00000000801f9348                _que
 .bss           0x00000000801fab48       0x10 C:/nolibgs_hello_worlds/psyq/lib\libgpu.a(t00.o)
 .bss           0x00000000801fab58       0x10 C:/nolibgs_hello_worlds/psyq/lib\libgte.a(patchgte.o)
 .bss           0x00000000801fab68       0x14 C:/nolibgs_hello_worlds/psyq/lib\libspu.a(spu.o)
                0x00000000801fab68                _spu_RQ
 *fill*         0x00000000801fab7c        0x4 
 .bss           0x00000000801fab80     0x2400 C:/nolibgs_hello_worlds/psyq/lib\libcd.a(iso9660.o)
 .bss           0x00000000801fcf80       0x34 C:/nolibgs_hello_worlds/psyq/lib\libcd.a(bios_1.o)
                0x00000000801fcfb0                StMode
 *fill*         0x00000000801fcfb4        0x4 
 .bss           0x00000000801fcfb8       0x10 C:/nolibgs_hello_worlds/psyq/lib\libapi.a(pad.o)
                0x00000000801fcfb8                _apiPadPatch
 .bss           0x00000000801fcfc8       0x10 C:/nolibgs_hello_worlds/psyq/lib\libapi.a(patch.o)
 .bss           0x00000000801fcfd8       0x10 C:/nolibgs_hello_worlds/psyq/lib\libapi.a(chclrpad.o)
 *(COMMON)
                0x00000000801fcfe8                . = ALIGN (0x4)
                0x00000000801fcfe8                __bss_end = .
                0x00000000801fcfe8                __heap_start = __heap_base
                0x000000008000f800                . = (ADDR (.text) - 0x800)
                0x000000008000f800                __end = .

/DISCARD/
 *(.MIPS.abiflags)

/DISCARD/
 *(.rel.iplt)
 *(.rela.iplt)
 *(.rel.plt)
 *(.rela.plt)
 *(.plt)
 *(.iplt)

/DISCARD/
 *(.note.GNU-stack)
 *(.gnu_debuglink)
 *(.gnu.lto_*)
OUTPUT(game.elf elf32-littlemips)

.reginfo        0x0000000000000000       0x18
 .reginfo       0x0000000000000000       0x18 game.o

.mdebug.abi32   0x0000000000000000        0x0
 .mdebug.abi32  0x0000000000000000        0x0 game.o

.comment        0x0000000000000000       0x12
 .comment       0x0000000000000000       0x12 game.o
                                         0x13 (size before relaxing)

.gnu.attributes
                0x0000000000000000       0x10
 .gnu.attributes
                0x0000000000000000       0x10 game.o
 .gnu.attributes
                0x0000000000000010       0x10 C:/nolibgs_hello_worlds/thirdparty/nugget/common/crt0/crt0.o

.pdr            0x0000000000000000        0x0
 .pdr           0x0000000000000000        0x0 C:/nolibgs_hello_worlds/thirdparty/nugget/common/crt0/crt0.o

.note           0x0000000000000000     0x307c
 .note          0x0000000000000000       0x74 C:/nolibgs_hello_worlds/psyq/lib\libapi.a(c57.o)
 .note          0x0000000000000074       0x74 C:/nolibgs_hello_worlds/psyq/lib\libc.a(c47.o)
 .note          0x00000000000000e8       0x74 C:/nolibgs_hello_worlds/psyq/lib\libc.a(c48.o)
 .note          0x000000000000015c       0x74 C:/nolibgs_hello_worlds/psyq/lib\libc.a(c51.o)
 .note          0x00000000000001d0       0x74 C:/nolibgs_hello_worlds/psyq/lib\libc.a(c52.o)
 .note          0x0000000000000244       0x74 C:/nolibgs_hello_worlds/psyq/lib\libetc.a(intr.o)
 .note          0x00000000000002b8       0x74 C:/nolibgs_hello_worlds/psyq/lib\libetc.a(intr_dma.o)
 .note          0x000000000000032c       0x74 C:/nolibgs_hello_worlds/psyq/lib\libetc.a(intr_vb.o)
 .note          0x00000000000003a0       0x74 C:/nolibgs_hello_worlds/psyq/lib\libetc.a(pad.o)
 .note          0x0000000000000414       0x74 C:/nolibgs_hello_worlds/psyq/lib\libetc.a(vsync.o)
 .note          0x0000000000000488       0x74 C:/nolibgs_hello_worlds/psyq/lib\libgpu.a(e03.o)
 .note          0x00000000000004fc       0x74 C:/nolibgs_hello_worlds/psyq/lib\libgpu.a(e04.o)
 .note          0x0000000000000570       0x74 C:/nolibgs_hello_worlds/psyq/lib\libgpu.a(font.o)
 .note          0x00000000000005e4       0x74 C:/nolibgs_hello_worlds/psyq/lib\libgpu.a(p06.o)
 .note          0x0000000000000658       0x74 C:/nolibgs_hello_worlds/psyq/lib\libgpu.a(p09.o)
 .note          0x00000000000006cc       0x74 C:/nolibgs_hello_worlds/psyq/lib\libgpu.a(p10.o)
 .note          0x0000000000000740       0x74 C:/nolibgs_hello_worlds/psyq/lib\libgpu.a(p20.o)
 .note          0x00000000000007b4       0x74 C:/nolibgs_hello_worlds/psyq/lib\libgpu.a(p26.o)
 .note          0x0000000000000828       0x74 C:/nolibgs_hello_worlds/psyq/lib\libgpu.a(p41.o)
 .note          0x000000000000089c       0x74 C:/nolibgs_hello_worlds/psyq/lib\libgpu.a(sys.o)
 .note          0x0000000000000910       0x74 C:/nolibgs_hello_worlds/psyq/lib\libgpu.a(t00.o)
 .note          0x0000000000000984       0x74 C:/nolibgs_hello_worlds/psyq/lib\libgpu.a(e00.o)
 .note          0x00000000000009f8       0x74 C:/nolibgs_hello_worlds/psyq/lib\libgpu.a(e02.o)
 .note          0x0000000000000a6c       0x74 C:/nolibgs_hello_worlds/psyq/lib\libgpu.a(p00.o)
 .note          0x0000000000000ae0       0x74 C:/nolibgs_hello_worlds/psyq/lib\libgpu.a(p01.o)
 .note          0x0000000000000b54       0x74 C:/nolibgs_hello_worlds/psyq/lib\libgte.a(cmb_00.o)
 .note          0x0000000000000bc8       0x74 C:/nolibgs_hello_worlds/psyq/lib\libgte.a(fgo_01.o)
 .note          0x0000000000000c3c       0x74 C:/nolibgs_hello_worlds/psyq/lib\libgte.a(msc00.o)
 .note          0x0000000000000cb0       0x74 C:/nolibgs_hello_worlds/psyq/lib\libgte.a(mtx_07.o)
 .note          0x0000000000000d24       0x74 C:/nolibgs_hello_worlds/psyq/lib\libgte.a(mtx_08.o)
 .note          0x0000000000000d98       0x74 C:/nolibgs_hello_worlds/psyq/lib\libgte.a(mtx_09.o)
 .note          0x0000000000000e0c       0x74 C:/nolibgs_hello_worlds/psyq/lib\libgte.a(mtx_12.o)
 .note          0x0000000000000e80       0x74 C:/nolibgs_hello_worlds/psyq/lib\libgte.a(patchgte.o)
 .note          0x0000000000000ef4       0x74 C:/nolibgs_hello_worlds/psyq/lib\libgte.a(reg12.o)
 .note          0x0000000000000f68       0x74 C:/nolibgs_hello_worlds/psyq/lib\libgte.a(reg13.o)
 .note          0x0000000000000fdc       0x74 C:/nolibgs_hello_worlds/psyq/lib\libgte.a(cstbl.o)
 .note          0x0000000000001050       0x74 C:/nolibgs_hello_worlds/psyq/lib\libspu.a(s_i.o)
 .note          0x00000000000010c4       0x74 C:/nolibgs_hello_worlds/psyq/lib\libspu.a(s_ini.o)
 .note          0x0000000000001138       0x74 C:/nolibgs_hello_worlds/psyq/lib\libspu.a(s_itc.o)
 .note          0x00000000000011ac       0x74 C:/nolibgs_hello_worlds/psyq/lib\libspu.a(s_m.o)
 .note          0x0000000000001220       0x74 C:/nolibgs_hello_worlds/psyq/lib\libspu.a(s_m_init.o)
 .note          0x0000000000001294       0x74 C:/nolibgs_hello_worlds/psyq/lib\libspu.a(s_m_m.o)
 .note          0x0000000000001308       0x74 C:/nolibgs_hello_worlds/psyq/lib\libspu.a(s_rmp0.o)
 .note          0x000000000000137c       0x74 C:/nolibgs_hello_worlds/psyq/lib\libspu.a(s_sca.o)
 .note          0x00000000000013f0       0x74 C:/nolibgs_hello_worlds/psyq/lib\libspu.a(s_si.o)
 .note          0x0000000000001464       0x74 C:/nolibgs_hello_worlds/psyq/lib\libspu.a(s_sk.o)
 .note          0x00000000000014d8       0x74 C:/nolibgs_hello_worlds/psyq/lib\libspu.a(s_stm.o)
 .note          0x000000000000154c       0x74 C:/nolibgs_hello_worlds/psyq/lib\libspu.a(s_stsa.o)
 .note          0x00000000000015c0       0x74 C:/nolibgs_hello_worlds/psyq/lib\libspu.a(s_sva.o)
 .note          0x0000000000001634       0x74 C:/nolibgs_hello_worlds/psyq/lib\libspu.a(s_svv.o)
 .note          0x00000000000016a8       0x74 C:/nolibgs_hello_worlds/psyq/lib\libspu.a(s_w.o)
 .note          0x000000000000171c       0x74 C:/nolibgs_hello_worlds/psyq/lib\libspu.a(spu.o)
 .note          0x0000000000001790       0x74 C:/nolibgs_hello_worlds/psyq/lib\libspu.a(s_dcb.o)
 .note          0x0000000000001804       0x74 C:/nolibgs_hello_worlds/psyq/lib\libspu.a(s_m_int.o)
 .note          0x0000000000001878       0x74 C:/nolibgs_hello_worlds/psyq/lib\libspu.a(s_n2p.o)
 .note          0x00000000000018ec       0x74 C:/nolibgs_hello_worlds/psyq/lib\libcd.a(cdr_1.o)
 .note          0x0000000000001960       0x74 C:/nolibgs_hello_worlds/psyq/lib\libcd.a(event.o)
 .note          0x00000000000019d4       0x74 C:/nolibgs_hello_worlds/psyq/lib\libcd.a(iso9660.o)
 .note          0x0000000000001a48       0x74 C:/nolibgs_hello_worlds/psyq/lib\libcd.a(s_002.o)
 .note          0x0000000000001abc       0x74 C:/nolibgs_hello_worlds/psyq/lib\libcd.a(s_003.o)
 .note          0x0000000000001b30       0x74 C:/nolibgs_hello_worlds/psyq/lib\libcd.a(s_004.o)
 .note          0x0000000000001ba4       0x74 C:/nolibgs_hello_worlds/psyq/lib\libcd.a(s_006.o)
 .note          0x0000000000001c18       0x74 C:/nolibgs_hello_worlds/psyq/lib\libcd.a(s_008.o)
 .note          0x0000000000001c8c       0x74 C:/nolibgs_hello_worlds/psyq/lib\libcd.a(s_013.o)
 .note          0x0000000000001d00       0x74 C:/nolibgs_hello_worlds/psyq/lib\libcd.a(s_014.o)
 .note          0x0000000000001d74       0x74 C:/nolibgs_hello_worlds/psyq/lib\libcd.a(s_015.o)
 .note          0x0000000000001de8       0x74 C:/nolibgs_hello_worlds/psyq/lib\libcd.a(s_016.o)
 .note          0x0000000000001e5c       0x74 C:/nolibgs_hello_worlds/psyq/lib\libcd.a(s_021.o)
 .note          0x0000000000001ed0       0x74 C:/nolibgs_hello_worlds/psyq/lib\libcd.a(s_022.o)
 .note          0x0000000000001f44       0x74 C:/nolibgs_hello_worlds/psyq/lib\libcd.a(s_023.o)
 .note          0x0000000000001fb8       0x74 C:/nolibgs_hello_worlds/psyq/lib\libcd.a(s_024.o)
 .note          0x000000000000202c       0x74 C:/nolibgs_hello_worlds/psyq/lib\libcd.a(sys.o)
 .note          0x00000000000020a0       0x74 C:/nolibgs_hello_worlds/psyq/lib\libcd.a(bios_1.o)
 .note          0x0000000000002114       0x74 C:/nolibgs_hello_worlds/psyq/lib\libcd.a(bios_2.o)
 .note          0x0000000000002188       0x74 C:/nolibgs_hello_worlds/psyq/lib\libcd.a(bios_3.o)
 .note          0x00000000000021fc       0x74 C:/nolibgs_hello_worlds/psyq/lib\libapi.a(a07.o)
 .note          0x0000000000002270       0x74 C:/nolibgs_hello_worlds/psyq/lib\libapi.a(a08.o)
 .note          0x00000000000022e4       0x74 C:/nolibgs_hello_worlds/psyq/lib\libapi.a(a11.o)
 .note          0x0000000000002358       0x74 C:/nolibgs_hello_worlds/psyq/lib\libapi.a(a12.o)
 .note          0x00000000000023cc       0x74 C:/nolibgs_hello_worlds/psyq/lib\libapi.a(a22.o)
 .note          0x0000000000002440       0x74 C:/nolibgs_hello_worlds/psyq/lib\libapi.a(a23.o)